05-19 10:30:05.662   358   496 W Telecom : : No account found for the calling user
05-19 10:30:16.513   358   970 W art     : Long monitor contention event with owner method=android.content.pm.PackageInfo com.android.server.pm.PackageManagerService.getPackageInfo(java.lang.String, int, int) from PackageManagerService.java:2687 waiters=3 for 1.326s
05-19 10:30:16.586   358   485 D WifiService: New client listening to asynchronous messages
05-19 10:30:16.659   861   861 D TelephonyProvider: subIdString = -2 subId = -2
05-19 10:30:19.933  1097  1097 D AndroidRuntime: >>>>>> START com.android.internal.os.RuntimeInit uid 0 <<<<<<
05-19 10:30:21.503   358   532 I AccountManagerService: getTypesVisibleToCaller: isPermitted? true
05-19 10:30:21.848   861   884 I art     : Background sticky concurrent mark sweep GC freed 6029(704KB) AllocSpace objects, 1(20KB) LOS objects, 38% free, 1429KB/2MB, paused 1.981ms total 474.189ms
05-19 10:30:21.853   861   861 I Telephony: PstnIncomingCallNotifier: Unregistering: Handler (com.android.internal.telephony.gsm.GSMPhone) {9556310}
05-19 10:30:21.891  1034  1034 E BluetoothAdapter: Bluetooth binder is null
05-19 10:30:21.970   358   976 D ConnectivityService: listenForNetwork for Listen from uid/pid:10013/1034 for NetworkRequest [ id=4, legacyType=-1, [] ]
05-19 10:30:22.081   861   861 I Telephony: AccountEntry: updateVideoPauseSupport -- mcc/mnc for sub: {id=1, iccId=89014103211118510720 simSlotIndex=0 displayName=Android carrierName= nameSource=0 iconTint=-16746133 dataRoaming=0 iconBitmap=android.graphics.Bitmap@9f451eb mcc 310 mnc 260}
05-19 10:30:22.146   358  1005 I Telecom : PhoneAccountRegistrar: New phone account registered: [[ ] PhoneAccount: ComponentInfo{com.android.phone/com.android.services.telephony.TelephonyConnectionService}, [e2f7d48dd2b5ca523e7313cf4ba0f6ea830b6281], UserHandle{0} Capabilities: 54 Schemes: tel voicemail ]
05-19 10:30:22.251  1018  1018 I Choreographer: Skipped 768 frames!  The application may be doing too much work on its main thread.
05-19 10:30:22.274  1034  1034 I CameraManagerGlobal: Connecting to camera service
05-19 10:30:22.325   358  1005 I Telecom : : Sending phone-account intent as user
05-19 10:30:22.358   861   861 I Telephony: AccountEntry: Registered phoneAccount: [[ ] PhoneAccount: ComponentInfo{com.android.phone/com.android.services.telephony.TelephonyConnectionService}, [e2f7d48dd2b5ca523e7313cf4ba0f6ea830b6281], UserHandle{0} Capabilities: 54 Schemes: tel voicemail ] with handle: ComponentInfo{com.android.phone/com.android.services.telephony.TelephonyConnectionService}, [e2f7d48dd2b5ca523e7313cf4ba0f6ea830b6281], UserHandle{0}
05-19 10:30:22.359   861   861 I Telephony: PstnIncomingCallNotifier: Registering: Handler (com.android.internal.telephony.gsm.GSMPhone) {9556310}
05-19 10:30:22.390    70   497 V EmulatedCamera_Camera: getCameraInfo
05-19 10:30:22.390    70   497 V EmulatedCamera_BaseCamera: getCameraInfo
05-19 10:30:22.390    70   497 I CameraService: getCameraCharacteristics: Switching to HAL1 shim implementation...
05-19 10:30:27.262  1097  1097 I Input   : injectKeyEvent: KeyEvent { action=ACTION_DOWN, keyCode=KEYCODE_MENU, scanCode=0, metaState=0, flags=0x0, repeatCount=0, eventTime=357849, downTime=357849, deviceId=-1, source=0x101 }
05-19 10:30:27.452  1097  1097 I Input   : injectKeyEvent: KeyEvent { action=ACTION_UP, keyCode=KEYCODE_MENU, scanCode=0, metaState=0, flags=0x0, repeatCount=0, eventTime=357849, downTime=357849, deviceId=-1, source=0x101 }
05-19 10:30:27.494  1097  1097 D AndroidRuntime: Shutting down VM
05-19 10:30:28.367   861   861 I Telephony: PstnIncomingCallNotifier: Unregistering: Handler (com.android.internal.telephony.gsm.GSMPhone) {9556310}
05-19 10:30:28.586   861   861 I Telephony: AccountEntry: updateVideoPauseSupport -- mcc/mnc for sub: {id=1, iccId=89014103211118510720 simSlotIndex=0 displayName=Android carrierName=Android nameSource=0 iconTint=-16746133 dataRoaming=0 iconBitmap=android.graphics.Bitmap@3898224 mcc 310 mnc 260}
05-19 10:30:28.639   358   612 I Telecom : PhoneAccountRegistrar: [ComponentInfo{com.android.phone/com.android.services.telephony.TelephonyConnectionService}, [e2f7d48dd2b5ca523e7313cf4ba0f6ea830b6281], UserHandle{0}(icon: Icon(typ=BITMAP size=29x36) -> Icon(typ=BITMAP size=29x36))]
05-19 10:30:28.898   861   884 I art     : Background sticky concurrent mark sweep GC freed 4936(819KB) AllocSpace objects, 1(20KB) LOS objects, 42% free, 1341KB/2MB, paused 4.247ms total 240.418ms
05-19 10:30:32.215   358  1004 I Telecom : PhoneAccountRegistrar: [ComponentInfo{com.android.phone/com.android.services.telephony.TelephonyConnectionService}, [e2f7d48dd2b5ca523e7313cf4ba0f6ea830b6281], UserHandle{0}(icon: Icon(typ=BITMAP size=29x36) -> Icon(typ=BITMAP size=29x36))]
05-19 10:30:32.445   358  1004 I Telecom : : Sending phone-account intent as user
05-19 10:30:32.482  1116  1116 D ICU     : No timezone override file found: /data/misc/zoneinfo/current/icu/icu_tzdata.dat
05-19 10:30:33.457   358   976 I Telecom : : Sending phone-account intent as user
05-19 10:30:33.739   358   532 I Telecom : PhoneAccountRegistrar: [ComponentInfo{com.android.phone/com.android.services.telephony.TelephonyConnectionService}, [e2f7d48dd2b5ca523e7313cf4ba0f6ea830b6281], UserHandle{0}(icon: Icon(typ=BITMAP size=29x36) -> Icon(typ=BITMAP size=29x36))]
05-19 10:30:33.881  1018  1029 W art     : Suspending all threads took: 29.009ms
05-19 10:30:33.995   358   532 I Telecom : : Sending phone-account intent as user
05-19 10:30:34.099  1018  1029 I art     : Background partial concurrent mark sweep GC freed 7213(548KB) AllocSpace objects, 16(396KB) LOS objects, 39% free, 3MB/6MB, paused 33.383ms total 870.867ms
05-19 10:30:34.139   861   884 I art     : Background sticky concurrent mark sweep GC freed 3956(777KB) AllocSpace objects, 0(0B) LOS objects, 36% free, 1489KB/2MB, paused 56.792ms total 485.990ms
05-19 10:30:34.165   861   861 D TelephonyProvider: subIdString = 1 subId = 1
05-19 10:30:34.410   358   368 I art     : Background partial concurrent mark sweep GC freed 12306(2013KB) AllocSpace objects, 14(456KB) LOS objects, 33% free, 5MB/7MB, paused 52.730ms total 1.098s
05-19 10:30:40.973   358  1157 D NetworkMonitor/NetworkAgentInfo [MOBILE (UMTS) - 100]: isCaptivePortal: ret=204 headers={null=[HTTP/1.1 204 No Content], Content-Length=[0], Date=[Thu, 19 May 2016 10:30:41 GMT], X-Android-Received-Millis=[1463653840775], X-Android-Response-Source=[NETWORK 204], X-Android-Selected-Protocol=[http/1.1], X-Android-Sent-Millis=[1463653840562]}
05-19 10:30:41.191  1116  1116 D AndroidRuntime: Shutting down VM
05-19 10:30:41.361    66   397 V IdletimerController: runCmd(/system/bin/ip6tables -w -t raw -A idletimer_raw_PREROUTING -i eth0 -j IDLETIMER --timeout 5 --label 0 --send_nl_msg 1) res_ipv4=0, res_ipv6=0
05-19 10:30:42.607  1034  1034 D gralloc_goldfish: Emulator without GPU emulation detected.
05-19 10:30:42.620    66   397 V IdletimerController: runCmd(/system/bin/ip6tables -w -t mangle -A idletimer_mangle_POSTROUTING -o eth0 -j IDLETIMER --timeout 5 --label 0 --send_nl_msg 1) res_ipv4=0, res_ipv6=0
05-19 10:30:42.630   358   486 E NetdConnector: NDC Command {22 idletimer add eth0 5 0} took too long (4163ms)
05-19 10:30:42.703   358   486 D ConnectivityService: Setting tx/rx TCP buffers to 58254,349525,1048576,58254,349525,1048576
05-19 10:30:42.973  1034  1129 D ConnectivityManager.CallbackHandler: CM callback handler got msg 524290
05-19 10:30:42.976   358   486 D CSLegacyTypeTracker: Sending CONNECTED broadcast for type 0 NetworkAgentInfo [MOBILE (UMTS) - 100] isDefaultNetwork=true
05-19 10:30:42.993   358   486 D ConnectivityService: sendStickyBroadcast: action=android.net.conn.CONNECTIVITY_CHANGE
05-19 10:30:46.144  1034  1129 D ConnectivityManager.CallbackHandler: CM callback handler got msg 524289
05-19 10:30:46.147  1034  1129 D ConnectivityManager.CallbackHandler: CM callback handler got msg 524294
05-19 10:30:46.457   358   486 D ConnectivityService: handlePromptUnvalidated 100
05-19 10:30:46.732  1034  1034 D PhoneStatusBar: disable: < EXPAND ICONS alerts SYSTEM_INFO BACK HOME RECENT clock SEARCH quick_settings >
05-19 10:30:47.164  1018  1029 I art     : Background sticky concurrent mark sweep GC freed 9327(754KB) AllocSpace objects, 26(636KB) LOS objects, 26% free, 4MB/6MB, paused 49.096ms total 679.404ms
05-19 10:30:47.320   358   612 W ProcessCpuTracker: Skipping unknown process pid 1177
05-19 10:30:47.371   358   377 W ActivityManager: Activity pause timeout for ActivityRecord{ba25b4e u0 com.android.launcher3/.Launcher t3}
05-19 10:30:47.395   358   378 W art     : Long monitor contention event with owner method=void com.android.server.am.ActivityManagerService.setLockScreenShown(boolean) from ActivityManagerService.java:10427 waiters=0 for 452ms
05-19 10:30:47.421   358   611 W art     : Long monitor contention event with owner method=void com.android.server.am.ActivityManagerService.setLockScreenShown(boolean) from ActivityManagerService.java:10427 waiters=1 for 486ms
05-19 10:30:47.808   358   611 V KeyguardServiceDelegate: **** SHOWN CALLED ****
05-19 10:30:48.507  1034  1034 I Choreographer: Skipped 7083 frames!  The application may be doing too much work on its main thread.
05-19 10:30:48.792  1034  1034 D ViewRootImpl: changeCanvasOpacity: opaque=true
05-19 10:30:51.343   358   485 D WifiService: New client listening to asynchronous messages
05-19 10:30:52.910  1034  1048 W art     : Suspending all threads took: 1.175s
05-19 10:30:53.079  1034  1048 I art     : Background sticky concurrent mark sweep GC freed 14769(893KB) AllocSpace objects, 1(2MB) LOS objects, 0% free, 5MB/5MB, paused 1.245s total 2.959s
05-19 10:30:53.570  1034  1048 I art     : Background partial concurrent mark sweep GC freed 6488(339KB) AllocSpace objects, 1(2MB) LOS objects, 40% free, 2MB/4MB, paused 25.554ms total 484.151ms
05-19 10:30:53.906   358   482 E NetdConnector: NDC Command {24 bandwidth setiquota eth0 9223372036854775807} took too long (10007ms)
05-19 10:30:55.821  1034  1034 W art     : Long monitor contention event with owner method=java.lang.CharSequence android.content.res.AssetManager.getResourceText(int) from AssetManager.java:149 waiters=0 for 2.041s
05-19 10:30:56.608   358   371 I ActivityManager: Start proc 1200:com.android.settings/1000 for broadcast com.android.settings/.sim.SimSelectNotification
05-19 10:30:56.714  1200  1200 I art     : Late-enabling JIT
05-19 10:30:57.107  1200  1200 I art     : JIT created with code_cache_capacity=2MB compile_threshold=1000
05-19 10:30:57.466   358   482 E NetdConnector: NDC Command {25 bandwidth removeiquota eth0} took too long (3483ms)
05-19 10:30:58.115  1034  1034 W art     : Long monitor contention event with owner method=java.lang.CharSequence android.content.res.AssetManager.getResourceText(int) from AssetManager.java:149 waiters=0 for 2.273s
05-19 10:30:58.739  1034  1132 W art     : Long monitor contention event with owner method=java.lang.CharSequence android.content.res.AssetManager.getResourceText(int) from AssetManager.java:149 waiters=1 for 2.478s
05-19 10:31:01.019  1034  1048 I art     : Background sticky concurrent mark sweep GC freed 10025(497KB) AllocSpace objects, 0(0B) LOS objects, 0% free, 5MB/5MB, paused 4.691ms total 265.792ms
05-19 10:31:01.774  1034  1034 D PhoneStatusBar: disable: < EXPAND ICONS alerts SYSTEM_INFO BACK HOME RECENT clock SEARCH quick_settings >
05-19 10:31:01.794  1034  1034 W KeyguardUpdateMonitor: invalid subId in handleSimStateChange()
05-19 10:31:01.931  1170  1170 D AndroidRuntime: >>>>>> START com.android.internal.os.RuntimeInit uid 0 <<<<<<
05-19 10:31:02.118  1034  1048 I art     : Background partial concurrent mark sweep GC freed 2111(119KB) AllocSpace objects, 0(0B) LOS objects, 39% free, 5MB/9MB, paused 30.373ms total 852.047ms
05-19 10:31:02.147  1034  1034 W KeyguardUpdateMonitor: invalid subId in handleSimStateChange()
05-19 10:31:02.151  1170  1170 D AndroidRuntime: CheckJNI is ON
05-19 10:31:03.432  1170  1170 I art     : JIT created with code_cache_capacity=2MB compile_threshold=1000
05-19 10:31:03.536  1170  1170 D ICU     : No timezone override file found: /data/misc/zoneinfo/current/icu/icu_tzdata.dat
05-19 10:31:03.771   358   482 E NetdConnector: NDC Command {26 bandwidth setiquota eth0 9223372036854775807} took too long (6304ms)
05-19 10:31:03.799   358   378 W art     : Long monitor contention event with owner method=void java.lang.Object.wait!(long, int) from Object.java:4294967294 waiters=0 for 16.350s
05-19 10:31:03.988   861   885 W art     : Long monitor contention event with owner method=boolean android.os.BinderProxy.transactNative(int, android.os.Parcel, android.os.Parcel, int) from Binder.java:4294967294 waiters=0 for 1.129s
05-19 10:31:04.010  1170  1170 E memtrack: Couldn't load memtrack module (No such file or directory)
05-19 10:31:04.010  1170  1170 E android.os.Debug: failed to load memtrack module: -2
05-19 10:31:04.084  1170  1170 I Radio-JNI: register_android_hardware_Radio DONE
05-19 10:31:04.088  1034  1034 I Choreographer: Skipped 4044 frames!  The application may be doing too much work on its main thread.
05-19 10:31:04.832  1170  1170 D AndroidRuntime: Calling main entry com.android.commands.pm.Pm
05-19 10:31:04.952  1170  1170 I art     : System.exit called, status: 0
05-19 10:31:04.952  1170  1170 I AndroidRuntime: VM exiting with result code 0.
05-19 10:31:04.988  1034  1034 D PhoneStatusBar: disable: < expand* ICONS alerts SYSTEM_INFO back* HOME RECENT clock SEARCH quick_settings >
05-19 10:31:04.989  1034  1034 I Choreographer: Skipped 233 frames!  The application may be doing too much work on its main thread.
05-19 10:31:05.411  1034  1034 I Choreographer: Skipped 108 frames!  The application may be doing too much work on its main thread.
05-19 10:31:06.221  1018  1018 I Choreographer: Skipped 189 frames!  The application may be doing too much work on its main thread.
05-19 10:31:07.551  1200  1200 W System  : ClassLoader referenced unknown path: /system/priv-app/Settings/lib/arm
05-19 10:31:09.340   358   976 W art     : Long monitor contention event with owner method=void com.android.server.am.ActivityManagerService$2.handleMessage(android.os.Message) from ActivityManagerService.java:2117 waiters=0 for 446ms
05-19 10:31:09.729  1242  1242 D AndroidRuntime: >>>>>> START com.android.internal.os.RuntimeInit uid 0 <<<<<<
05-19 10:31:09.770  1242  1242 D AndroidRuntime: CheckJNI is ON
05-19 10:31:10.203  1242  1242 I art     : JIT created with code_cache_capacity=2MB compile_threshold=1000
05-19 10:31:10.247  1242  1242 D ICU     : No timezone override file found: /data/misc/zoneinfo/current/icu/icu_tzdata.dat
05-19 10:31:10.514  1242  1242 E memtrack: Couldn't load memtrack module (No such file or directory)
05-19 10:31:10.514  1242  1242 E android.os.Debug: failed to load memtrack module: -2
05-19 10:31:10.592  1242  1242 I Radio-JNI: register_android_hardware_Radio DONE
05-19 10:31:10.608   358   611 I ActivityManager: Start proc 1251:com.android.calendar/u0a19 for broadcast com.android.calendar/.widget.CalendarAppWidgetService$CalendarFactory
05-19 10:31:10.687  1251  1251 I art     : Late-enabling JIT
05-19 10:31:10.805  1251  1251 I art     : JIT created with code_cache_capacity=2MB compile_threshold=1000
05-19 10:31:11.072  1242  1242 D AndroidRuntime: Calling main entry com.android.commands.pm.Pm
05-19 10:31:11.162    71    71 I installd: free_cache(2542429) avail 480460800
05-19 10:31:13.414  1242  1242 I art     : System.exit called, status: 0
05-19 10:31:13.414  1242  1242 I AndroidRuntime: VM exiting with result code 0.
05-19 10:31:14.019  1034  1034 W art     : Long monitor contention event with owner method=java.lang.CharSequence android.content.res.AssetManager.getResourceText(int) from AssetManager.java:149 waiters=0 for 3.945s
05-19 10:31:14.020  1034  1034 I Choreographer: Skipped 1027 frames!  The application may be doing too much work on its main thread.
05-19 10:31:14.321  1251  1251 W System  : ClassLoader referenced unknown path: /system/app/Calendar/lib/arm
05-19 10:31:18.784  1269  1269 D AndroidRuntime: >>>>>> START com.android.internal.os.RuntimeInit uid 0 <<<<<<
05-19 10:31:18.843  1269  1269 D AndroidRuntime: CheckJNI is ON
05-19 10:31:19.447  1269  1269 I art     : JIT created with code_cache_capacity=2MB compile_threshold=1000
05-19 10:31:19.541  1269  1269 D ICU     : No timezone override file found: /data/misc/zoneinfo/current/icu/icu_tzdata.dat
05-19 10:31:19.978  1269  1269 E memtrack: Couldn't load memtrack module (No such file or directory)
05-19 10:31:19.979  1269  1269 E android.os.Debug: failed to load memtrack module: -2
05-19 10:31:20.007  1269  1269 I Radio-JNI: register_android_hardware_Radio DONE
05-19 10:31:20.348  1269  1269 D AndroidRuntime: Calling main entry com.android.commands.pm.Pm
05-19 10:31:20.802   358   368 I art     : Background sticky concurrent mark sweep GC freed 12629(1254KB) AllocSpace objects, 12(304KB) LOS objects, 27% free, 5MB/7MB, paused 8.314ms total 214.170ms
05-19 10:31:21.834  1251  1251 D ExtensionsFactory: No custom extensions.
05-19 10:31:23.686   358   398 I ActivityManager: Start proc 1284:com.android.defcontainer/u0a3 for service com.android.defcontainer/.DefaultContainerService
05-19 10:31:23.703  1284  1284 I art     : Late-enabling JIT
05-19 10:31:23.833  1284  1284 I art     : JIT created with code_cache_capacity=2MB compile_threshold=1000
05-19 10:31:24.138   358  1003 I ActivityManager: Start proc 1299:com.android.deskclock/u0a23 for broadcast com.android.deskclock/.AlarmInitReceiver
05-19 10:31:24.207  1299  1299 I art     : Late-enabling JIT
05-19 10:31:24.393  1299  1299 I art     : JIT created with code_cache_capacity=2MB compile_threshold=1000
05-19 10:31:24.870   358   370 I ActivityManager: Start proc 1314:com.android.providers.calendar/u0a1 for content provider com.android.providers.calendar/.CalendarProvider2
05-19 10:31:24.894  1314  1314 I art     : Late-enabling JIT
05-19 10:31:24.992  1314  1314 I art     : JIT created with code_cache_capacity=2MB compile_threshold=1000
05-19 10:31:25.443  1299  1299 W System  : ClassLoader referenced unknown path: /system/app/DeskClock/lib/arm
05-19 10:31:25.673  1299  1299 V AlarmClock: AlarmInitReceiver android.intent.action.TIMEZONE_CHANGED
05-19 10:31:25.692  1314  1314 W System  : ClassLoader referenced unknown path: /system/priv-app/CalendarProvider/lib/arm
05-19 10:31:26.029   358   368 I art     : Background partial concurrent mark sweep GC freed 35199(1887KB) AllocSpace objects, 7(420KB) LOS objects, 33% free, 5MB/7MB, paused 4.678ms total 130.199ms
05-19 10:31:26.281  1314  1314 I CalendarDatabaseHelper: Bootstrapping database
05-19 10:31:26.291  1299  1329 I AlarmClock: Alarms Table created
05-19 10:31:26.296  1299  1329 I AlarmClock: Instance table created
05-19 10:31:26.304  1299  1329 I AlarmClock: Cities table created
05-19 10:31:26.304  1299  1329 I AlarmClock: Inserting default alarms
05-19 10:31:26.461  1299  1329 V AlarmClock: AlarmInitReceiver finished
05-19 10:31:26.537  1299  1299 V AlarmClock: AlarmInitReceiver android.intent.action.TIME_SET
05-19 10:31:26.728  1299  1329 V AlarmClock: AlarmInitReceiver finished
05-19 10:31:26.800  1314  1314 I CalendarProvider2: Created com.android.providers.calendar.CalendarAlarmManager@edeff95(com.android.providers.calendar.CalendarProvider2@91068aa)
05-19 10:31:26.833   358   496 I AccountManagerService: getTypesVisibleToCaller: isPermitted? true
05-19 10:31:26.905   358   358 I AccountManagerService: getTypesVisibleToCaller: isPermitted? true
05-19 10:31:27.014   358   398 W PackageParser: Unknown element under <manifest>: meta-data at /data/app/vmdl46293057.tmp/base.apk Binary XML file line #12
05-19 10:31:27.015   358   398 W PackageParser: Unknown element under <manifest>: meta-data at /data/app/vmdl46293057.tmp/base.apk Binary XML file line #15
05-19 10:31:28.919   358   368 I art     : Background sticky concurrent mark sweep GC freed 18971(1056KB) AllocSpace objects, 13(552KB) LOS objects, 22% free, 5MB/7MB, paused 5.152ms total 80.815ms
05-19 10:31:29.669   358   368 I art     : Background sticky concurrent mark sweep GC freed 13868(764KB) AllocSpace objects, 8(304KB) LOS objects, 14% free, 6MB/7MB, paused 4.372ms total 122.085ms
05-19 10:31:29.842   358   398 I PackageManager.DexOptimizer: Running dexopt (dex2oat) on: /data/app/vmdl46293057.tmp/base.apk pkg=net.suteren.android.jidelak isa=arm vmSafeMode=false debuggable=true oatDir = /data/app/vmdl46293057.tmp/oat
05-19 10:31:30.195  1338  1338 W dex2oat : Unknown instruction set features for ARM CPU variant (generic) using conservative defaults
05-19 10:31:30.207  1338  1338 I dex2oat : /system/bin/dex2oat --debuggable
05-19 10:31:32.254  1338  1338 W dex2oat : Before Android 4.1, method int android.support.v7.widget.ListViewCompat.lookForSelectablePosition(int, boolean) would have incorrectly overridden the package-private method in android.widget.ListView
05-19 10:31:39.561  1338  1338 W dex2oat : Verification of com.google.android.gms.internal.bx com.google.android.gms.internal.by.w(android.os.Parcel) took 244.213ms
05-19 10:32:17.222   358   838 I Process : Sending signal. PID: 358 SIG: 3
05-19 10:32:17.225   358   363 I art     : Thread[2,tid=363,WaitingInMainSignalCatcherLoop,Thread*=0xaeaae600,peer=0x12c010a0,"Signal Catcher"]: reacting to signal 3
05-19 10:32:21.424  1338  1338 I dex2oat : dex2oat took 51.240s (threads: 1) arena alloc=906KB java alloc=4MB native alloc=21MB free=2MB
05-19 10:32:23.094   358   363 I art     : Wrote stack traces to '/data/anr/traces.txt'
05-19 10:32:25.137   358   612 W art     : Long monitor contention event with owner method=java.lang.String java.lang.String.intern!() from String.java:4294967294 waiters=0 for 58.155s
05-19 10:32:25.143   358   398 V BackupManagerService: restoreAtInstall pkg=net.suteren.android.jidelak token=1 restoreSet=0
05-19 10:32:25.144   358   398 V BackupManagerService: Finishing install immediately
05-19 10:32:25.152   358   358 W art     : Long monitor contention event with owner method=void com.android.server.am.BroadcastQueue.processNextBroadcast(boolean) from BroadcastQueue.java:639 waiters=0 for 58.224s
05-19 10:32:25.158   358   611 W art     : Long monitor contention event with owner method=void com.android.server.am.BroadcastQueue.processNextBroadcast(boolean) from BroadcastQueue.java:639 waiters=2 for 58.204s
05-19 10:32:25.169   358  1334 W art     : Long monitor contention event with owner method=void com.android.server.am.BroadcastQueue.processNextBroadcast(boolean) from BroadcastQueue.java:639 waiters=1 for 58.220s
05-19 10:32:25.203   358   976 W art     : Long monitor contention event with owner method=void com.android.server.am.BroadcastQueue.processNextBroadcast(boolean) from BroadcastQueue.java:639 waiters=5 for 57.930s
05-19 10:32:25.204   358   532 W art     : Long monitor contention event with owner method=void com.android.server.am.BroadcastQueue.processNextBroadcast(boolean) from BroadcastQueue.java:639 waiters=6 for 57.721s
05-19 10:32:25.205   358   371 W art     : Long monitor contention event with owner method=void com.android.server.am.BroadcastQueue.processNextBroadcast(boolean) from BroadcastQueue.java:639 waiters=7 for 57.720s
05-19 10:32:25.207   358   496 W art     : Long monitor contention event with owner method=void com.android.server.am.BroadcastQueue.processNextBroadcast(boolean) from BroadcastQueue.java:639 waiters=8 for 57.695s
05-19 10:32:25.209   358   973 W art     : Long monitor contention event with owner method=void com.android.server.am.BroadcastQueue.processNextBroadcast(boolean) from BroadcastQueue.java:639 waiters=9 for 57.608s
05-19 10:32:25.210   358   370 W art     : Long monitor contention event with owner method=void com.android.server.am.BroadcastQueue.processNextBroadcast(boolean) from BroadcastQueue.java:639 waiters=10 for 57.431s
05-19 10:32:25.215   358   377 W art     : Long monitor contention event with owner method=void com.android.server.am.BroadcastQueue.processNextBroadcast(boolean) from BroadcastQueue.java:639 waiters=11 for 56.268s
05-19 10:32:25.216   358   970 W art     : Long monitor contention event with owner method=void com.android.server.am.BroadcastQueue.processNextBroadcast(boolean) from BroadcastQueue.java:639 waiters=12 for 49.278s
05-19 10:32:25.218   358   469 W art     : Long monitor contention event with owner method=void com.android.server.am.BroadcastQueue.processNextBroadcast(boolean) from BroadcastQueue.java:639 waiters=13 for 48.372s
05-19 10:32:25.220   358   379 W art     : Long monitor contention event with owner method=void com.android.server.am.BroadcastQueue.processNextBroadcast(boolean) from BroadcastQueue.java:639 waiters=14 for 38.016s
05-19 10:32:25.236   358  1340 I RecoverySystem: No recovery log file
05-19 10:32:25.365   358   612 I ActivityManager: Start proc 1342:com.android.dialer/u0a4 for broadcast com.android.dialer/.calllog.CallLogReceiver
05-19 10:32:25.382   358  1340 I BootReceiver: Copying audit failures to DropBox
05-19 10:32:25.383   358  1340 I BootReceiver: Checking for fsck errors
05-19 10:32:25.446   358  1340 I ActivityManager: Start proc 1347:android.process.media/u0a5 for content provider com.android.providers.downloads/.DownloadProvider
05-19 10:32:25.469   358  1335 W art     : Long monitor contention event with owner method=void com.android.server.am.BroadcastQueue.processNextBroadcast(boolean) from BroadcastQueue.java:639 waiters=3 for 58.510s
05-19 10:32:25.473   358   376 W art     : Long monitor contention event with owner method=void com.android.server.am.BroadcastQueue.processNextBroadcast(boolean) from BroadcastQueue.java:639 waiters=4 for 58.287s
05-19 10:32:25.494  1251  1298 W art     : Long monitor contention event with owner method=boolean android.os.BinderProxy.transactNative(int, android.os.Parcel, android.os.Parcel, int) from Binder.java:4294967294 waiters=0 for 58.163s
05-19 10:32:25.516  1342  1342 I art     : Late-enabling JIT
05-19 10:32:25.544   358   970 I AccountManagerService: getTypesVisibleToCaller: isPermitted? true
05-19 10:32:25.564  1347  1347 I art     : Late-enabling JIT
05-19 10:32:25.685  1342  1342 I art     : JIT created with code_cache_capacity=2MB compile_threshold=1000
05-19 10:32:25.692  1347  1347 I art     : JIT created with code_cache_capacity=2MB compile_threshold=1000
05-19 10:32:26.474   358   398 W Settings: Setting install_non_market_apps has moved from android.provider.Settings.Global to android.provider.Settings.Secure, returning read-only value.
05-19 10:32:26.477   358   398 I art     : Waiting for a blocking GC Explicit
05-19 10:32:26.486  1347  1347 W System  : ClassLoader referenced unknown path: /system/priv-app/DownloadProvider/lib/arm
05-19 10:32:26.582  1314  1314 I CalendarProvider2: Sending notification intent: Intent { act=android.intent.action.PROVIDER_CHANGED dat=content://com.android.calendar }
05-19 10:32:26.584  1314  1314 W ContentResolver: Failed to get type for: content://com.android.calendar (Unknown URL content://com.android.calendar)
05-19 10:32:26.599  1018  1018 I Choreographer: Skipped 192 frames!  The application may be doing too much work on its main thread.
05-19 10:32:26.745  1347  1347 W System  : ClassLoader referenced unknown path: /system/priv-app/MediaProvider/lib/arm
05-19 10:32:26.966   358  1004 W MountService: No primary storage defined yet; hacking together a stub
05-19 10:32:27.001   358  1005 W MountService: No primary storage defined yet; hacking together a stub
05-19 10:32:27.018   358   611 W MountService: No primary storage defined yet; hacking together a stub
05-19 10:32:27.023   358   612 W MountService: No primary storage defined yet; hacking together a stub
05-19 10:32:27.188  1347  1369 I DownloadManager: Upgrading downloads database from version 0 to version 109, which will destroy all old data
05-19 10:32:27.455   358   368 W art     : Suspending all threads took: 31.262ms
05-19 10:32:27.503   358   368 I art     : Background sticky concurrent mark sweep GC freed 11748(841KB) AllocSpace objects, 8(316KB) LOS objects, 11% free, 6MB/7MB, paused 52.079ms total 2.338s
05-19 10:32:27.509   358   398 I art     : WaitForGcToComplete blocked for 1.033s for cause Explicit
05-19 10:32:27.509   358   398 I art     : Starting a blocking GC Explicit
05-19 10:32:27.580   358  1334 I ActivityManager: Start proc 1375:com.android.keychain/1000 for service com.android.keychain/.KeyChainService
05-19 10:32:27.615  1375  1375 I art     : Late-enabling JIT
05-19 10:32:27.673  1375  1375 I art     : JIT created with code_cache_capacity=2MB compile_threshold=1000
05-19 10:32:27.882  1375  1375 W System  : ClassLoader referenced unknown path: /system/app/KeyChain/lib/arm
05-19 10:32:28.024   844   926 I LatinIME:LogUtils: Dictionary info: dictionary = userunigram.en_US ; version = 1463653947 ; date = ?
05-19 10:32:28.137  1342  1342 W System  : ClassLoader referenced unknown path: /system/priv-app/Dialer/lib/arm
05-19 10:32:28.258   844   926 I LatinIME:LogUtils: Dictionary info: dictionary = UserHistoryDictionary.en_US ; version = 1463653948 ; date = ?
05-19 10:32:28.282  1342  1342 D ExtensionsFactory: No custom extensions.
05-19 10:32:28.405   861   861 V OtaStartupReceiver: onOtaspChanged: mOtaspMode=3
05-19 10:32:28.498   358   484 D WIFI    : Registering NetworkFactory
05-19 10:32:28.513   358   486 D ConnectivityService: Got NetworkFactory Messenger for WIFI
05-19 10:32:28.515   358   484 D WIFI_UT : Registering NetworkFactory
05-19 10:32:28.516   358   486 D ConnectivityService: Got NetworkFactory Messenger for WIFI_UT
05-19 10:32:28.548   358   484 D WIFI    : got request NetworkRequest [ id=1, legacyType=-1, [ Capabilities: INTERNET&NOT_RESTRICTED&TRUSTED&NOT_VPN] ] with score 50
05-19 10:32:28.549   358   484 D WIFI_UT : got request NetworkRequest [ id=1, legacyType=-1, [ Capabilities: INTERNET&NOT_RESTRICTED&TRUSTED&NOT_VPN] ] with score 50
05-19 10:32:28.661   844   926 I BinaryDictionaryFileDumper: reinitializeClientRecordInDictionaryContentProvider() : MetadataFileUri = 
05-19 10:32:29.004   844   926 I LatinIME:LogUtils: Dictionary info: dictionary = main:de ; version = 54 ; date = 1414726263
05-19 10:32:29.072   844   926 I LatinIME:LogUtils: Dictionary info: dictionary = main:fr ; version = 54 ; date = 1414726264
05-19 10:32:29.087   844   926 I LatinIME:LogUtils: Dictionary info: dictionary = main:es ; version = 54 ; date = 1414726268
05-19 10:32:29.096   844   926 I LatinIME:LogUtils: Dictionary info: dictionary = main:it ; version = 54 ; date = 1414726258
05-19 10:32:29.108   844   926 I LatinIME:LogUtils: Dictionary info: dictionary = main:ru ; version = 54 ; date = 1414726277
05-19 10:32:29.274   844   926 I LatinIME:LogUtils: Dictionary info: dictionary = main:en ; version = 54 ; date = 1414726273
05-19 10:32:29.486   358   612 I ActivityManager: Start proc 1395:com.android.managedprovisioning/u0a8 for broadcast com.android.managedprovisioning/.BootReminder
05-19 10:32:29.504  1395  1395 I art     : Late-enabling JIT
05-19 10:32:29.564  1395  1395 I art     : JIT created with code_cache_capacity=2MB compile_threshold=1000
05-19 10:32:29.742   844   926 I BinaryDictionaryFileDumper: reinitializeClientRecordInDictionaryContentProvider() : Insert DictionaryInfo : Id = 'main:de' : Locale=de : Version=54
05-19 10:32:29.818   844   926 I BinaryDictionaryFileDumper: reinitializeClientRecordInDictionaryContentProvider() : Insert DictionaryInfo : Id = 'main:fr' : Locale=fr : Version=54
05-19 10:32:29.834  1395  1395 W System  : ClassLoader referenced unknown path: /system/priv-app/ManagedProvisioning/lib/arm
05-19 10:32:29.878   844   926 I BinaryDictionaryFileDumper: reinitializeClientRecordInDictionaryContentProvider() : Insert DictionaryInfo : Id = 'main:es' : Locale=es : Version=54
05-19 10:32:29.918   844   926 I BinaryDictionaryFileDumper: reinitializeClientRecordInDictionaryContentProvider() : Insert DictionaryInfo : Id = 'main:it' : Locale=it : Version=54
05-19 10:32:29.956   844   926 I BinaryDictionaryFileDumper: reinitializeClientRecordInDictionaryContentProvider() : Insert DictionaryInfo : Id = 'main:ru' : Locale=ru : Version=54
05-19 10:32:30.053   844   926 I BinaryDictionaryFileDumper: reinitializeClientRecordInDictionaryContentProvider() : Insert DictionaryInfo : Id = 'main:en' : Locale=en : Version=54
05-19 10:32:30.157   844   926 I BinaryDictionaryFileDumper: reinitializeClientRecordInDictionaryContentProvider() : Insert DictionaryInfo : Id = 'main:en_us' : Locale=en_US : Version=-1
05-19 10:32:30.184   358   612 W MountService: No primary storage defined yet; hacking together a stub
05-19 10:32:30.194   844   926 W BinaryDictionaryFileDumper: Missing metadata.json resource
05-19 10:32:30.279  1251  1251 D AlertReceiver: onReceive: a=android.intent.action.BOOT_COMPLETED Intent { act=android.intent.action.BOOT_COMPLETED flg=0x8000010 cmp=com.android.calendar/.alerts.AlertReceiver (has extras) }
05-19 10:32:30.317  1299  1299 V AlarmClock: AlarmInitReceiver android.intent.action.BOOT_COMPLETED
05-19 10:32:30.415  1251  1251 D AlertUtils: Flushing old alerts from shared prefs table
05-19 10:32:30.443   844   926 I LatinIME:LogUtils: Dictionary info: dictionary = main:en ; version = 54 ; date = 1414726273
05-19 10:32:30.471  1299  1329 V AlarmClock: AlarmInitReceiver - Reset timers and clear stopwatch data
05-19 10:32:30.489  1299  1329 V AlarmClock: AlarmInitReceiver - resetting volume button default
05-19 10:32:30.503   637   665 D ContactDirectoryManager: Found com.android.exchange.directory.provider
05-19 10:32:30.544   844   926 I LatinIME:LogUtils: Dictionary info: dictionary = main:en ; version = 54 ; date = 1414726273
05-19 10:32:30.611  1251  1414 D AlertService: 0 Action = android.intent.action.BOOT_COMPLETED
05-19 10:32:30.694   358   611 I ActivityManager: Start proc 1420:com.android.exchange/u0a29 for content provider com.android.exchange/.provider.ExchangeDirectoryProvider
05-19 10:32:30.713  1420  1420 I art     : Late-enabling JIT
05-19 10:32:30.779  1420  1420 I art     : JIT created with code_cache_capacity=2MB compile_threshold=1000
05-19 10:32:30.915  1251  1414 D AlertService: Scheduling next alarm with AlarmScheduler. sEventReminderReceived: null
05-19 10:32:30.948  1299  1329 V AlarmClock: AlarmInitReceiver finished
05-19 10:32:30.960   358   970 W MountService: No primary storage defined yet; hacking together a stub
05-19 10:32:30.996  1434  1434 I art     : Late-enabling JIT
05-19 10:32:31.000   358  1004 I ActivityManager: Start proc 1434:com.android.email/u0a27 for broadcast com.android.email/.service.EmailUpgradeBroadcastReceiver
05-19 10:32:31.060  1434  1434 I art     : JIT created with code_cache_capacity=2MB compile_threshold=1000
05-19 10:32:31.225   358   371 W MountService: No primary storage defined yet; hacking together a stub
05-19 10:32:31.264   844   926 I LatinIME:LogUtils: Dictionary info: dictionary = main:en ; version = 54 ; date = 1414726273
05-19 10:32:31.422   844   926 I LatinIME:LogUtils: Dictionary info: dictionary = main:en ; version = 54 ; date = 1414726273
05-19 10:32:31.436  1434  1434 W System  : ClassLoader referenced unknown path: /system/app/Email/lib/arm
05-19 10:32:31.577  1420  1420 W System  : ClassLoader referenced unknown path: /system/app/Exchange2/lib/arm
05-19 10:32:31.663   844   926 I LatinIME:LogUtils: Dictionary info: dictionary = main:en ; version = 54 ; date = 1414726273
05-19 10:32:31.833   844   926 I LatinIME:LogUtils: Dictionary info: dictionary = main:en ; version = 54 ; date = 1414726273
05-19 10:32:31.891   358  1004 W MountService: No primary storage defined yet; hacking together a stub
05-19 10:32:32.006   844   926 I LatinIME:LogUtils: Dictionary info: dictionary = main:en ; version = 54 ; date = 1414726273
05-19 10:32:32.174   844   926 I LatinIME:LogUtils: Dictionary info: dictionary = main:en ; version = 54 ; date = 1414726273
05-19 10:32:32.304   358   612 I AccountManagerService: getTypesVisibleToCaller: isPermitted? true
05-19 10:32:32.325  1251  1414 D AlarmScheduler: No events found starting within 1 week.
05-19 10:32:32.385   637   665 I ContactDirectoryManager: deleted 0 stale rows which don't have any relevant directory
05-19 10:32:32.517   358  1005 I AccountManagerService: getTypesVisibleToCaller: isPermitted? true
05-19 10:32:32.545  1434  1455 D ActivityThread: Loading provider com.android.email.provider;com.android.email.notifier: com.android.email.provider.EmailProvider
05-19 10:32:32.593   637   665 I ContactDirectoryManager: Discovered 0 contact directories in 3971ms
05-19 10:32:32.614  1434  1434 D ActivityThread: Loading provider com.android.email.provider;com.android.email.notifier: com.android.email.provider.EmailProvider
05-19 10:32:32.624   358  1005 I AccountManagerService: getTypesVisibleToCaller: isPermitted? true
05-19 10:32:32.679  1434  1456 D ActivityThread: Loading provider com.android.email.provider;com.android.email.notifier: com.android.email.provider.EmailProvider
05-19 10:32:32.793   358   398 I art     : Explicit concurrent mark sweep GC freed 26190(1555KB) AllocSpace objects, 8(384KB) LOS objects, 33% free, 5MB/8MB, paused 3.711ms total 967.349ms
05-19 10:32:32.793   358   368 I art     : WaitForGcToComplete blocked for 288.968ms for cause HeapTrim
05-19 10:32:32.801    71    71 E installd: Couldn't opendir /data/app/vmdl46293057.tmp: No such file or directory
05-19 10:32:32.830   637   665 I ContactsProvider: Upgrading aggregation algorithm
05-19 10:32:33.000   358   471 I InputReader: Reconfiguring input devices.  changes=0x00000010
05-19 10:32:33.063  1269  1269 I art     : System.exit called, status: 0
05-19 10:32:33.064  1269  1269 I AndroidRuntime: VM exiting with result code 0.
05-19 10:32:33.079   861   861 D CarrierServiceBindHelper: Receive action: android.intent.action.PACKAGE_ADDED
05-19 10:32:33.083   861   861 D CarrierServiceBindHelper: mHandler: 3
05-19 10:32:33.084   861   861 D CarrierConfigLoader: mHandler: 9 phoneId: 0
05-19 10:32:36.185   358   510 W art     : Long monitor contention event with owner method=int libcore.io.Posix.writeBytes(java.io.FileDescriptor, java.lang.Object, int, int) from Posix.java:4294967294 waiters=0 for 1.318s
05-19 10:32:37.677   637   665 I ContactAggregator: Marked all visible contacts for aggregation: 0 raw contacts, 4841 ms
05-19 10:32:38.305  1459  1459 D AndroidRuntime: >>>>>> START com.android.internal.os.RuntimeInit uid 0 <<<<<<
05-19 10:32:38.379  1459  1459 D AndroidRuntime: CheckJNI is ON
05-19 10:32:39.071  1459  1459 I art     : JIT created with code_cache_capacity=2MB compile_threshold=1000
05-19 10:32:39.181  1459  1459 D ICU     : No timezone override file found: /data/misc/zoneinfo/current/icu/icu_tzdata.dat
05-19 10:32:39.714  1459  1459 E memtrack: Couldn't load memtrack module (No such file or directory)
05-19 10:32:39.714  1459  1459 E android.os.Debug: failed to load memtrack module: -2
05-19 10:32:39.760  1459  1459 I Radio-JNI: register_android_hardware_Radio DONE
05-19 10:32:40.181  1459  1459 D AndroidRuntime: Calling main entry com.android.commands.pm.Pm
05-19 10:32:40.380  1459  1459 I art     : System.exit called, status: 0
05-19 10:32:40.381  1459  1459 I AndroidRuntime: VM exiting with result code 0.
05-19 10:32:45.092   358   379 W art     : Long monitor contention event with owner method=int com.android.server.am.ActivityManagerService.broadcastIntent(android.app.IApplicationThread, android.content.Intent, java.lang.String, android.content.IIntentReceiver, int, java.lang.String, android.os.Bundle, java.lang.String[], int, android.os.Bundle, boolean, boolean, int) from ActivityManagerService.java:16907 waiters=0 for 4.723s
05-19 10:32:45.155   358   471 I InputReader: Reconfiguring input devices.  changes=0x00000010
05-19 10:32:45.176   358   377 I ActivityManager: Waited long enough for: ServiceRecord{6d43732 u0 com.android.providers.media/.MediaScannerService}
05-19 10:32:45.702   358   377 I ActivityManager: Waited long enough for: ServiceRecord{bbece00 u0 com.android.calendar/.alerts.InitAlarmsService}
05-19 10:32:47.387  1471  1471 D AndroidRuntime: >>>>>> START com.android.internal.os.RuntimeInit uid 0 <<<<<<
05-19 10:32:47.447  1471  1471 D AndroidRuntime: CheckJNI is ON
05-19 10:32:47.980   637   665 I ContactsProvider: Aggregation algorithm upgraded for 0 raw contacts in 15149ms
05-19 10:32:48.055  1471  1471 I art     : JIT created with code_cache_capacity=2MB compile_threshold=1000
05-19 10:32:48.165  1471  1471 D ICU     : No timezone override file found: /data/misc/zoneinfo/current/icu/icu_tzdata.dat
05-19 10:32:48.652  1471  1471 E memtrack: Couldn't load memtrack module (No such file or directory)
05-19 10:32:48.652  1471  1471 E android.os.Debug: failed to load memtrack module: -2
05-19 10:32:48.699  1471  1471 I Radio-JNI: register_android_hardware_Radio DONE
05-19 10:32:48.900   358   371 I AccountManagerService: getTypesVisibleToCaller: isPermitted? true
05-19 10:32:49.072  1471  1471 D AndroidRuntime: Calling main entry com.android.commands.pm.Pm
05-19 10:32:49.111   358  1003 I AccountManagerService: getTypesVisibleToCaller: isPermitted? true
05-19 10:32:49.233    71    71 I installd: free_cache(15996) avail 457101312
05-19 10:32:49.386  1471  1471 I art     : System.exit called, status: 0
05-19 10:32:49.387  1471  1471 I AndroidRuntime: VM exiting with result code 0.
05-19 10:32:53.705   358   970 W art     : Long monitor contention event with owner method=void com.android.server.am.ActivityManagerService$2.handleMessage(android.os.Message) from ActivityManagerService.java:2117 waiters=0 for 658ms
05-19 10:32:53.729   358   970 W ActivityManager: Unable to start service Intent { act=com.android.mail.action.BACKUP_DATA_CHANGED pkg=com.android.email } U=0: not found
05-19 10:32:54.800   358  1005 W ActivityManager: Unable to start service Intent { act=com.android.mail.action.BACKUP_DATA_CHANGED pkg=com.android.email } U=0: not found
05-19 10:32:55.016   358   496 W ActivityManager: Unable to start service Intent { act=com.android.mail.action.BACKUP_DATA_CHANGED pkg=com.android.email } U=0: not found
05-19 10:32:55.446   358   370 W ActivityManager: Unable to start service Intent { act=com.android.mail.action.BACKUP_DATA_CHANGED pkg=com.android.email } U=0: not found
05-19 10:32:55.656   358   612 W ActivityManager: Unable to start service Intent { act=com.android.mail.action.BACKUP_DATA_CHANGED pkg=com.android.email } U=0: not found
05-19 10:32:55.743  1484  1484 D AndroidRuntime: >>>>>> START com.android.internal.os.RuntimeInit uid 0 <<<<<<
05-19 10:32:55.803  1484  1484 D AndroidRuntime: CheckJNI is ON
05-19 10:32:55.876   358   611 W ActivityManager: Unable to start service Intent { act=com.android.mail.action.BACKUP_DATA_CHANGED pkg=com.android.email } U=0: not found
05-19 10:32:56.286   358   371 W ActivityManager: Unable to start service Intent { act=com.android.mail.action.BACKUP_DATA_CHANGED pkg=com.android.email } U=0: not found
05-19 10:32:56.438  1484  1484 I art     : JIT created with code_cache_capacity=2MB compile_threshold=1000
05-19 10:32:56.538  1484  1484 D ICU     : No timezone override file found: /data/misc/zoneinfo/current/icu/icu_tzdata.dat
05-19 10:32:57.025  1484  1484 E memtrack: Couldn't load memtrack module (No such file or directory)
05-19 10:32:57.025  1484  1484 E android.os.Debug: failed to load memtrack module: -2
05-19 10:32:57.056  1484  1484 I Radio-JNI: register_android_hardware_Radio DONE
05-19 10:32:57.400  1484  1484 D AndroidRuntime: Calling main entry com.android.commands.pm.Pm
05-19 10:32:57.711  1347  1412 I MediaProvider: Upgrading media database from version 0 to 800, which will destroy all old data
05-19 10:32:57.886  1284  1295 I art     : Background sticky concurrent mark sweep GC freed 9(592B) AllocSpace objects, 0(0B) LOS objects, 54% free, 390KB/854KB, paused 6.083ms total 87.366ms
05-19 10:32:57.920  1434  1455 W art     : Long monitor contention event with owner method=boolean android.os.BinderProxy.transactNative(int, android.os.Parcel, android.os.Parcel, int) from Binder.java:4294967294 waiters=0 for 25.310s
05-19 10:32:57.928  1434  1456 W art     : Long monitor contention event with owner method=boolean android.os.BinderProxy.transactNative(int, android.os.Parcel, android.os.Parcel, int) from Binder.java:4294967294 waiters=1 for 25.200s
05-19 10:32:58.160   844   844 I SystemBroadcastReceiver: Boot has been completed
05-19 10:32:58.160   844   844 I SystemBroadcastReceiver: toggleAppIcon() : FLAG_SYSTEM = true
05-19 10:32:58.440   358   358 I ActivityManager: Start proc 1499:com.android.quicksearchbox/u0a42 for broadcast com.android.quicksearchbox/.SearchWidgetProvider
05-19 10:32:58.546  1499  1499 I art     : Late-enabling JIT
05-19 10:32:58.700  1499  1499 I art     : JIT created with code_cache_capacity=2MB compile_threshold=1000
05-19 10:32:59.145   358   973 W ActivityManager: Unable to start service Intent { cmp=com.android.email/.service.AttachmentService } U=0: not found
05-19 10:32:59.211   358   371 I AccountManagerService: getTypesVisibleToCaller: isPermitted? true
05-19 10:32:59.232   358   496 I AccountManagerService: getTypesVisibleToCaller: isPermitted? true
05-19 10:32:59.235   358  1003 I AccountManagerService: getTypesVisibleToCaller: isPermitted? true
05-19 10:32:59.239   358   973 I AccountManagerService: getTypesVisibleToCaller: isPermitted? true
05-19 10:32:59.278  1434  1498 I Email   : Onetime initialization: 1
05-19 10:32:59.282  1420  1420 I Exchange: EasService.onCreate
05-19 10:32:59.307  1434  1498 I Email   : Onetime initialization: 2
05-19 10:32:59.410   358   973 I AccountManagerService: getTypesVisibleToCaller: isPermitted? true
05-19 10:32:59.413   358   370 I AccountManagerService: getTypesVisibleToCaller: isPermitted? true
05-19 10:32:59.449  1434  1498 I Email   : Onetime initialization: completed.
05-19 10:32:59.498  1499  1499 W System  : ClassLoader referenced unknown path: /system/app/QuickSearchBox/lib/arm
05-19 10:32:59.543  1434  1514 I Email   : Observing account changes for notifications
05-19 10:32:59.587   358   612 W ActivityManager: Unable to start service Intent { cmp=com.android.email/.service.AttachmentService } U=0: not found
05-19 10:32:59.636   358   970 W ActivityManager: Unable to start service Intent { cmp=com.android.email/.service.AttachmentService } U=0: not found
05-19 10:32:59.646   358  1005 I AccountManagerService: getTypesVisibleToCaller: isPermitted? true
05-19 10:32:59.679   358   612 I AccountManagerService: getTypesVisibleToCaller: isPermitted? true
05-19 10:32:59.733  1420  1515 I Exchange: RestartPingTask
05-19 10:33:00.414  1434  1456 W art     : Long monitor contention event with owner method=void com.android.email.provider.AccountReconciler.reconcileAccounts(android.content.Context) from AccountReconciler.java:4294967295 waiters=0 for 763ms
05-19 10:33:00.442   358  1004 I AccountManagerService: getTypesVisibleToCaller: isPermitted? true
05-19 10:33:00.450   358   370 I AccountManagerService: getTypesVisibleToCaller: isPermitted? true
05-19 10:33:01.448  1018  1018 I Choreographer: Skipped 231 frames!  The application may be doing too much work on its main thread.
05-19 10:33:01.474  1251  1448 D InitAlarmsService: Clearing and rescheduling alarms.
05-19 10:33:01.682  1434  1434 E ActivityThread: Service com.android.email.service.EmailBroadcastProcessorService has leaked ServiceConnection com.android.emailcommon.service.ServiceProxy$ProxyConnection@b315b5e that was originally bound here
05-19 10:33:01.682  1434  1434 E ActivityThread: android.app.ServiceConnectionLeaked: Service com.android.email.service.EmailBroadcastProcessorService has leaked ServiceConnection com.android.emailcommon.service.ServiceProxy$ProxyConnection@b315b5e that was originally bound here
05-19 10:33:01.682  1434  1434 E ActivityThread: 	at android.app.LoadedApk$ServiceDispatcher.<init>(LoadedApk.java:1092)
05-19 10:33:01.682  1434  1434 E ActivityThread: 	at android.app.LoadedApk.getServiceDispatcher(LoadedApk.java:986)
05-19 10:33:01.682  1434  1434 E ActivityThread: 	at android.app.ContextImpl.bindServiceCommon(ContextImpl.java:1303)
05-19 10:33:01.682  1434  1434 E ActivityThread: 	at android.app.ContextImpl.bindService(ContextImpl.java:1286)
05-19 10:33:01.682  1434  1434 E ActivityThread: 	at android.content.ContextWrapper.bindService(ContextWrapper.java:604)
05-19 10:33:01.682  1434  1434 E ActivityThread: 	at com.android.emailcommon.service.ServiceProxy.setTask(ServiceProxy.java:181)
05-19 10:33:01.682  1434  1434 E ActivityThread: 	at com.android.emailcommon.service.ServiceProxy.test(ServiceProxy.java:224)
05-19 10:33:01.682  1434  1434 E ActivityThread: 	at com.android.email.service.EmailServiceUtils.isServiceAvailable(EmailServiceUtils.java:160)
05-19 10:33:01.682  1434  1434 E ActivityThread: 	at com.android.email.provider.AccountReconciler.reconcileAccountsInternal(AccountReconciler.java:171)
05-19 10:33:01.682  1434  1434 E ActivityThread: 	at com.android.email.provider.AccountReconciler.reconcileAccounts(AccountReconciler.java:115)
05-19 10:33:01.682  1434  1434 E ActivityThread: 	at com.android.email.service.EmailBroadcastProcessorService.reconcileAndStartServices(EmailBroadcastProcessorService.java:305)
05-19 10:33:01.682  1434  1434 E ActivityThread: 	at com.android.email.service.EmailBroadcastProcessorService.onBootCompleted(EmailBroadcastProcessorService.java:295)
05-19 10:33:01.682  1434  1434 E ActivityThread: 	at com.android.email.service.EmailBroadcastProcessorService.onHandleIntent(EmailBroadcastProcessorService.java:130)
05-19 10:33:01.682  1434  1434 E ActivityThread: 	at android.app.IntentService$ServiceHandler.handleMessage(IntentService.java:66)
