05-19 11:19:37.861    75    75 W Resources: Preloaded drawable resource #0x1080632 (android:drawable/spinner_textfield_background_material) that varies with configuration!!
05-19 11:19:38.109    75    75 W Resources: Preloaded drawable resource #0x10806a2 (android:drawable/switch_thumb_material_anim) that varies with configuration!!
05-19 11:19:38.179    75    75 W Resources: Preloaded drawable resource #0x108071e (android:drawable/textfield_search_material) that varies with configuration!!
05-19 11:19:38.184    75    75 W Resources: Preloaded drawable resource #0x10806ec (android:drawable/text_select_handle_left_material) that varies with configuration!!
05-19 11:19:38.187    75    75 W Resources: Preloaded drawable resource #0x10806ef (android:drawable/text_select_handle_middle_material) that varies with configuration!!
05-19 11:19:38.202    75    75 W Resources: Preloaded drawable resource #0x10806f2 (android:drawable/text_select_handle_right_material) that varies with configuration!!
05-19 11:19:38.208    75    75 I Zygote  : ...preloaded 342 resources in 22533ms.
05-19 11:19:38.374    75    75 I Zygote  : ...preloaded 41 resources in 166ms.
05-19 11:19:38.377    75    75 D libEGL  : Emulator without GPU support detected. Fallback to software renderer.
05-19 11:19:38.443    75    75 D libEGL  : loaded /system/lib/egl/libGLES_android.so
05-19 11:19:39.101    75    75 I Zygote  : Preloading shared libraries...
05-19 11:19:39.223    75    75 E Hyphenator: error loading hyphenation /system/usr/hyphen-data/hyph-en-us.pat.txt
05-19 11:19:39.223    75    75 E Hyphenator: java.io.FileNotFoundException: /system/usr/hyphen-data/hyph-en-us.pat.txt: open failed: ENOENT (No such file or directory)
05-19 11:19:39.223    75    75 E Hyphenator: 	at libcore.io.IoBridge.open(IoBridge.java:452)
05-19 11:19:39.223    75    75 E Hyphenator: 	at libcore.io.IoUtils$FileReader.<init>(IoUtils.java:207)
05-19 11:19:39.223    75    75 E Hyphenator: 	at libcore.io.IoUtils.readFileAsString(IoUtils.java:114)
05-19 11:19:39.223    75    75 E Hyphenator: 	at android.text.Hyphenator.loadHyphenator(Hyphenator.java:96)
05-19 11:19:39.223    75    75 E Hyphenator: 	at android.text.Hyphenator.init(Hyphenator.java:154)
05-19 11:19:39.223    75    75 E Hyphenator: 	at com.android.internal.os.ZygoteInit.preloadTextResources(ZygoteInit.java:207)
05-19 11:19:39.223    75    75 E Hyphenator: 	at com.android.internal.os.ZygoteInit.preload(ZygoteInit.java:186)
05-19 11:19:39.223    75    75 E Hyphenator: 	at com.android.internal.os.ZygoteInit.main(ZygoteInit.java:593)
05-19 11:19:39.223    75    75 E Hyphenator: Caused by: android.system.ErrnoException: open failed: ENOENT (No such file or directory)
05-19 11:19:39.223    75    75 E Hyphenator: 	at libcore.io.Posix.open(Native Method)
05-19 11:19:39.223    75    75 E Hyphenator: 	at libcore.io.BlockGuardOs.open(BlockGuardOs.java:186)
05-19 11:19:39.223    75    75 E Hyphenator: 	at libcore.io.IoBridge.open(IoBridge.java:438)
05-19 11:19:39.223    75    75 E Hyphenator: 	... 7 more
05-19 11:19:39.226    75    75 E Hyphenator: error loading hyphenation /system/usr/hyphen-data/hyph-eu.pat.txt
05-19 11:19:39.226    75    75 E Hyphenator: java.io.FileNotFoundException: /system/usr/hyphen-data/hyph-eu.pat.txt: open failed: ENOENT (No such file or directory)
05-19 11:19:39.226    75    75 E Hyphenator: 	at libcore.io.IoBridge.open(IoBridge.java:452)
05-19 11:19:39.226    75    75 E Hyphenator: 	at libcore.io.IoUtils$FileReader.<init>(IoUtils.java:207)
05-19 11:19:39.226    75    75 E Hyphenator: 	at libcore.io.IoUtils.readFileAsString(IoUtils.java:114)
05-19 11:19:39.226    75    75 E Hyphenator: 	at android.text.Hyphenator.loadHyphenator(Hyphenator.java:96)
05-19 11:19:39.226    75    75 E Hyphenator: 	at android.text.Hyphenator.init(Hyphenator.java:154)
05-19 11:19:39.226    75    75 E Hyphenator: 	at com.android.internal.os.ZygoteInit.preloadTextResources(ZygoteInit.java:207)
05-19 11:19:39.226    75    75 E Hyphenator: 	at com.android.internal.os.ZygoteInit.preload(ZygoteInit.java:186)
05-19 11:19:39.226    75    75 E Hyphenator: 	at com.android.internal.os.ZygoteInit.main(ZygoteInit.java:593)
05-19 11:19:39.226    75    75 E Hyphenator: Caused by: android.system.ErrnoException: open failed: ENOENT (No such file or directory)
05-19 11:19:39.226    75    75 E Hyphenator: 	at libcore.io.Posix.open(Native Method)
05-19 11:19:39.226    75    75 E Hyphenator: 	at libcore.io.BlockGuardOs.open(BlockGuardOs.java:186)
05-19 11:19:39.226    75    75 E Hyphenator: 	at libcore.io.IoBridge.open(IoBridge.java:438)
05-19 11:19:39.226    75    75 E Hyphenator: 	... 7 more
05-19 11:19:39.228    75    75 E Hyphenator: error loading hyphenation /system/usr/hyphen-data/hyph-hu.pat.txt
05-19 11:19:39.228    75    75 E Hyphenator: java.io.FileNotFoundException: /system/usr/hyphen-data/hyph-hu.pat.txt: open failed: ENOENT (No such file or directory)
05-19 11:19:39.228    75    75 E Hyphenator: 	at libcore.io.IoBridge.open(IoBridge.java:452)
05-19 11:19:39.228    75    75 E Hyphenator: 	at libcore.io.IoUtils$FileReader.<init>(IoUtils.java:207)
05-19 11:19:39.228    75    75 E Hyphenator: 	at libcore.io.IoUtils.readFileAsString(IoUtils.java:114)
05-19 11:19:39.228    75    75 E Hyphenator: 	at android.text.Hyphenator.loadHyphenator(Hyphenator.java:96)
05-19 11:19:39.228    75    75 E Hyphenator: 	at android.text.Hyphenator.init(Hyphenator.java:154)
05-19 11:19:39.228    75    75 E Hyphenator: 	at com.android.internal.os.ZygoteInit.preloadTextResources(ZygoteInit.java:207)
05-19 11:19:39.228    75    75 E Hyphenator: 	at com.android.internal.os.ZygoteInit.preload(ZygoteInit.java:186)
05-19 11:19:39.228    75    75 E Hyphenator: 	at com.android.internal.os.ZygoteInit.main(ZygoteInit.java:593)
05-19 11:19:39.228    75    75 E Hyphenator: Caused by: android.system.ErrnoException: open failed: ENOENT (No such file or directory)
05-19 11:19:39.228    75    75 E Hyphenator: 	at libcore.io.Posix.open(Native Method)
05-19 11:19:39.228    75    75 E Hyphenator: 	at libcore.io.BlockGuardOs.open(BlockGuardOs.java:186)
05-19 11:19:39.228    75    75 E Hyphenator: 	at libcore.io.IoBridge.open(IoBridge.java:438)
05-19 11:19:39.228    75    75 E Hyphenator: 	... 7 more
05-19 11:19:39.241    75    75 E Hyphenator: error loading hyphenation /system/usr/hyphen-data/hyph-hy.pat.txt
05-19 11:19:39.241    75    75 E Hyphenator: java.io.FileNotFoundException: /system/usr/hyphen-data/hyph-hy.pat.txt: open failed: ENOENT (No such file or directory)
05-19 11:19:39.241    75    75 E Hyphenator: 	at libcore.io.IoBridge.open(IoBridge.java:452)
05-19 11:19:39.241    75    75 E Hyphenator: 	at libcore.io.IoUtils$FileReader.<init>(IoUtils.java:207)
05-19 11:19:39.241    75    75 E Hyphenator: 	at libcore.io.IoUtils.readFileAsString(IoUtils.java:114)
05-19 11:19:39.241    75    75 E Hyphenator: 	at android.text.Hyphenator.loadHyphenator(Hyphenator.java:96)
05-19 11:19:39.241    75    75 E Hyphenator: 	at android.text.Hyphenator.init(Hyphenator.java:154)
05-19 11:19:39.241    75    75 E Hyphenator: 	at com.android.internal.os.ZygoteInit.preloadTextResources(ZygoteInit.java:207)
05-19 11:19:39.241    75    75 E Hyphenator: 	at com.android.internal.os.ZygoteInit.preload(ZygoteInit.java:186)
05-19 11:19:39.241    75    75 E Hyphenator: 	at com.android.internal.os.ZygoteInit.main(ZygoteInit.java:593)
05-19 11:19:39.241    75    75 E Hyphenator: Caused by: android.system.ErrnoException: open failed: ENOENT (No such file or directory)
05-19 11:19:39.241    75    75 E Hyphenator: 	at libcore.io.Posix.open(Native Method)
05-19 11:19:39.241    75    75 E Hyphenator: 	at libcore.io.BlockGuardOs.open(BlockGuardOs.java:186)
05-19 11:19:39.241    75    75 E Hyphenator: 	at libcore.io.IoBridge.open(IoBridge.java:438)
05-19 11:19:39.241    75    75 E Hyphenator: 	... 7 more
05-19 11:19:39.262    75    75 E Hyphenator: error loading hyphenation /system/usr/hyphen-data/hyph-nb.pat.txt
05-19 11:19:39.262    75    75 E Hyphenator: java.io.FileNotFoundException: /system/usr/hyphen-data/hyph-nb.pat.txt: open failed: ENOENT (No such file or directory)
05-19 11:19:39.262    75    75 E Hyphenator: 	at libcore.io.IoBridge.open(IoBridge.java:452)
05-19 11:19:39.262    75    75 E Hyphenator: 	at libcore.io.IoUtils$FileReader.<init>(IoUtils.java:207)
05-19 11:19:39.262    75    75 E Hyphenator: 	at libcore.io.IoUtils.readFileAsString(IoUtils.java:114)
05-19 11:19:39.262    75    75 E Hyphenator: 	at android.text.Hyphenator.loadHyphenator(Hyphenator.java:96)
05-19 11:19:39.262    75    75 E Hyphenator: 	at android.text.Hyphenator.init(Hyphenator.java:154)
05-19 11:19:39.262    75    75 E Hyphenator: 	at com.android.internal.os.ZygoteInit.preloadTextResources(ZygoteInit.java:207)
05-19 11:19:39.262    75    75 E Hyphenator: 	at com.android.internal.os.ZygoteInit.preload(ZygoteInit.java:186)
05-19 11:19:39.262    75    75 E Hyphenator: 	at com.android.internal.os.ZygoteInit.main(ZygoteInit.java:593)
05-19 11:19:39.262    75    75 E Hyphenator: Caused by: android.system.ErrnoException: open failed: ENOENT (No such file or directory)
05-19 11:19:39.262    75    75 E Hyphenator: 	at libcore.io.Posix.open(Native Method)
05-19 11:19:39.262    75    75 E Hyphenator: 	at libcore.io.BlockGuardOs.open(BlockGuardOs.java:186)
05-19 11:19:39.262    75    75 E Hyphenator: 	at libcore.io.IoBridge.open(IoBridge.java:438)
05-19 11:19:39.262    75    75 E Hyphenator: 	... 7 more
05-19 11:19:39.265    75    75 E Hyphenator: error loading hyphenation /system/usr/hyphen-data/hyph-nn.pat.txt
05-19 11:19:39.265    75    75 E Hyphenator: java.io.FileNotFoundException: /system/usr/hyphen-data/hyph-nn.pat.txt: open failed: ENOENT (No such file or directory)
05-19 11:19:39.265    75    75 E Hyphenator: 	at libcore.io.IoBridge.open(IoBridge.java:452)
05-19 11:19:39.265    75    75 E Hyphenator: 	at libcore.io.IoUtils$FileReader.<init>(IoUtils.java:207)
05-19 11:19:39.265    75    75 E Hyphenator: 	at libcore.io.IoUtils.readFileAsString(IoUtils.java:114)
05-19 11:19:39.265    75    75 E Hyphenator: 	at android.text.Hyphenator.loadHyphenator(Hyphenator.java:96)
05-19 11:19:39.265    75    75 E Hyphenator: 	at android.text.Hyphenator.init(Hyphenator.java:154)
05-19 11:19:39.265    75    75 E Hyphenator: 	at com.android.internal.os.ZygoteInit.preloadTextResources(ZygoteInit.java:207)
05-19 11:19:39.265    75    75 E Hyphenator: 	at com.android.internal.os.ZygoteInit.preload(ZygoteInit.java:186)
05-19 11:19:39.265    75    75 E Hyphenator: 	at com.android.internal.os.ZygoteInit.main(ZygoteInit.java:593)
05-19 11:19:39.265    75    75 E Hyphenator: Caused by: android.system.ErrnoException: open failed: ENOENT (No such file or directory)
05-19 11:19:39.265    75    75 E Hyphenator: 	at libcore.io.Posix.open(Native Method)
05-19 11:19:39.265    75    75 E Hyphenator: 	at libcore.io.BlockGuardOs.open(BlockGuardOs.java:186)
05-19 11:19:39.265    75    75 E Hyphenator: 	at libcore.io.IoBridge.open(IoBridge.java:438)
05-19 11:19:39.265    75    75 E Hyphenator: 	... 7 more
05-19 11:19:39.267    75    75 E Hyphenator: error loading hyphenation /system/usr/hyphen-data/hyph-sa.pat.txt
05-19 11:19:39.267    75    75 E Hyphenator: java.io.FileNotFoundException: /system/usr/hyphen-data/hyph-sa.pat.txt: open failed: ENOENT (No such file or directory)
05-19 11:19:39.267    75    75 E Hyphenator: 	at libcore.io.IoBridge.open(IoBridge.java:452)
05-19 11:19:39.267    75    75 E Hyphenator: 	at libcore.io.IoUtils$FileReader.<init>(IoUtils.java:207)
05-19 11:19:39.267    75    75 E Hyphenator: 	at libcore.io.IoUtils.readFileAsString(IoUtils.java:114)
05-19 11:19:39.267    75    75 E Hyphenator: 	at android.text.Hyphenator.loadHyphenator(Hyphenator.java:96)
05-19 11:19:39.267    75    75 E Hyphenator: 	at android.text.Hyphenator.init(Hyphenator.java:154)
05-19 11:19:39.267    75    75 E Hyphenator: 	at com.android.internal.os.ZygoteInit.preloadTextResources(ZygoteInit.java:207)
05-19 11:19:39.267    75    75 E Hyphenator: 	at com.android.internal.os.ZygoteInit.preload(ZygoteInit.java:186)
05-19 11:19:39.267    75    75 E Hyphenator: 	at com.android.internal.os.ZygoteInit.main(ZygoteInit.java:593)
05-19 11:19:39.267    75    75 E Hyphenator: Caused by: android.system.ErrnoException: open failed: ENOENT (No such file or directory)
05-19 11:19:39.267    75    75 E Hyphenator: 	at libcore.io.Posix.open(Native Method)
05-19 11:19:39.267    75    75 E Hyphenator: 	at libcore.io.BlockGuardOs.open(BlockGuardOs.java:186)
05-19 11:19:39.267    75    75 E Hyphenator: 	at libcore.io.IoBridge.open(IoBridge.java:438)
05-19 11:19:39.267    75    75 E Hyphenator: 	... 7 more
05-19 11:19:39.273    75    75 E Hyphenator: error loading hyphenation /system/usr/hyphen-data/hyph-und-ethi.pat.txt
05-19 11:19:39.273    75    75 E Hyphenator: java.io.FileNotFoundException: /system/usr/hyphen-data/hyph-und-ethi.pat.txt: open failed: ENOENT (No such file or directory)
05-19 11:19:39.273    75    75 E Hyphenator: 	at libcore.io.IoBridge.open(IoBridge.java:452)
05-19 11:19:39.273    75    75 E Hyphenator: 	at libcore.io.IoUtils$FileReader.<init>(IoUtils.java:207)
05-19 11:19:39.273    75    75 E Hyphenator: 	at libcore.io.IoUtils.readFileAsString(IoUtils.java:114)
05-19 11:19:39.273    75    75 E Hyphenator: 	at android.text.Hyphenator.loadHyphenator(Hyphenator.java:96)
05-19 11:19:39.273    75    75 E Hyphenator: 	at android.text.Hyphenator.init(Hyphenator.java:154)
05-19 11:19:39.273    75    75 E Hyphenator: 	at com.android.internal.os.ZygoteInit.preloadTextResources(ZygoteInit.java:207)
05-19 11:19:39.273    75    75 E Hyphenator: 	at com.android.internal.os.ZygoteInit.preload(ZygoteInit.java:186)
05-19 11:19:39.273    75    75 E Hyphenator: 	at com.android.internal.os.ZygoteInit.main(ZygoteInit.java:593)
05-19 11:19:39.273    75    75 E Hyphenator: Caused by: android.system.ErrnoException: open failed: ENOENT (No such file or directory)
05-19 11:19:39.273    75    75 E Hyphenator: 	at libcore.io.Posix.open(Native Method)
05-19 11:19:39.273    75    75 E Hyphenator: 	at libcore.io.BlockGuardOs.open(BlockGuardOs.java:186)
05-19 11:19:39.273    75    75 E Hyphenator: 	at libcore.io.IoBridge.open(IoBridge.java:438)
05-19 11:19:39.273    75    75 E Hyphenator: 	... 7 more
05-19 11:19:39.384    75    75 D Zygote  : end preload
05-19 11:19:39.385    75    75 I art     : Waiting for a blocking GC Explicit
05-19 11:19:39.461    75   230 I art     : Background concurrent mark sweep GC freed 17879(2MB) AllocSpace objects, 20(400KB) LOS objects, 66% free, 1765KB/5MB, paused 2.261ms total 184.381ms
05-19 11:19:39.462    75    75 I art     : WaitForGcToComplete blocked for 77.071ms for cause Explicit
05-19 11:19:39.463    75    75 I art     : Starting a blocking GC Explicit
05-19 11:19:39.571    75    75 W art     : Suspending all threads took: 8.753ms
05-19 11:19:39.616    75    75 I art     : Explicit concurrent mark sweep GC freed 1300(246KB) AllocSpace objects, 0(0B) LOS objects, 66% free, 1507KB/4MB, paused 10.850ms total 151.366ms
05-19 11:19:39.664    75    75 I art     : Starting a blocking GC Explicit
05-19 11:19:39.714    68    68 V NatController: runCmd(/system/bin/iptables -w -F natctrl_FORWARD) res=0
05-19 11:19:39.751    75    75 I art     : Explicit concurrent mark sweep GC freed 1930(285KB) AllocSpace objects, 0(0B) LOS objects, 66% free, 1223KB/3MB, paused 993us total 84.084ms
05-19 11:19:39.755    75   230 I art     : Starting a blocking GC HeapTrim
05-19 11:19:39.820    75    75 I art     : Starting a blocking GC Background
05-19 11:19:40.010    68    68 V NatController: runCmd(/system/bin/iptables -w -A natctrl_FORWARD -j DROP) res=0
05-19 11:19:40.246    75    75 I Zygote  : System server process 303 has been created
05-19 11:19:40.291    68    68 V NatController: runCmd(/system/bin/iptables -w -t nat -F natctrl_nat_POSTROUTING) res=0
05-19 11:19:40.319    75    75 I Zygote  : Accepting command socket connections
05-19 11:19:40.564   303   303 I InstallerConnection: connecting...
05-19 11:19:40.608    73    73 I installd: new connection
05-19 11:19:40.650    68    68 V NatController: runCmd(/system/bin/iptables -w -F natctrl_tether_counters) res=1
05-19 11:19:40.802   303   303 I InstallerConnection: disconnecting...
05-19 11:19:40.805    73    73 E installd: eof
05-19 11:19:40.805    73    73 E installd: failed to read size
05-19 11:19:40.805    73    73 I installd: closing connection
05-19 11:19:41.002    68    68 V NatController: runCmd(/system/bin/iptables -w -X natctrl_tether_counters) res=1
05-19 11:19:42.027   303   303 I SystemServer: Entered the Android system server!
05-19 11:19:42.311    68    68 V NatController: runCmd(/system/bin/iptables -w -N natctrl_tether_counters) res=0
05-19 11:19:42.716   303   303 I SystemServiceManager: Starting com.android.server.pm.Installer
05-19 11:19:42.730   303   303 I Installer: Waiting for installd to be ready.
05-19 11:19:42.730   303   303 I InstallerConnection: connecting...
05-19 11:19:42.732    73    73 I installd: new connection
05-19 11:19:42.734   303   303 I SystemServiceManager: Starting com.android.server.am.ActivityManagerService$Lifecycle
05-19 11:19:42.756    68    68 V NatController: runCmd(/system/bin/iptables -w -t mangle -A natctrl_mangle_FORWARD -p tcp --tcp-flags SYN SYN -j TCPMSS --clamp-mss-to-pmtu) res=1
05-19 11:19:42.998   303   303 I ActivityManager: Memory class: 48
05-19 11:19:43.034   303   322 I ServiceThread: Enabled StrictMode logging for ActivityManager looper.
05-19 11:19:43.086   303   323 I ServiceThread: Enabled StrictMode logging for android.ui looper.
05-19 11:19:43.300   303   303 D BatteryStatsImpl: Reading daily items from /data/system/batterystats-daily.xml
05-19 11:19:43.397   303   303 I AppOps  : No existing app ops /data/system/appops.xml; starting empty
05-19 11:19:43.643   303   303 W ProcessCpuTracker: Skipping unknown process pid 325
05-19 11:19:43.815   303   303 I IntentFirewall: Read new rules (A:0 B:0 S:0)
05-19 11:19:44.373   303   330 I ServiceThread: Enabled StrictMode logging for android.display looper.
05-19 11:19:44.490   303   303 D AppOps  : AppOpsService published
05-19 11:19:44.492   303   303 I SystemServiceManager: Starting com.android.server.power.PowerManagerService
05-19 11:19:44.545   303   332 I ServiceThread: Enabled StrictMode logging for PowerManagerService looper.
05-19 11:19:44.578   303   303 W libsuspend: Error writing 'on' to /sys/power/state: Invalid argument
05-19 11:19:44.579   303   303 I libsuspend: Selected wakeup count
05-19 11:19:44.603   303   303 I SystemServiceManager: Starting com.android.server.lights.LightsService
05-19 11:19:44.663   303   303 I SystemServiceManager: Starting com.android.server.display.DisplayManagerService
05-19 11:19:44.719   303   303 I SystemServiceManager: Starting phase 100
05-19 11:19:44.734    60    89 E SurfaceFlinger: ro.sf.lcd_density must be defined as a build property
05-19 11:19:44.781   303   330 I DisplayManagerService: Display device added: DisplayDeviceInfo{"Built-in Screen": uniqueId="local:0", 480 x 800, modeId 1, defaultModeId 1, supportedModes [{id=1, width=480, height=800, fps=260.416}], density 240, 240.0 x 240.0 dpi, appVsyncOff 0, presDeadline 4840010, touch INTERNAL, rotation 0, type BUILT_IN, state UNKNOWN, FLAG_DEFAULT_DISPLAY, FLAG_ROTATES_WITH_CONTENT, FLAG_SECURE, FLAG_SUPPORTS_PROTECTED_BUFFERS}
05-19 11:19:44.827    60    60 D SurfaceFlinger: Set power mode=2, type=0 flinger=0xb6a64000
05-19 11:19:44.827    60    60 D SurfaceFlinger: Screen type=0 is already mode=2
05-19 11:19:45.082   303   330 D SurfaceControl: Excessive delay in setPowerMode(): 268ms
05-19 11:19:45.101   303   330 I DisplayManagerService: Display device changed state: "Built-in Screen", ON
05-19 11:19:45.109   303   303 I SystemServer: Package Manager
05-19 11:19:45.155   303   303 W SELinuxMMAC: Error opening /data/system/seapp_hash. Assuming first boot.
05-19 11:19:45.196   303   303 W FileUtils: Failed to chmod(/data/system/packages.list): android.system.ErrnoException: chmod failed: ENOENT (No such file or directory)
05-19 11:19:45.219   303   303 W SystemConfig: No directory /system/etc/sysconfig, skipping
05-19 11:19:45.392   303   303 D SELinuxMMAC: Using policy file /system/etc/security/mac_permissions.xml
05-19 11:19:45.438   303   303 I PackageManager: No settings file; creating initial state
05-19 11:19:45.508   303   303 E art     : DexFile_getDexOptNeeded file '/system/framework/org.apache.http.legacy.jar' does not exist
05-19 11:19:45.509   303   303 W PackageManager: Library not found: /system/framework/org.apache.http.legacy.jar
05-19 11:19:45.771   303   303 D PackageManager: No files in app dir /vendor/overlay
05-19 11:19:45.789   303   303 W PackageManager: Failed to parse /system/framework/arm: Missing base APK in /system/framework/arm
05-19 11:19:46.188   303   303 I PackageManager: /system/framework/framework-res.apk changed; collecting certs
05-19 11:19:46.612   303   314 I art     : Background sticky concurrent mark sweep GC freed 5571(625KB) AllocSpace objects, 18(756KB) LOS objects, 0% free, 3MB/3MB, paused 4.948ms total 175.239ms
05-19 11:19:46.858   303   314 I art     : Background partial concurrent mark sweep GC freed 649(60KB) AllocSpace objects, 6(1900KB) LOS objects, 33% free, 2MB/3MB, paused 1.915ms total 215.558ms
05-19 11:19:48.057   303   314 I art     : Background sticky concurrent mark sweep GC freed 11726(710KB) AllocSpace objects, 0(0B) LOS objects, 13% free, 3MB/3MB, paused 3.136ms total 215.900ms
05-19 11:19:48.430   303   314 W art     : Suspending all threads took: 7.663ms
05-19 11:19:48.476   303   314 I art     : Background partial concurrent mark sweep GC freed 5129(293KB) AllocSpace objects, 0(0B) LOS objects, 33% free, 3MB/5MB, paused 10.917ms total 169.992ms
05-19 11:19:49.660   303   314 W art     : Suspending all threads took: 7.717ms
05-19 11:19:49.690   303   314 I art     : Background sticky concurrent mark sweep GC freed 15116(854KB) AllocSpace objects, 0(0B) LOS objects, 14% free, 4MB/5MB, paused 11.360ms total 174.273ms
05-19 11:19:50.340   303   314 W art     : Suspending all threads took: 6.054ms
05-19 11:19:50.438   303   314 I art     : Background partial concurrent mark sweep GC freed 8110(496KB) AllocSpace objects, 0(0B) LOS objects, 33% free, 5MB/7MB, paused 9.697ms total 323.626ms
05-19 11:19:54.399   303   314 I art     : Background sticky concurrent mark sweep GC freed 18217(1206KB) AllocSpace objects, 2(748KB) LOS objects, 23% free, 6MB/7MB, paused 12.402ms total 174.142ms
05-19 11:19:55.650   303   314 W art     : Suspending all threads took: 8.514ms
05-19 11:19:55.732   303   314 I art     : Background sticky concurrent mark sweep GC freed 16462(1053KB) AllocSpace objects, 0(0B) LOS objects, 11% free, 6MB/7MB, paused 11.455ms total 175.536ms
05-19 11:19:56.349   303   314 I art     : Background sticky concurrent mark sweep GC freed 8438(533KB) AllocSpace objects, 0(0B) LOS objects, 5% free, 7MB/7MB, paused 3.141ms total 187.912ms
05-19 11:19:57.059   303   314 I art     : Background partial concurrent mark sweep GC freed 7075(545KB) AllocSpace objects, 0(0B) LOS objects, 33% free, 7MB/11MB, paused 2.370ms total 487.216ms
05-19 11:20:04.876   303   314 I art     : Background sticky concurrent mark sweep GC freed 11311(742KB) AllocSpace objects, 9(1120KB) LOS objects, 5% free, 10MB/11MB, paused 2.126ms total 1.789s
05-19 11:20:09.398   303   314 I art     : Background partial concurrent mark sweep GC freed 107063(5MB) AllocSpace objects, 6(3MB) LOS objects, 33% free, 4MB/6MB, paused 2.152ms total 144.188ms
05-19 11:20:22.685   303   314 I art     : Background sticky concurrent mark sweep GC freed 21091(1246KB) AllocSpace objects, 0(0B) LOS objects, 16% free, 5MB/6MB, paused 2.539ms total 2.809s
05-19 11:20:25.300   303   314 I art     : Background partial concurrent mark sweep GC freed 7620(472KB) AllocSpace objects, 1(1024KB) LOS objects, 33% free, 4MB/6MB, paused 4.396ms total 527.324ms
05-19 11:20:28.077   303   314 I art     : Background sticky concurrent mark sweep GC freed 18166(1027KB) AllocSpace objects, 0(0B) LOS objects, 15% free, 5MB/6MB, paused 2.101ms total 235.196ms
05-19 11:20:32.124   303   314 I art     : Background sticky concurrent mark sweep GC freed 7129(538KB) AllocSpace objects, 0(0B) LOS objects, 3% free, 6MB/6MB, paused 2.011ms total 361.978ms
05-19 11:20:32.850   303   314 I art     : Background partial concurrent mark sweep GC freed 3718(305KB) AllocSpace objects, 2(748KB) LOS objects, 33% free, 5MB/8MB, paused 2.353ms total 592.460ms
05-19 11:20:32.930    68    68 W netd    : type=1400 audit(0.0:4): avc: denied { sys_module } for capability=16 scontext=u:r:netd:s0 tcontext=u:r:netd:s0 tclass=capability permissive=0
05-19 11:20:32.996    68    68 E Netd    : cannot find interface dummy0
05-19 11:20:33.068    68    68 D MDnsDS  : MDnsSdListener::Hander starting up
05-19 11:20:33.071    68   396 D MDnsDS  : MDnsSdListener starting to monitor
05-19 11:20:33.071    68   396 D MDnsDS  : Going to poll with pollCount 1
05-19 11:20:35.076   303   314 I art     : Background sticky concurrent mark sweep GC freed 24342(1571KB) AllocSpace objects, 0(0B) LOS objects, 17% free, 7MB/8MB, paused 2.187ms total 141.024ms
05-19 11:20:38.812   303   314 I art     : Background sticky concurrent mark sweep GC freed 13993(882KB) AllocSpace objects, 0(0B) LOS objects, 7% free, 8MB/8MB, paused 2.831ms total 1.313s
05-19 11:20:40.271   303   314 I art     : Background partial concurrent mark sweep GC freed 5669(425KB) AllocSpace objects, 0(0B) LOS objects, 32% free, 8MB/12MB, paused 6.038ms total 750.687ms
05-19 11:20:40.282   303   303 W PackageManager: Failed to parse /system/framework/oat: Missing base APK in /system/framework/oat
05-19 11:20:40.353   303   303 I PackageManager: /system/priv-app/BackupRestoreConfirmation changed; collecting certs
05-19 11:20:40.604   303   303 I PackageManager: /system/priv-app/CalendarProvider changed; collecting certs
05-19 11:20:40.690   303   303 I PackageManager: New shared user android.uid.calendar: id=10001
05-19 11:20:40.827   303   303 W PackageParser: No actions in intent filter at /system/priv-app/Contacts/Contacts.apk Binary XML file line #388
05-19 11:20:40.837   303   303 I PackageManager: /system/priv-app/Contacts changed; collecting certs
05-19 11:20:41.850   303   314 I art     : Background sticky concurrent mark sweep GC freed 21404(1406KB) AllocSpace objects, 14(1072KB) LOS objects, 21% free, 9MB/12MB, paused 2.335ms total 278.060ms
05-19 11:20:44.297   303   314 I art     : Background sticky concurrent mark sweep GC freed 16073(1085KB) AllocSpace objects, 11(968KB) LOS objects, 11% free, 10MB/12MB, paused 59.086ms total 635.108ms
05-19 11:20:46.456   303   314 I art     : Background partial concurrent mark sweep GC freed 146753(7MB) AllocSpace objects, 5(2MB) LOS objects, 33% free, 2MB/4MB, paused 17.823ms total 516.937ms
05-19 11:20:47.374   303   314 I art     : Background sticky concurrent mark sweep GC freed 13473(857KB) AllocSpace objects, 2(232KB) LOS objects, 29% free, 3MB/4MB, paused 2.418ms total 132.589ms
05-19 11:20:48.289   303   303 I PackageManager: New shared user android.uid.shared: id=10002
05-19 11:20:48.456   303   303 I PackageManager: /system/priv-app/ContactsProvider changed; collecting certs
05-19 11:20:48.713   303   303 I PackageManager: /system/priv-app/DefaultContainerService changed; collecting certs
05-19 11:20:49.031   303   314 I art     : Background sticky concurrent mark sweep GC freed 12766(869KB) AllocSpace objects, 3(60KB) LOS objects, 17% free, 3MB/4MB, paused 2.103ms total 388.724ms
05-19 11:20:49.214   303   303 W PackageParser: No actions in intent filter at /system/priv-app/Dialer/Dialer.apk Binary XML file line #172
05-19 11:20:49.227   303   303 I PackageManager: /system/priv-app/Dialer changed; collecting certs
05-19 11:20:49.583   303   314 I art     : Background partial concurrent mark sweep GC freed 32470(1889KB) AllocSpace objects, 10(776KB) LOS objects, 33% free, 2MB/3MB, paused 19.547ms total 287.910ms
05-19 11:20:50.146   303   314 I art     : Background sticky concurrent mark sweep GC freed 10725(644KB) AllocSpace objects, 0(0B) LOS objects, 17% free, 3MB/3MB, paused 3.045ms total 136.090ms
05-19 11:20:51.454   303   314 I art     : Background sticky concurrent mark sweep GC freed 6482(406KB) AllocSpace objects, 0(0B) LOS objects, 5% free, 3MB/3MB, paused 4.398ms total 177.505ms
05-19 11:20:51.845   303   314 I art     : Background partial concurrent mark sweep GC freed 2943(213KB) AllocSpace objects, 5(880KB) LOS objects, 33% free, 2MB/4MB, paused 3.154ms total 249.509ms
05-19 11:20:52.780   303   314 I art     : Background sticky concurrent mark sweep GC freed 11094(744KB) AllocSpace objects, 5(224KB) LOS objects, 0% free, 4MB/4MB, paused 5.003ms total 172.722ms
05-19 11:20:53.806   303   314 I art     : Background sticky concurrent mark sweep GC freed 1491(95KB) AllocSpace objects, 1(128KB) LOS objects, 0% free, 4MB/4MB, paused 3.910ms total 976.125ms
05-19 11:20:54.046   303   314 I art     : Background partial concurrent mark sweep GC freed 33132(1849KB) AllocSpace objects, 6(1060KB) LOS objects, 33% free, 2MB/3MB, paused 2.771ms total 237.198ms
05-19 11:20:54.597   303   314 I art     : Background sticky concurrent mark sweep GC freed 9289(555KB) AllocSpace objects, 0(0B) LOS objects, 15% free, 2MB/3MB, paused 2.352ms total 135.431ms
05-19 11:20:55.163   303   314 I art     : Background sticky concurrent mark sweep GC freed 5319(340KB) AllocSpace objects, 0(0B) LOS objects, 4% free, 3MB/3MB, paused 2.589ms total 119.202ms
05-19 11:20:55.338   303   314 I art     : Background partial concurrent mark sweep GC freed 1937(137KB) AllocSpace objects, 2(240KB) LOS objects, 33% free, 2MB/4MB, paused 3.091ms total 166.380ms
05-19 11:20:55.921   303   303 I PackageManager: /system/priv-app/DownloadProvider changed; collecting certs
05-19 11:20:56.015   303   314 I art     : Background sticky concurrent mark sweep GC freed 12013(831KB) AllocSpace objects, 0(0B) LOS objects, 16% free, 3MB/4MB, paused 3.712ms total 162.578ms
05-19 11:20:56.034   303   303 I PackageManager: New shared user android.media: id=10005
05-19 11:20:56.075   303   303 W PackageManager: Permission android.permission.DOWNLOAD_WITHOUT_NOTIFICATION from package com.android.providers.downloads in an unknown group android.permission-group.NETWORK
05-19 11:20:56.117   303   303 I PackageManager: /system/priv-app/ExternalStorageProvider changed; collecting certs
05-19 11:20:56.278   303   303 I PackageManager: /system/priv-app/FusedLocation changed; collecting certs
05-19 11:20:56.478   303   303 I PackageManager: /system/priv-app/InputDevices changed; collecting certs
05-19 11:20:56.496   303   314 I art     : Background sticky concurrent mark sweep GC freed 9710(646KB) AllocSpace objects, 6(120KB) LOS objects, 18% free, 3MB/4MB, paused 7.601ms total 120.010ms
05-19 11:20:56.823   303   303 I PackageManager: /system/priv-app/Launcher3 changed; collecting certs
05-19 11:20:57.007   303   314 I art     : Background sticky concurrent mark sweep GC freed 6894(527KB) AllocSpace objects, 6(136KB) LOS objects, 14% free, 3MB/4MB, paused 2.760ms total 113.296ms
05-19 11:20:57.491   303   314 I art     : Background sticky concurrent mark sweep GC freed 5224(332KB) AllocSpace objects, 5(116KB) LOS objects, 6% free, 4MB/4MB, paused 18.376ms total 149.049ms
05-19 11:20:58.020   303   314 I art     : Background partial concurrent mark sweep GC freed 41099(2MB) AllocSpace objects, 6(544KB) LOS objects, 35% free, 1896KB/2MB, paused 4.604ms total 383.270ms
05-19 11:20:58.137   303   303 I PackageManager: /system/priv-app/ManagedProvisioning changed; collecting certs
05-19 11:20:58.461   303   303 I PackageManager: /system/priv-app/MediaProvider changed; collecting certs
05-19 11:20:58.640   303   314 I art     : Background sticky concurrent mark sweep GC freed 11817(879KB) AllocSpace objects, 5(92KB) LOS objects, 34% free, 1903KB/2MB, paused 2.064ms total 133.758ms
05-19 11:20:58.709   303   303 I PackageManager: /system/priv-app/MmsService changed; collecting certs
05-19 11:20:58.902   303   303 I PackageManager: /system/priv-app/PackageInstaller changed; collecting certs
05-19 11:21:00.050   303   314 I art     : Background partial concurrent mark sweep GC freed 16009(904KB) AllocSpace objects, 8(304KB) LOS objects, 35% free, 1875KB/2MB, paused 2.786ms total 151.981ms
05-19 11:21:01.060   303   303 I PackageManager: /system/priv-app/ProxyHandler changed; collecting certs
05-19 11:21:01.220   303   314 I art     : Background sticky concurrent mark sweep GC freed 9852(636KB) AllocSpace objects, 3(96KB) LOS objects, 27% free, 2MB/2MB, paused 11.340ms total 94.816ms
05-19 11:21:01.552   303   303 W PackageParser: Ignoring duplicate uses-permissions/uses-permissions-sdk-m: android.permission.USE_CREDENTIALS in package: com.android.settings at: Binary XML file line #55
05-19 11:21:01.553   303   303 W PackageParser: Ignoring duplicate uses-permissions/uses-permissions-sdk-m: android.permission.READ_SYNC_SETTINGS in package: com.android.settings at: Binary XML file line #60
05-19 11:21:01.554   303   303 W PackageParser: Ignoring duplicate uses-permissions/uses-permissions-sdk-m: android.permission.WRITE_SYNC_SETTINGS in package: com.android.settings at: Binary XML file line #61
05-19 11:21:02.315   303   303 I PackageManager: /system/priv-app/Settings changed; collecting certs
05-19 11:21:02.599   303   314 I art     : Background partial concurrent mark sweep GC freed 10004(594KB) AllocSpace objects, 4(256KB) LOS objects, 33% free, 2MB/3MB, paused 2.542ms total 169.717ms
05-19 11:21:04.886   303   314 I art     : Background sticky concurrent mark sweep GC freed 10000(606KB) AllocSpace objects, 0(0B) LOS objects, 13% free, 2MB/3MB, paused 12.813ms total 213.850ms
05-19 11:21:05.242   303   314 I art     : Background partial concurrent mark sweep GC freed 5811(354KB) AllocSpace objects, 3(420KB) LOS objects, 33% free, 2MB/4MB, paused 2.247ms total 200.547ms
05-19 11:21:05.945   303   314 I art     : Background sticky concurrent mark sweep GC freed 6555(384KB) AllocSpace objects, 0(0B) LOS objects, 7% free, 4MB/4MB, paused 2.984ms total 123.021ms
05-19 11:21:06.883   303   314 I art     : Background partial concurrent mark sweep GC freed 24846(1353KB) AllocSpace objects, 3(532KB) LOS objects, 33% free, 2MB/3MB, paused 3.531ms total 657.774ms
05-19 11:21:08.597   303   314 I art     : Background sticky concurrent mark sweep GC freed 10528(669KB) AllocSpace objects, 2(164KB) LOS objects, 20% free, 3MB/3MB, paused 13.667ms total 275.707ms
05-19 11:21:08.879   303   303 I PackageManager: /system/priv-app/SettingsProvider changed; collecting certs
05-19 11:21:09.098   303   303 I PackageManager: /system/priv-app/SharedStorageBackup changed; collecting certs
05-19 11:21:09.402   303   303 W PackageParser: Ignoring duplicate uses-permissions/uses-permissions-sdk-m: android.permission.INSTALL_GRANT_RUNTIME_PERMISSIONS in package: com.android.shell at: Binary XML file line #99
05-19 11:21:09.413   303   303 I PackageManager: /system/priv-app/Shell changed; collecting certs
05-19 11:21:09.470   303   314 I art     : Background partial concurrent mark sweep GC freed 30184(1755KB) AllocSpace objects, 5(336KB) LOS objects, 35% free, 1878KB/2MB, paused 2.258ms total 281.180ms
05-19 11:21:09.641   303   303 I PackageManager: /system/priv-app/StatementService changed; collecting certs
05-19 11:21:09.949   303   303 W PackageParser: Ignoring duplicate uses-permissions/uses-permissions-sdk-m: android.permission.CONFIGURE_WIFI_DISPLAY in package: com.android.systemui at: Binary XML file line #119
05-19 11:21:09.974   303   303 I PackageManager: /system/priv-app/SystemUI changed; collecting certs
05-19 11:21:10.728   303   314 I art     : Background partial concurrent mark sweep GC freed 5864(359KB) AllocSpace objects, 5(280KB) LOS objects, 33% free, 2MB/3MB, paused 2.238ms total 162.154ms
05-19 11:21:11.137   303   314 I art     : Background sticky concurrent mark sweep GC freed 4405(298KB) AllocSpace objects, 8(480KB) LOS objects, 21% free, 2MB/3MB, paused 8.004ms total 152.953ms
05-19 11:21:11.817   303   314 I art     : Background partial concurrent mark sweep GC freed 18680(1050KB) AllocSpace objects, 2(156KB) LOS objects, 33% free, 2MB/3MB, paused 2.436ms total 198.385ms
05-19 11:21:11.952   303   303 I PackageManager: New shared user android.uid.systemui: id=10013
05-19 11:21:12.140   303   303 I PackageManager: /system/priv-app/TeleService changed; collecting certs
05-19 11:21:12.510   303   314 I art     : Background sticky concurrent mark sweep GC freed 10611(737KB) AllocSpace objects, 11(260KB) LOS objects, 19% free, 3MB/3MB, paused 2.700ms total 123.125ms
05-19 11:21:13.010   303   303 I PackageManager: /system/priv-app/Telecom changed; collecting certs
05-19 11:21:13.240   303   314 I art     : Background sticky concurrent mark sweep GC freed 6938(483KB) AllocSpace objects, 3(64KB) LOS objects, 13% free, 3MB/3MB, paused 2.406ms total 110.880ms
05-19 11:21:13.407   303   303 I PackageManager: /system/priv-app/TelephonyProvider changed; collecting certs
05-19 11:21:13.587   303   303 I PackageManager: /system/priv-app/VpnDialogs changed; collecting certs
05-19 11:21:13.735   303   303 I PackageManager: /system/app/BackupTestApp changed; collecting certs
05-19 11:21:13.920   303   303 I PackageManager: /system/app/BasicDreams changed; collecting certs
05-19 11:21:14.070   303   314 I art     : Background sticky concurrent mark sweep GC freed 5809(368KB) AllocSpace objects, 2(40KB) LOS objects, 7% free, 3MB/3MB, paused 2.637ms total 135.351ms
05-19 11:21:14.160   303   303 I PackageManager: /system/app/Browser changed; collecting certs
05-19 11:21:14.393   303   314 I art     : Background partial concurrent mark sweep GC freed 25125(1481KB) AllocSpace objects, 14(484KB) LOS objects, 33% free, 2MB/3MB, paused 3.146ms total 204.072ms
05-19 11:21:15.100   303   314 I art     : Background sticky concurrent mark sweep GC freed 9352(578KB) AllocSpace objects, 8(284KB) LOS objects, 23% free, 2MB/3MB, paused 2.345ms total 107.739ms
05-19 11:21:15.362   303   303 I PackageManager: /system/app/Calculator changed; collecting certs
05-19 11:21:15.634   303   303 I PackageManager: /system/app/Calendar changed; collecting certs
05-19 11:21:16.257   303   314 I art     : Background partial concurrent mark sweep GC freed 17252(984KB) AllocSpace objects, 6(280KB) LOS objects, 33% free, 2MB/3MB, paused 28.180ms total 406.904ms
05-19 11:21:16.756   303   314 I art     : Background sticky concurrent mark sweep GC freed 7345(485KB) AllocSpace objects, 9(440KB) LOS objects, 23% free, 2MB/3MB, paused 3ms total 143.033ms
05-19 11:21:17.277   303   314 I art     : Background partial concurrent mark sweep GC freed 17896(1055KB) AllocSpace objects, 4(220KB) LOS objects, 33% free, 2MB/3MB, paused 2.405ms total 202.220ms
05-19 11:21:17.331   303   303 I PackageManager: /system/app/CaptivePortalLogin changed; collecting certs
05-19 11:21:17.456   303   303 I PackageManager: /system/app/CertInstaller changed; collecting certs
05-19 11:21:17.635   303   303 I PackageManager: /system/app/CustomLocale changed; collecting certs
05-19 11:21:17.943   303   303 I PackageManager: /system/app/DeskClock changed; collecting certs
05-19 11:21:18.110   303   314 W art     : Suspending all threads took: 6.846ms
05-19 11:21:18.140   303   314 I art     : Background sticky concurrent mark sweep GC freed 12581(903KB) AllocSpace objects, 13(472KB) LOS objects, 22% free, 2MB/3MB, paused 9.953ms total 168.283ms
05-19 11:21:19.340   303   314 I art     : Background partial concurrent mark sweep GC freed 12739(751KB) AllocSpace objects, 8(520KB) LOS objects, 33% free, 3MB/4MB, paused 2.918ms total 205.881ms
05-19 11:21:20.430   303   314 I art     : Background sticky concurrent mark sweep GC freed 13482(839KB) AllocSpace objects, 3(180KB) LOS objects, 20% free, 3MB/4MB, paused 2.440ms total 139.994ms
05-19 11:21:20.559   303   303 I PackageManager: /system/app/Development changed; collecting certs
05-19 11:21:20.734   303   303 I PackageManager: /system/app/DevelopmentSettings changed; collecting certs
05-19 11:21:20.875   303   303 I PackageManager: /system/app/DocumentsUI changed; collecting certs
05-19 11:21:21.745   303   314 I art     : Background sticky concurrent mark sweep GC freed 4745(277KB) AllocSpace objects, 2(48KB) LOS objects, 5% free, 4MB/4MB, paused 2.740ms total 174.139ms
05-19 11:21:21.832   303   303 I PackageManager: /system/app/DownloadProviderUi changed; collecting certs
05-19 11:21:22.221   303   314 I art     : Background partial concurrent mark sweep GC freed 40249(2MB) AllocSpace objects, 15(756KB) LOS objects, 33% free, 2MB/3MB, paused 2.328ms total 317.538ms
05-19 11:21:22.289   303   303 W PackageParser: Ignoring duplicate uses-permissions/uses-permissions-sdk-m: android.permission.WRITE_CONTACTS in package: com.android.email at: Binary XML file line #40
05-19 11:21:22.413   303   303 I PackageManager: /system/app/Email changed; collecting certs
05-19 11:21:22.655   303   314 I art     : Background sticky concurrent mark sweep GC freed 3748(284KB) AllocSpace objects, 8(480KB) LOS objects, 19% free, 2MB/3MB, paused 3.382ms total 122.355ms
05-19 11:21:23.048   303   314 I art     : Background partial concurrent mark sweep GC freed 6766(408KB) AllocSpace objects, 1(20KB) LOS objects, 33% free, 2MB/4MB, paused 2.277ms total 228.107ms
05-19 11:21:24.074   303   314 I art     : Background sticky concurrent mark sweep GC freed 10792(699KB) AllocSpace objects, 3(164KB) LOS objects, 7% free, 3MB/4MB, paused 2.086ms total 224.289ms
05-19 11:21:24.340   303   314 I art     : Background partial concurrent mark sweep GC freed 20672(1140KB) AllocSpace objects, 9(708KB) LOS objects, 33% free, 2MB/3MB, paused 4.020ms total 208.731ms
05-19 11:21:25.014   303   314 I art     : Background sticky concurrent mark sweep GC freed 11286(677KB) AllocSpace objects, 2(148KB) LOS objects, 20% free, 2MB/3MB, paused 2.191ms total 111.367ms
05-19 11:21:25.508   303   314 I art     : Background sticky concurrent mark sweep GC freed 6530(435KB) AllocSpace objects, 0(0B) LOS objects, 13% free, 3MB/3MB, paused 2.193ms total 163.934ms
05-19 11:21:25.605   303   303 I PackageManager: /system/app/EmulatorSmokeTests changed; collecting certs
05-19 11:21:26.000   303   303 I PackageManager: /system/app/Exchange2 changed; collecting certs
05-19 11:21:26.070   303   314 I art     : Background partial concurrent mark sweep GC freed 23774(1386KB) AllocSpace objects, 4(284KB) LOS objects, 33% free, 2MB/3MB, paused 18.957ms total 294.599ms
05-19 11:21:26.224   303   303 I PackageManager: /system/app/Fallback changed; collecting certs
05-19 11:21:26.397   303   303 I PackageManager: /system/app/Gallery changed; collecting certs
05-19 11:21:26.660   303   314 I art     : Background sticky concurrent mark sweep GC freed 11219(787KB) AllocSpace objects, 10(196KB) LOS objects, 25% free, 2MB/3MB, paused 2.478ms total 137.162ms
05-19 11:21:26.850   303   303 I PackageManager: /system/app/HTMLViewer changed; collecting certs
05-19 11:21:26.984   303   303 I PackageManager: /system/app/KeyChain changed; collecting certs
05-19 11:21:27.171   303   314 I art     : Background sticky concurrent mark sweep GC freed 9532(640KB) AllocSpace objects, 4(76KB) LOS objects, 19% free, 2MB/3MB, paused 21.384ms total 174.856ms
05-19 11:21:27.436   303   303 I PackageManager: /system/app/LatinIME changed; collecting certs
05-19 11:21:27.740   303   314 I art     : Background partial concurrent mark sweep GC freed 7800(495KB) AllocSpace objects, 17(888KB) LOS objects, 33% free, 2MB/3MB, paused 2.664ms total 233.149ms
05-19 11:21:28.616   303   314 I art     : Background sticky concurrent mark sweep GC freed 10724(661KB) AllocSpace objects, 0(0B) LOS objects, 15% free, 3MB/3MB, paused 21.689ms total 152.861ms
05-19 11:21:29.037   303   314 I art     : Background partial concurrent mark sweep GC freed 7231(460KB) AllocSpace objects, 3(424KB) LOS objects, 33% free, 3MB/5MB, paused 2.782ms total 249.216ms
05-19 11:21:29.480   303   314 I art     : Background sticky concurrent mark sweep GC freed 4858(330KB) AllocSpace objects, 10(992KB) LOS objects, 24% free, 3MB/5MB, paused 12.598ms total 122.383ms
05-19 11:21:30.420   303   314 I art     : Background partial concurrent mark sweep GC freed 33021(1885KB) AllocSpace objects, 2(284KB) LOS objects, 33% free, 3MB/5MB, paused 2.576ms total 259.937ms
05-19 11:21:31.168   303   303 I PackageManager: /system/app/LegacyCamera changed; collecting certs
05-19 11:21:31.440   303   314 W art     : Suspending all threads took: 7.996ms
05-19 11:21:31.520   303   314 I art     : Background sticky concurrent mark sweep GC freed 10577(731KB) AllocSpace objects, 8(480KB) LOS objects, 21% free, 3MB/5MB, paused 10.843ms total 188.388ms
05-19 11:21:32.301   303   314 I art     : Background partial concurrent mark sweep GC freed 31275(1824KB) AllocSpace objects, 14(1024KB) LOS objects, 33% free, 3MB/4MB, paused 2.218ms total 255.812ms
05-19 11:21:32.928   303   303 I PackageManager: /system/app/LiveWallpapersPicker changed; collecting certs
05-19 11:21:33.195   303   314 I art     : Background sticky concurrent mark sweep GC freed 13766(926KB) AllocSpace objects, 3(112KB) LOS objects, 25% free, 3MB/4MB, paused 2.250ms total 133.703ms
05-19 11:21:33.359   303   303 I PackageManager: /system/app/Music changed; collecting certs
05-19 11:21:33.886   303   314 I art     : Background sticky concurrent mark sweep GC freed 9943(645KB) AllocSpace objects, 12(280KB) LOS objects, 18% free, 3MB/4MB, paused 2.467ms total 120.139ms
05-19 11:21:34.018   303   303 I PackageManager: /system/app/NetSpeed changed; collecting certs
05-19 11:21:34.141   303   303 I PackageManager: /system/app/OpenWnn changed; collecting certs
05-19 11:21:34.297   303   314 I art     : Background sticky concurrent mark sweep GC freed 7839(542KB) AllocSpace objects, 10(308KB) LOS objects, 14% free, 4MB/4MB, paused 2.403ms total 108.172ms
05-19 11:21:34.813   303   314 I art     : Background sticky concurrent mark sweep GC freed 6009(354KB) AllocSpace objects, 2(72KB) LOS objects, 8% free, 4MB/4MB, paused 2.877ms total 162.683ms
05-19 11:21:35.070   303   314 W art     : Suspending all threads took: 7.719ms
05-19 11:21:35.221   303   314 I art     : Background partial concurrent mark sweep GC freed 36104(2MB) AllocSpace objects, 14(604KB) LOS objects, 33% free, 2MB/3MB, paused 10.287ms total 283.759ms
05-19 11:21:35.740   303   303 I PackageManager: /system/app/PacProcessor changed; collecting certs
05-19 11:21:35.874   303   303 I PackageManager: /system/app/PicoTts changed; collecting certs
05-19 11:21:35.990   303   314 I art     : Background sticky concurrent mark sweep GC freed 13388(854KB) AllocSpace objects, 4(112KB) LOS objects, 24% free, 2MB/3MB, paused 2.394ms total 100.596ms
05-19 11:21:36.074   303   303 I PackageManager: /system/app/PrintSpooler changed; collecting certs
05-19 11:21:36.308   303   303 I PackageManager: /system/app/Protips changed; collecting certs
05-19 11:21:36.555   303   303 I PackageManager: /system/app/QuickSearchBox changed; collecting certs
05-19 11:21:36.900   303   314 W art     : Suspending all threads took: 9.180ms
05-19 11:21:36.926   303   314 I art     : Background sticky concurrent mark sweep GC freed 5752(388KB) AllocSpace objects, 7(160KB) LOS objects, 14% free, 3MB/3MB, paused 12.541ms total 110.945ms
05-19 11:21:37.410   303   314 I art     : Background partial concurrent mark sweep GC freed 17808(1044KB) AllocSpace objects, 12(368KB) LOS objects, 33% free, 2MB/3MB, paused 2.425ms total 269.012ms
05-19 11:21:37.529   303   303 I PackageManager: /system/app/SdkSetup changed; collecting certs
05-19 11:21:37.725   303   303 I PackageManager: /system/app/SoundRecorder changed; collecting certs
05-19 11:21:37.887   303   303 I PackageManager: /system/app/UserDictionaryProvider changed; collecting certs
05-19 11:21:38.011   303   303 I PackageManager: /system/app/webview changed; collecting certs
05-19 11:21:38.480   303   303 D PackageManager: No files in app dir /system/vendor/app
05-19 11:21:38.480   303   303 D PackageManager: No files in app dir /oem/app
05-19 11:21:38.999   303   303 W PackageParser: No actions in intent filter at /data/app/ApiDemos/ApiDemos.apk Binary XML file line #3082
05-19 11:21:39.000   303   303 W PackageParser: No actions in intent filter at /data/app/ApiDemos/ApiDemos.apk Binary XML file line #3088
05-19 11:21:39.030   303   303 I PackageManager: /data/app/ApiDemos changed; collecting certs
05-19 11:21:39.063   303   314 I art     : Background sticky concurrent mark sweep GC freed 10609(699KB) AllocSpace objects, 4(72KB) LOS objects, 19% free, 2MB/3MB, paused 12.732ms total 179.318ms
05-19 11:21:39.580   303   314 I art     : Background partial concurrent mark sweep GC freed 11001(655KB) AllocSpace objects, 10(316KB) LOS objects, 33% free, 2MB/4MB, paused 2.042ms total 309.984ms
05-19 11:21:40.920   303   314 I art     : Background sticky concurrent mark sweep GC freed 17944(848KB) AllocSpace objects, 2(72KB) LOS objects, 24% free, 3MB/4MB, paused 3.531ms total 163.330ms
05-19 11:21:42.470   303   314 I art     : Background sticky concurrent mark sweep GC freed 11805(540KB) AllocSpace objects, 6(224KB) LOS objects, 15% free, 3MB/4MB, paused 3.073ms total 127.020ms
05-19 11:21:43.189   303   314 I art     : Background partial concurrent mark sweep GC freed 21636(1124KB) AllocSpace objects, 4(172KB) LOS objects, 33% free, 3MB/4MB, paused 2.772ms total 319.705ms
05-19 11:21:43.205   303   303 W PackageManager: Package com.example.android.apis desires unavailable shared library com.example.will.never.exist; ignoring!
