05-19 10:29:30.344    70    70 V EmulatedCamera_CallbackNotifier:     CAMERA_MSG_RAW_IMAGE_NOTIFY
05-19 10:29:30.344    70    70 V EmulatedCamera_CallbackNotifier:     CAMERA_MSG_PREVIEW_METADATA
05-19 10:29:30.344    70    70 V EmulatedCamera_CallbackNotifier: **** Currently enabled messages:
05-19 10:29:30.344    70    70 V EmulatedCamera_Camera: doStopPreview
05-19 10:29:30.344    70    70 V EmulatedCamera_Camera: cancelPicture
05-19 10:29:30.345    70    70 V EmulatedCamera_Camera: releaseCamera
05-19 10:29:30.345    70    70 V EmulatedCamera_Camera: doStopPreview
05-19 10:29:30.345    70    70 V EmulatedCamera_FakeDevice: disconnectDevice
05-19 10:29:30.345    70    70 I CameraFlashlight: Destroying camera 0
05-19 10:29:30.345    70    70 V EmulatedCamera_Camera: closeCamera
05-19 10:29:30.345    70    70 V EmulatedCamera_Camera: doStopPreview
05-19 10:29:30.378    70    70 I CameraService: disconnect: Disconnected client for camera 0 for PID 70
05-19 10:29:30.379    70    70 D NuPlayerDriver: reset(0xb60d6cc0)
05-19 10:29:30.379    70    70 D NuPlayerDriver: notifyListener_l(0xb60d6cc0), (8, 0, 0)
05-19 10:29:30.390    70   935 D NuPlayerDriver: notifyResetComplete(0xb60d6cc0)
05-19 10:29:30.420    70    70 D NuPlayerDriver: reset(0xb60d75c0)
05-19 10:29:30.420    70    70 D NuPlayerDriver: notifyListener_l(0xb60d75c0), (8, 0, 0)
05-19 10:29:30.425    70   937 D NuPlayerDriver: notifyResetComplete(0xb60d75c0)
05-19 10:29:30.426    70    70 E CameraService: disconnect: Disconnect called on already disconnected client for device 0
05-19 10:29:30.438    70   144 V EmulatedCamera_Camera: getCameraInfo
05-19 10:29:30.438    70   144 V EmulatedCamera_BaseCamera: getCameraInfo
05-19 10:29:30.443    70   495 V EmulatedCamera_Camera: getCameraInfo
05-19 10:29:30.444    70   495 V EmulatedCamera_BaseCamera: getCameraInfo
05-19 10:29:30.603   861   861 D TelephonyProvider: dbh.onCreate:- db=SQLiteDatabase: /data/user/0/com.android.providers.telephony/databases/telephony.db
05-19 10:29:30.673   861   861 D TelephonyProvider: dbh.onOpen: ok, queried table=siminfo
05-19 10:29:30.676   861   861 D TelephonyProvider: dbh.onOpen: ok, queried table=carriers
05-19 10:29:30.743   619   648 I art     : Background sticky concurrent mark sweep GC freed 1030(49KB) AllocSpace objects, 0(0B) LOS objects, 6% free, 2MB/2MB, paused 7.252ms total 102.488ms
05-19 10:29:30.764   861   861 D TelephonyProvider: onCreate: build id changed from  to MRA44C
05-19 10:29:30.855   861   861 D TelephonyProvider: No APNs in OEM image = /oem/telephony/apns-conf.xml Load APNs from system image
05-19 10:29:30.856   861   861 D TelephonyProvider: No APNs in OEM image = /data/misc/apns-conf.xml Load APNs from system image
05-19 10:29:30.856   861   861 D TelephonyProvider: confFile = /system/etc/apns-conf.xml
05-19 10:29:31.106   619   648 I art     : Background sticky concurrent mark sweep GC freed 700(39KB) AllocSpace objects, 0(0B) LOS objects, 5% free, 2MB/2MB, paused 2.362ms total 105.981ms
05-19 10:29:31.275   619   648 I art     : Background sticky concurrent mark sweep GC freed 470(21KB) AllocSpace objects, 0(0B) LOS objects, 4% free, 2MB/2MB, paused 2.324ms total 125.782ms
05-19 10:29:31.415   619   648 I art     : Background sticky concurrent mark sweep GC freed 76(19KB) AllocSpace objects, 0(0B) LOS objects, 3% free, 2MB/2MB, paused 3.140ms total 138.506ms
05-19 10:29:31.655   358   377 V KeyguardServiceDelegate: *** Keyguard started
05-19 10:29:31.753   358   377 W KeyguardServiceDelegate: onScreenTurningOn(): no keyguard service!
05-19 10:29:31.867   619   648 I art     : Background partial concurrent mark sweep GC freed 2146(149KB) AllocSpace objects, 0(0B) LOS objects, 39% free, 2MB/3MB, paused 1.946ms total 440.477ms
05-19 10:29:32.000    59    92 E SurfaceFlinger: ro.sf.lcd_density must be defined as a build property
05-19 10:29:32.007   619   948 D OpenGLRenderer: Use EGL_SWAP_BEHAVIOR_PRESERVED: true
05-19 10:29:32.008   619   948 D OpenGLRenderer: profile bars disabled
05-19 10:29:32.012   619   948 D OpenGLRenderer: ambientRatio = 1.50
05-19 10:29:32.122   619   619 D PhoneStatusBar: disable: < EXPAND* icons alerts system_info BACK* HOME* RECENT* clock SEARCH* quick_settings >
05-19 10:29:32.413   619   619 D PhoneStatusBar: heads up is enabled
05-19 10:29:32.442   619   619 D StatusBar: user hasn't seen notification about hidden notifications
05-19 10:29:32.444   619   619 D StatusBar: insecure lockscreen, skipping notification
05-19 10:29:32.758   358   378 W WindowManager: Keyguard drawn timeout. Setting mKeyguardDrawComplete
05-19 10:29:32.997   358   377 W BroadcastQueue: Timeout of broadcast BroadcastRecord{944d754 u-1 android.intent.action.TIME_TICK} - receiver=android.os.BinderProxy@f5e4122, started 10002ms ago
05-19 10:29:33.008   358   377 W BroadcastQueue: Receiver during timeout: BroadcastFilter{374170 u0 ReceiverList{54647b3 619 com.android.systemui/10013/u0 remote:f5e4122}}
05-19 10:29:33.164   358   377 I ActivityManager: Start proc 954:com.android.music/u0a35 for broadcast com.android.music/.MediaButtonIntentReceiver
05-19 10:29:33.168   358   378 W art     : Long monitor contention event with owner method=void com.android.server.am.BroadcastQueue.processNextBroadcast(boolean) from BroadcastQueue.java:639 waiters=0 for 154ms
05-19 10:29:33.198   861   884 I art     : Background sticky concurrent mark sweep GC freed 44734(2MB) AllocSpace objects, 4(80KB) LOS objects, 75% free, 893KB/3MB, paused 42.264ms total 656.766ms
05-19 10:29:33.358   358   377 I Process : Sending signal. PID: 619 SIG: 3
05-19 10:29:33.360   619   643 I art     : Thread[3,tid=643,WaitingInMainSignalCatcherLoop,Thread*=0xaeaaf000,peer=0x15c16100,"Signal Catcher"]: reacting to signal 3
05-19 10:29:33.476   954   954 I art     : Late-enabling JIT
05-19 10:29:33.568   358   377 I Process : Sending signal. PID: 358 SIG: 3
05-19 10:29:33.569   358   363 I art     : Thread[2,tid=363,WaitingInMainSignalCatcherLoop,Thread*=0xaeaae600,peer=0x12c010a0,"Signal Catcher"]: reacting to signal 3
05-19 10:29:33.705   954   954 I art     : JIT created with code_cache_capacity=2MB compile_threshold=1000
05-19 10:29:34.571   619   643 W art     : Method processed more than once: void android.os.HandlerThread.run()
05-19 10:29:34.654   619   643 W art     : Method processed more than once: android.os.Message android.os.MessageQueue.next()
05-19 10:29:34.655   619   643 W art     : Method processed more than once: void android.os.HandlerThread.run()
05-19 10:29:34.738   619   643 W art     : Method processed more than once: android.os.Message android.os.MessageQueue.next()
05-19 10:29:34.739   619   643 W art     : Method processed more than once: void android.os.HandlerThread.run()
05-19 10:29:34.973   619   643 W art     : Method processed more than once: android.os.Message android.os.MessageQueue.next()
05-19 10:29:34.974   619   643 W art     : Method processed more than once: void android.os.HandlerThread.run()
05-19 10:29:35.118   619   643 W art     : Method processed more than once: android.os.Message android.os.MessageQueue.next()
05-19 10:29:35.119   619   643 W art     : Method processed more than once: void android.os.HandlerThread.run()
05-19 10:29:35.206   619   643 W art     : Method processed more than once: android.os.Message android.os.MessageQueue.next()
05-19 10:29:35.207   619   643 W art     : Method processed more than once: void android.os.HandlerThread.run()
05-19 10:29:35.358   619   643 I art     : Wrote stack traces to '/data/anr/traces.txt'
05-19 10:29:35.408   358   363 W art     : Suspending all threads took: 1.836s
05-19 10:29:35.435   358   377 I Process : Sending signal. PID: 861 SIG: 3
05-19 10:29:35.443   861   874 I art     : Thread[3,tid=874,WaitingInMainSignalCatcherLoop,Thread*=0xaeaaf000,peer=0x12c510a0,"Signal Catcher"]: reacting to signal 3
05-19 10:29:35.478   358   376 D GpsLocationProvider: Reset GPS properties, previous size = 0
05-19 10:29:35.479   358   376 D GpsLocationProvider: GpsParamsResource: SUPL_HOST=supl.google.com
05-19 10:29:35.479   358   376 D GpsLocationProvider: GpsParamsResource: SUPL_PORT=7275
05-19 10:29:35.480   358   376 D GpsLocationProvider: GpsParamsResource: NTP_SERVER=north-america.pool.ntp.org
05-19 10:29:35.480   358   376 D GpsLocationProvider: GpsParamsResource: SUPL_VER=0x20000
05-19 10:29:35.480   358   376 D GpsLocationProvider: GpsParamsResource: SUPL_MODE=1
05-19 10:29:35.481   358   376 W GpsLocationProvider: Could not open GPS configuration file /etc/gps.conf
05-19 10:29:35.482   358   376 D GpsLocationProvider: GPS properties reloaded, size = 5
05-19 10:29:35.482   358   376 E GpsLocationProvider: no AGPS interface in set_agps_server
05-19 10:29:35.582   358   370 I ActivityManager: START u0 {act=android.intent.action.MAIN cat=[android.intent.category.HOME] flg=0x10000000 cmp=com.android.sdksetup/.DefaultActivity} from uid 0 on display 0
05-19 10:29:35.594   861   874 W art     : Suspending all threads took: 19.972ms
05-19 10:29:35.748   358   612 W art     : Long monitor contention event with owner method=void com.android.server.am.ActivityManagerService.activityDestroyed(android.os.IBinder) from ActivityManagerService.java:6475 waiters=0 for 291ms
05-19 10:29:36.344   358   376 W art     : Long monitor contention event with owner method=void com.android.server.am.ActivityManagerService.activityDestroyed(android.os.IBinder) from ActivityManagerService.java:6475 waiters=1 for 859ms
05-19 10:29:37.663   861   874 W art     : Method processed more than once: android.os.Message android.os.MessageQueue.next()
05-19 10:29:37.664   861   874 W art     : Method processed more than once: void android.os.HandlerThread.run()
05-19 10:29:37.683   861   874 I art     : Wrote stack traces to '/data/anr/traces.txt'
05-19 10:29:40.271   358   378 W art     : Long monitor contention event with owner method=void com.android.server.am.ActivityManagerService.activityDestroyed(android.os.IBinder) from ActivityManagerService.java:6475 waiters=2 for 4.783s
05-19 10:29:40.276   358   611 W art     : Long monitor contention event with owner method=void com.android.server.am.ActivityManagerService.activityDestroyed(android.os.IBinder) from ActivityManagerService.java:6475 waiters=3 for 4.681s
05-19 10:29:40.276   358   532 W art     : Long monitor contention event with owner method=void com.android.server.am.ActivityManagerService.activityDestroyed(android.os.IBinder) from ActivityManagerService.java:6475 waiters=4 for 4.607s
05-19 10:29:42.386   358   377 W ProcessCpuTracker: Skipping unknown process pid 979
05-19 10:29:43.287   358   377 E ActivityManager: ANR in com.android.systemui
05-19 10:29:43.287   358   377 E ActivityManager: PID: 619
05-19 10:29:43.287   358   377 E ActivityManager: Reason: Broadcast of Intent { act=android.intent.action.TIME_TICK flg=0x50000014 (has extras) }
05-19 10:29:43.287   358   377 E ActivityManager: Load: 7.03 / 3.54 / 1.54
05-19 10:29:43.287   358   377 E ActivityManager: CPU usage from 0ms to 10020ms later:
05-19 10:29:43.287   358   377 E ActivityManager:   38% 358/system_server: 20% user + 17% kernel / faults: 3765 minor 1 major
05-19 10:29:43.287   358   377 E ActivityManager:   14% 59/surfaceflinger: 10% user + 3.8% kernel / faults: 403 minor
05-19 10:29:43.287   358   377 E ActivityManager:   0.6% 67/debuggerd: 0.1% user + 0.4% kernel / faults: 3697 minor
05-19 10:29:43.287   358   377 E ActivityManager:   10% 619/com.android.systemui: 5.3% user + 4.6% kernel / faults: 1648 minor 3 major
05-19 10:29:43.287   358   377 E ActivityManager:   6.2% 861/com.android.phone: 3% user + 3.2% kernel / faults: 1196 minor
05-19 10:29:43.287   358   377 E ActivityManager:   3.9% 104/bootanimation: 2.9% user + 0.9% kernel
05-19 10:29:43.287   358   377 E ActivityManager:   2.9% 954/zygote: 1% user + 1.9% kernel / faults: 7091 minor
05-19 10:29:43.287   358   377 E ActivityManager:   1.4% 637/android.process.acore: 1.1% user + 0.2% kernel / faults: 828 minor
05-19 10:29:43.287   358   377 E ActivityManager:   0.4% 48/logd: 0.1% user + 0.3% kernel / faults: 4 minor
05-19 10:29:43.287   358   377 E ActivityManager:   0.3% 844/com.android.inputmethod.latin: 0.3% user + 0% kernel / faults: 85 minor
05-19 10:29:43.287   358   377 E ActivityManager:   0.1% 25/mtdblock0: 0% user + 0.1% kernel
05-19 10:29:43.287   358   377 E ActivityManager:   0% 56/healthd: 0% user + 0% kernel
05-19 10:29:43.287   358   377 E ActivityManager:   0% 65/adbd: 0% user + 0% kernel / faults: 193 minor
05-19 10:29:43.287   358   377 E ActivityManager:  +0% 981/getprop: 0% user + 0% kernel
05-19 10:29:43.287   358   377 E ActivityManager: 100% TOTAL: 56% user + 43% kernel
05-19 10:29:43.287   358   377 E ActivityManager: CPU usage from 9233ms to 9855ms later:
05-19 10:29:43.287   358   377 E ActivityManager:   63% 358/system_server: 34% user + 29% kernel / faults: 315 minor
05-19 10:29:43.287   358   377 E ActivityManager:     48% 363/Signal Catcher: 26% user + 22% kernel
05-19 10:29:43.287   358   377 E ActivityManager:     9.7% 377/ActivityManager: 4.8% user + 4.8% kernel
05-19 10:29:43.287   358   377 E ActivityManager:     1.6% 370/Binder_1: 1.6% user + 0% kernel
05-19 10:29:43.287   358   377 E ActivityManager:     1.6% 376/android.bg: 1.6% user + 0% kernel
05-19 10:29:43.287   358   377 E ActivityManager:     1.6% 378/android.ui: 0% user + 1.6% kernel
05-19 10:29:43.287   358   377 E ActivityManager:     1.6% 976/Binder_9: 0% user + 1.6% kernel
05-19 10:29:43.287   358   377 E ActivityManager:   18% 59/surfaceflinger: 4.9% user + 13% kernel / faults: 28 minor
05-19 10:29:43.287   358   377 E ActivityManager:     13% 59/surfaceflinger: 8.2% user + 4.9% kernel
05-19 10:29:43.287   358   377 E ActivityManager:     1.6% 93/Binder_2: 0% user + 1.6% kernel
05-19 10:29:43.287   358   377 E ActivityManager:     1.6% 103/EventControl: 0% user + 1.6% kernel
05-19 10:29:43.287   358   377 E ActivityManager:     1.6% 259/Binder_4: 0% user + 1.6% kernel
05-19 10:29:43.287   358   377 E ActivityManager:   3.2% 104/bootanimation: 3.2% user + 0% kernel
05-19 10:29:43.287   358   377 E ActivityManager:     3.2% 115/BootAnimation: 3.2% user + 0% kernel
05-19 10:29:43.287   358   377 E ActivityManager:   0.8% 48/logd: 0% user + 0.8% kernel / faults: 3 minor
05-19 10:29:43.287   358   377 E ActivityManager:     0.8% 53/logd.writer: 0% user + 0.8% kernel
05-19 10:29:43.287   358   377 E ActivityManager:  +0% 981/sh: 0% user + 0% kernel
05-19 10:29:43.287   358   377 E ActivityManager: 100% TOTAL: 58% user + 41% kernel
05-19 10:29:43.320   358   377 I ActivityManager: Killing 619:com.android.systemui/u0a13 (adj -12): bg anr
05-19 10:29:43.615   358   377 E libprocessgroup: failed to kill 1 processes for processgroup 619
05-19 10:29:43.627   358   377 W ActivityManager: Launch timeout has expired, giving up wake lock!
05-19 10:29:43.743   358   377 I ActivityManager: Start proc 984:com.android.sdksetup/u0a43 for activity com.android.sdksetup/.DefaultActivity
05-19 10:29:43.794   358   471 I InputReader: Reconfiguring input devices.  changes=0x00000010
05-19 10:29:43.817   358   377 W BroadcastQueue: Timeout of broadcast BroadcastRecord{fbbcb08 u-1 android.media.AUDIO_BECOMING_NOISY} - receiver=android.os.BinderProxy@2cc9487, started 10790ms ago
05-19 10:29:43.818   358   377 W BroadcastQueue: Receiver during timeout: ResolveInfo{dc68fb4 com.android.music/.MediaButtonIntentReceiver m=0x108000}
05-19 10:29:43.892   984   984 I art     : Late-enabling JIT
05-19 10:29:43.957   358   377 I Process : Sending signal. PID: 954 SIG: 3
05-19 10:29:44.091   984   984 I art     : JIT created with code_cache_capacity=2MB compile_threshold=1000
05-19 10:29:44.158   358   377 I Process : Sending signal. PID: 358 SIG: 3
05-19 10:29:44.338   954   960 I art     : Thread[3,tid=960,WaitingInMainSignalCatcherLoop,Thread*=0xaeaaf000,peer=0x15c090a0,"Signal Catcher"]: reacting to signal 3
05-19 10:29:44.359   358   377 I Process : Sending signal. PID: 861 SIG: 3
05-19 10:29:44.359   861   874 I art     : Thread[3,tid=874,WaitingInMainSignalCatcherLoop,Thread*=0xaeaaf000,peer=0x12c510a0,"Signal Catcher"]: reacting to signal 3
05-19 10:29:44.559   358   377 I Process : Sending signal. PID: 619 SIG: 3
05-19 10:29:44.820   984   984 W System  : ClassLoader referenced unknown path: /system/app/SdkSetup/lib/arm
05-19 10:29:44.835   861   874 W art     : Method processed more than once: void com.android.internal.telephony.PhoneBase.startMonitoringImsService()
05-19 10:29:44.984   984   984 W Settings: Setting install_non_market_apps has moved from android.provider.Settings.Global to android.provider.Settings.Secure, value is unchanged.
05-19 10:29:44.993   358   358 E JavaBinder: !!! FAILED BINDER TRANSACTION !!!  (parcel size = 252)
05-19 10:29:44.995   358   358 W ContentService: Found dead observer, removing
05-19 10:29:45.344   358   398 I ActivityManager: Force stopping com.android.sdksetup appid=10043 user=0: pkg changed
05-19 10:29:45.346   358   398 I ActivityManager: Killing 984:com.android.sdksetup/u0a43 (adj 0): stop com.android.sdksetup
05-19 10:29:45.487   861   874 W art     : Method processed more than once: void java.lang.Daemons$HeapTaskDaemon.run()
05-19 10:29:45.520   861   874 W art     : Method processed more than once: boolean java.lang.Daemons$FinalizerWatchdogDaemon.waitForObject()
05-19 10:29:45.523   861   874 W art     : Method processed more than once: java.lang.ref.Reference java.lang.ref.ReferenceQueue.remove(long)
05-19 10:29:45.527   861   874 W art     : Method processed more than once: void java.lang.Daemons$ReferenceQueueDaemon.run()
05-19 10:29:45.820   861   874 W art     : Method processed more than once: void java.lang.Thread.parkFor$(long)
05-19 10:29:45.952   861   874 W art     : Method processed more than once: android.os.Message android.os.MessageQueue.next()
05-19 10:29:45.953   861   874 W art     : Method processed more than once: void android.os.HandlerThread.run()
05-19 10:29:46.085   861   874 W art     : Method processed more than once: int android.net.LocalSocketImpl$SocketInputStream.read(byte[], int, int)
05-19 10:29:46.231   861   874 W art     : Method processed more than once: android.os.Message android.os.MessageQueue.next()
05-19 10:29:46.233   861   874 W art     : Method processed more than once: void android.os.HandlerThread.run()
05-19 10:29:46.240   861   874 I art     : Wrote stack traces to '/data/anr/traces.txt'
05-19 10:29:47.327   358   363 I art     : Wrote stack traces to '/data/anr/traces.txt'
05-19 10:29:47.348   358   363 I art     : Thread[2,tid=363,WaitingInMainSignalCatcherLoop,Thread*=0xaeaae600,peer=0x12c010a0,"Signal Catcher"]: reacting to signal 3
05-19 10:29:47.972   358   470 W InputDispatcher: channel 'cbd48c7 StatusBar (server)' ~ Consumer closed input channel or an error occurred.  events=0x9
05-19 10:29:47.973   358   470 E InputDispatcher: channel 'cbd48c7 StatusBar (server)' ~ Channel is unrecoverably broken and will be disposed!
05-19 10:29:47.992   358   363 W art     : Suspending all threads took: 643.031ms
05-19 10:29:47.999   358   368 W art     : Suspending all threads took: 7.264ms
05-19 10:29:48.084   358   363 W art     : Suspending all threads took: 7.696ms
05-19 10:29:48.095   358   371 W AudioService: Current remote volume controller died, unregistering
05-19 10:29:48.104   358   973 I WindowState: WIN DEATH: Window{cbd48c7 u0 StatusBar}
05-19 10:29:48.105   358   973 W InputDispatcher: Attempted to unregister already unregistered input channel 'cbd48c7 StatusBar (server)'
05-19 10:29:48.113   358   485 D WifiService: Client connection lost with reason: 4
05-19 10:29:48.135   358   368 I art     : Background sticky concurrent mark sweep GC freed 31410(2MB) AllocSpace objects, 21(1120KB) LOS objects, 20% free, 11MB/14MB, paused 12.364ms total 1.566s
05-19 10:29:48.229   358  1004 D ConnectivityService: ConnectivityService NetworkRequestInfo binderDied(NetworkRequest [ id=3, legacyType=-1, [] ], android.os.BinderProxy@9e85376)
05-19 10:29:48.406   358   371 W VolumeController: Error calling dismiss
05-19 10:29:48.406   358   371 W VolumeController: android.os.DeadObjectException
05-19 10:29:48.406   358   371 W VolumeController: 	at android.os.BinderProxy.transactNative(Native Method)
05-19 10:29:48.406   358   371 W VolumeController: 	at android.os.BinderProxy.transact(Binder.java:503)
05-19 10:29:48.406   358   371 W VolumeController: 	at android.media.IVolumeController$Stub$Proxy.dismiss(IVolumeController.java:162)
05-19 10:29:48.406   358   371 W VolumeController: 	at com.android.server.audio.AudioService$VolumeController.postDismiss(AudioService.java:5906)
05-19 10:29:48.406   358   371 W VolumeController: 	at com.android.server.audio.AudioService.setVolumeController(AudioService.java:5754)
05-19 10:29:48.406   358   371 W VolumeController: 	at com.android.server.audio.AudioService$4.binderDied(AudioService.java:5763)
05-19 10:29:48.406   358   371 W VolumeController: 	at android.os.BinderProxy.sendDeathNotice(Binder.java:558)
05-19 10:29:50.095   358   377 I Process : Sending signal. PID: 637 SIG: 3
05-19 10:29:50.096   637   653 I art     : Thread[3,tid=653,WaitingInMainSignalCatcherLoop,Thread*=0xaeaaf000,peer=0x15c070a0,"Signal Catcher"]: reacting to signal 3
05-19 10:29:50.298   358   376 E GpsLocationProvider: no AGPS interface in set_agps_server
05-19 10:29:50.367   358   377 E ActivityManager: ANR in com.android.music
05-19 10:29:50.367   358   377 E ActivityManager: PID: 954
05-19 10:29:50.367   358   377 E ActivityManager: Reason: Broadcast of Intent { act=android.media.AUDIO_BECOMING_NOISY flg=0x14000010 cmp=com.android.music/.MediaButtonIntentReceiver }
05-19 10:29:50.367   358   377 E ActivityManager: Load: 7.58 / 3.71 / 1.6
05-19 10:29:50.367   358   377 E ActivityManager: CPU usage from 639ms to -6475ms ago:
05-19 10:29:50.367   358   377 E ActivityManager:   40% 358/system_server: 25% user + 14% kernel / faults: 3572 minor 1 major
05-19 10:29:50.367   358   377 E ActivityManager:   15% 59/surfaceflinger: 10% user + 4.8% kernel / faults: 268 minor
05-19 10:29:50.367   358   377 E ActivityManager:   13% 67/debuggerd: 3.1% user + 10% kernel / faults: 3546 minor
05-19 10:29:50.367   358   377 E ActivityManager:   6.4% 861/com.android.phone: 3.5% user + 2.9% kernel / faults: 627 minor
05-19 10:29:50.367   358   377 E ActivityManager:   3.2% 104/bootanimation: 2.8% user + 0.4% kernel
05-19 10:29:50.367   358   377 E ActivityManager:   1.8% 954/zygote: 1.1% user + 0.7% kernel / faults: 835 minor
05-19 10:29:50.367   358   377 E ActivityManager:   1.6% 637/android.process.acore: 0.5% user + 1.1% kernel / faults: 673 minor 45 major
05-19 10:29:50.367   358   377 E ActivityManager:   0.2% 73/zygote: 0.1% user + 0.1% kernel / faults: 1424 minor
05-19 10:29:50.367   358   377 E ActivityManager:   0.2% 25/mtdblock0: 0% user + 0.2% kernel
05-19 10:29:50.367   358   377 E ActivityManager:   0.1% 26/mtdblock1: 0% user + 0.1% kernel
05-19 10:29:50.367   358   377 E ActivityManager:   0.1% 58/servicemanager: 0% user + 0% kernel
05-19 10:29:50.367   358   377 E ActivityManager:   0% 11/kworker/0:1: 0% user + 0% kernel
05-19 10:29:50.367   358   377 E ActivityManager:   0% 40/jbd2/mtdblock1-: 0% user + 0% kernel
05-19 10:29:50.367   358   377 E ActivityManager:   0.1% 48/logd: 0.1% user + 0% kernel / faults: 1 minor
05-19 10:29:50.367   358   377 E ActivityManager:   0.1% 65/adbd: 0% user + 0.1% kernel / faults: 115 minor
05-19 10:29:50.367   358   377 E ActivityManager: 100% TOTAL: 57% user + 42% kernel
05-19 10:29:50.367   358   377 E ActivityManager: CPU usage from 5451ms to 6123ms later:
05-19 10:29:50.367   358   377 E ActivityManager:   67% 358/system_server: 40% user + 27% kernel / faults: 396 minor
05-19 10:29:50.367   358   377 E ActivityManager:     55% 363/Signal Catcher: 29% user + 26% kernel
05-19 10:29:50.367   358   377 E ActivityManager:     9.2% 377/ActivityManager: 4.6% user + 4.6% kernel
05-19 10:29:50.367   358   377 E ActivityManager:     4.6% 366/FinalizerDaemon: 4.6% user + 0% kernel
05-19 10:29:50.367   358   377 E ActivityManager:     1.5% 370/Binder_1: 1.5% user + 0% kernel
05-19 10:29:50.367   358   377 E ActivityManager:   19% 59/surfaceflinger: 11% user + 7.4% kernel / faults: 32 minor
05-19 10:29:50.367   358   377 E ActivityManager:     11% 59/surfaceflinger: 7.4% user + 4.4% kernel
05-19 10:29:50.367   358   377 E ActivityManager:     1.4% 93/Binder_2: 0% user + 1.4% kernel
05-19 10:29:50.367   358   377 E ActivityManager:     1.4% 98/VSyncThread: 0% user + 1.4% kernel
05-19 10:29:50.367   358   377 E ActivityManager:     1.4% 102/EventThread: 1.4% user + 0% kernel
05-19 10:29:50.367   358   377 E ActivityManager:   6% 104/bootanimation: 6% user + 0% kernel
05-19 10:29:50.367   358   377 E ActivityManager:     4.5% 115/BootAnimation: 4.5% user + 0% kernel
05-19 10:29:50.367   358   377 E ActivityManager:   0.8% 65/adbd: 0% user + 0.8% kernel / faults: 13 minor
05-19 10:29:50.367   358   377 E ActivityManager:     0.8% 399/adbd: 0% user + 0.8% kernel
05-19 10:29:50.367   358   377 E ActivityManager:   1% 637/android.process.acore: 1% user + 0% kernel / faults: 264 minor 4 major
05-19 10:29:50.367   358   377 E ActivityManager:     1% 665/ContactsProvide: 1% user + 0% kernel
05-19 10:29:50.367   358   377 E ActivityManager:    +0% 1008/Binder_4: 0% user + 0% kernel
05-19 10:29:50.367   358   377 E ActivityManager:   1.2% 954/com.android.music: 1.2% user + 0% kernel / faults: 154 minor
05-19 10:29:50.367   358   377 E ActivityManager:     1.2% 960/Signal Catcher: 1.2% user + 0% kernel
05-19 10:29:50.367   358   377 E ActivityManager: 100% TOTAL: 60% user + 39% kernel
05-19 10:29:51.110   637   653 W art     : Method processed more than once: void java.lang.Thread.parkFor$(long)
05-19 10:29:53.183   358   486 D ConnectivityService: releasing NetworkRequest NetworkRequest [ id=3, legacyType=-1, [] ]
05-19 10:29:53.192   358   976 W art     : Long monitor contention event with owner method=java.util.List com.android.server.pm.PackageManagerService.queryIntentActivities(android.content.Intent, java.lang.String, int, int) from PackageManagerService.java:4522 waiters=0 for 5.098s
05-19 10:29:53.194   358   398 I ActivityManager: START u0 {act=android.intent.action.MAIN cat=[android.intent.category.HOME] flg=0x10000000 cmp=com.android.launcher3/.Launcher} from uid 0 on display 0
05-19 10:29:53.201   358   486 E ConnectivityService: RemoteException caught trying to send a callback msg for NetworkRequest [ id=3, legacyType=-1, [] ]
05-19 10:29:54.465   637   653 W art     : Method processed more than once: android.os.Message android.os.MessageQueue.next()
05-19 10:29:54.467   637   653 W art     : Method processed more than once: void android.os.HandlerThread.run()
05-19 10:29:54.978   637   653 I art     : Wrote stack traces to '/data/anr/traces.txt'
05-19 10:29:55.367   358   363 I art     : Wrote stack traces to '/data/anr/traces.txt'
05-19 10:29:55.795   875   875 W System  : ClassLoader referenced unknown path: /system/priv-app/ExternalStorageProvider/lib/arm
05-19 10:29:55.845   875   875 D ExternalStorage: After updating volumes, found 0 active roots
05-19 10:29:55.912   637   665 I ContactLocale: AddressBook Labels [en-US]: [, A, B, C, D, E, F, G, H, I, J, K, L, M, N, O, P, Q, R, S, T, U, V, W, X, Y, Z, , , , , , , , , , , , , , , , , , , , , , , , , , , , , , , , , , , , , , , , , , , , , , , , , , , , , , , , , , , , , , , , , , , , , , , , , , , , , , , , , , , , , , , , , , , , , , , , , , , , , , , , , , , , , , , , , , , , , , , , , , , , , , , , , , , , , , , , , , , , , , , , , , , , , , , , , , , , , , , , , , , , , , , , , , , , , , , , , , , , , , , , , , , #, ]
05-19 10:29:56.123  1018  1018 I art     : Late-enabling JIT
05-19 10:29:56.223  1018  1018 I art     : JIT created with code_cache_capacity=2MB compile_threshold=1000
05-19 10:29:56.381   358   398 I ActivityManager: Start proc 1018:com.android.launcher3/u0a7 for activity com.android.launcher3/.Launcher
05-19 10:29:56.384   358   378 W art     : Long monitor contention event with owner method=int com.android.server.am.ActivityManagerService.broadcastIntent(android.app.IApplicationThread, android.content.Intent, java.lang.String, android.content.IIntentReceiver, int, java.lang.String, android.os.Bundle, java.lang.String[], int, android.os.Bundle, boolean, boolean, int) from ActivityManagerService.java:16907 waiters=2 for 11.037s
05-19 10:29:56.388   358   496 W art     : Long monitor contention event with owner method=int com.android.server.am.ActivityManagerService.broadcastIntent(android.app.IApplicationThread, android.content.Intent, java.lang.String, android.content.IIntentReceiver, int, java.lang.String, android.os.Bundle, java.lang.String[], int, android.os.Bundle, boolean, boolean, int) from ActivityManagerService.java:16907 waiters=3 for 10.987s
05-19 10:29:56.389   358   496 W ActivityManager: Spurious death for ProcessRecord{f1fe05 0:com.android.sdksetup/u0a43}, curProc for 984: null
05-19 10:29:56.390   358   494 W art     : Long monitor contention event with owner method=int com.android.server.am.ActivityManagerService.broadcastIntent(android.app.IApplicationThread, android.content.Intent, java.lang.String, android.content.IIntentReceiver, int, java.lang.String, android.os.Bundle, java.lang.String[], int, android.os.Bundle, boolean, boolean, int) from ActivityManagerService.java:16907 waiters=4 for 10.463s
05-19 10:29:56.393   358   611 W art     : Long monitor contention event with owner method=int com.android.server.am.ActivityManagerService.broadcastIntent(android.app.IApplicationThread, android.content.Intent, java.lang.String, android.content.IIntentReceiver, int, java.lang.String, android.os.Bundle, java.lang.String[], int, android.os.Bundle, boolean, boolean, int) from ActivityManagerService.java:16907 waiters=4 for 9.125s
05-19 10:29:56.395   358   532 W art     : Long monitor contention event with owner method=int com.android.server.am.ActivityManagerService.broadcastIntent(android.app.IApplicationThread, android.content.Intent, java.lang.String, android.content.IIntentReceiver, int, java.lang.String, android.os.Bundle, java.lang.String[], int, android.os.Bundle, boolean, boolean, int) from ActivityManagerService.java:16907 waiters=4 for 9.123s
05-19 10:29:56.396   358   358 W art     : Long monitor contention event with owner method=int com.android.server.am.ActivityManagerService.broadcastIntent(android.app.IApplicationThread, android.content.Intent, java.lang.String, android.content.IIntentReceiver, int, java.lang.String, android.os.Bundle, java.lang.String[], int, android.os.Bundle, boolean, boolean, int) from ActivityManagerService.java:16907 waiters=5 for 9.065s
05-19 10:29:56.399   358   379 W art     : Long monitor contention event with owner method=int com.android.server.am.ActivityManagerService.broadcastIntent(android.app.IApplicationThread, android.content.Intent, java.lang.String, android.content.IIntentReceiver, int, java.lang.String, android.os.Bundle, java.lang.String[], int, android.os.Bundle, boolean, boolean, int) from ActivityManagerService.java:16907 waiters=6 for 9.064s
05-19 10:29:56.400   358   612 W art     : Long monitor contention event with owner method=int com.android.server.am.ActivityManagerService.broadcastIntent(android.app.IApplicationThread, android.content.Intent, java.lang.String, android.content.IIntentReceiver, int, java.lang.String, android.os.Bundle, java.lang.String[], int, android.os.Bundle, boolean, boolean, int) from ActivityManagerService.java:16907 waiters=7 for 8.288s
05-19 10:29:56.404   358   377 W art     : Long monitor contention event with owner method=int com.android.server.am.ActivityManagerService.broadcastIntent(android.app.IApplicationThread, android.content.Intent, java.lang.String, android.content.IIntentReceiver, int, java.lang.String, android.os.Bundle, java.lang.String[], int, android.os.Bundle, boolean, boolean, int) from ActivityManagerService.java:16907 waiters=8 for 6.036s
05-19 10:29:56.408   358  1005 W art     : Long monitor contention event with owner method=int com.android.server.am.ActivityManagerService.broadcastIntent(android.app.IApplicationThread, android.content.Intent, java.lang.String, android.content.IIntentReceiver, int, java.lang.String, android.os.Bundle, java.lang.String[], int, android.os.Bundle, boolean, boolean, int) from ActivityManagerService.java:16907 waiters=10 for 416ms
05-19 10:29:56.429   358   358 W WallpaperManagerService: Wallpaper service gone: ComponentInfo{com.android.systemui/com.android.systemui.ImageWallpaper}
05-19 10:29:56.431   358   358 I FusedLocation: engine started (com.android.location.fused)
05-19 10:29:56.438   358   612 I ActivityManager: Process com.android.systemui (pid 619) has died
05-19 10:29:56.442   358   612 W ActivityManager: Scheduling restart of crashed service com.android.systemui/.keyguard.KeyguardService in 0ms
05-19 10:29:56.442   358   612 W ActivityManager: Scheduling restart of crashed service com.android.systemui/.SystemUIService in 0ms
05-19 10:29:56.443   358   612 W ActivityManager: Scheduling restart of crashed service com.android.systemui/.ImageWallpaper in 0ms
05-19 10:29:56.496   358   612 W ActivityManager: Re-adding persistent process ProcessRecord{d997581 619:com.android.systemui/u0a13}
05-19 10:29:56.612   358   612 I ActivityManager: Start proc 1034:com.android.systemui/u0a13 for restart com.android.systemui
05-19 10:29:56.664  1034  1034 I art     : Late-enabling JIT
05-19 10:29:56.706   358   376 W art     : Long monitor contention event with owner method=int com.android.server.am.ActivityManagerService.broadcastIntent(android.app.IApplicationThread, android.content.Intent, java.lang.String, android.content.IIntentReceiver, int, java.lang.String, android.os.Bundle, java.lang.String[], int, android.os.Bundle, boolean, boolean, int) from ActivityManagerService.java:16907 waiters=11 for 702ms
05-19 10:29:56.849  1034  1034 I art     : JIT created with code_cache_capacity=2MB compile_threshold=1000
05-19 10:29:57.324   358   370 W art     : Long monitor contention event with owner method=com.android.server.am.ActiveServices$ServiceLookupResult com.android.server.am.ActiveServices.retrieveServiceLocked(android.content.Intent, java.lang.String, java.lang.String, int, int, int, boolean, boolean) from ActiveServices.java:1076 waiters=0 for 609ms
05-19 10:29:57.326   358   386 W art     : Long monitor contention event with owner method=void com.android.server.power.PowerManagerService.acquireWakeLockInternal(android.os.IBinder, int, java.lang.String, java.lang.String, android.os.WorkSource, java.lang.String, int, int) from PowerManagerService.java:775 waiters=0 for 612ms
05-19 10:29:57.484  1054  1054 I art     : Late-enabling JIT
05-19 10:29:57.660  1054  1054 I art     : JIT created with code_cache_capacity=2MB compile_threshold=1000
05-19 10:29:57.984   358   376 I ActivityManager: Start proc 1054:com.android.printspooler/u0a40 for service com.android.printspooler/.model.PrintSpoolerService
05-19 10:29:57.986   358   377 W art     : Long monitor contention event with owner method=void com.android.server.am.ActivityManagerService$AppDeathRecipient.binderDied() from ActivityManagerService.java:1305 waiters=3 for 1.581s
05-19 10:29:58.010   358  1003 W art     : Long monitor contention event with owner method=void com.android.server.am.ActivityManagerService$AppDeathRecipient.binderDied() from ActivityManagerService.java:1305 waiters=3 for 1.602s
05-19 10:29:58.014   358  1005 W art     : Long monitor contention event with owner method=void com.android.server.am.ActivityManagerService$AppDeathRecipient.binderDied() from ActivityManagerService.java:1305 waiters=3 for 1.604s
05-19 10:29:58.015   358   494 W art     : Long monitor contention event with owner method=void com.android.server.am.ActivityManagerService$AppDeathRecipient.binderDied() from ActivityManagerService.java:1305 waiters=4 for 1.604s
05-19 10:29:58.078   358  1004 W art     : Long monitor contention event with owner method=void com.android.server.am.ActivityManagerService$AppDeathRecipient.binderDied() from ActivityManagerService.java:1305 waiters=5 for 1.522s
05-19 10:29:58.079   358   378 W art     : Long monitor contention event with owner method=void com.android.server.am.ActivityManagerService$AppDeathRecipient.binderDied() from ActivityManagerService.java:1305 waiters=6 for 1.574s
05-19 10:29:58.083   358   970 W art     : Long monitor contention event with owner method=int com.android.server.am.ActivityManagerService.bindService(android.app.IApplicationThread, android.os.IBinder, android.content.Intent, java.lang.String, android.app.IServiceConnection, int, java.lang.String, int) from ActivityManagerService.java:15889 waiters=6 for 933ms
05-19 10:29:58.088   358   496 W art     : Long monitor contention event with owner method=int com.android.server.am.ActivityManagerService.bindService(android.app.IApplicationThread, android.os.IBinder, android.content.Intent, java.lang.String, android.app.IServiceConnection, int, java.lang.String, int) from ActivityManagerService.java:15889 waiters=7 for 487ms
05-19 10:29:58.089   358   976 W art     : Long monitor contention event with owner method=int com.android.server.am.ActivityManagerService.bindService(android.app.IApplicationThread, android.os.IBinder, android.content.Intent, java.lang.String, android.app.IServiceConnection, int, java.lang.String, int) from ActivityManagerService.java:15889 waiters=8 for 158ms
05-19 10:29:58.152   358   377 I ActivityManager: Killing 954:com.android.music/u0a35 (adj 9): bg anr
05-19 10:29:58.397  1034  1034 W System  : ClassLoader referenced unknown path: /system/priv-app/SystemUI/lib/arm
05-19 10:29:58.444   358   377 E libprocessgroup: failed to kill 1 processes for processgroup 954
05-19 10:29:58.444   358  1004 W art     : Long monitor contention event with owner method=void com.android.server.am.ActivityManagerService.attachApplication(android.app.IApplicationThread) from ActivityManagerService.java:6186 waiters=3 for 345ms
05-19 10:29:58.482   861  1070 E DcSwitchStateMachine-0: DctController is not ready
05-19 10:29:58.602   358   378 W art     : Long monitor contention event with owner method=void com.android.server.am.ActivityManagerService.attachApplication(android.app.IApplicationThread) from ActivityManagerService.java:6186 waiters=4 for 495ms
05-19 10:29:58.614   358   377 W ActivityManager: Launch timeout has expired, giving up wake lock!
05-19 10:29:58.626  1034  1050 W Binder  : Binder call failed.
05-19 10:29:58.626  1034  1050 W Binder  : android.os.DeadObjectException
05-19 10:29:58.626  1034  1050 W Binder  : 	at android.os.BinderProxy.transactNative(Native Method)
05-19 10:29:58.626  1034  1050 W Binder  : 	at android.os.BinderProxy.transact(Binder.java:503)
05-19 10:29:58.626  1034  1050 W Binder  : 	at android.content.IIntentReceiver$Stub$Proxy.performReceive(IIntentReceiver.java:124)
05-19 10:29:58.626  1034  1050 W Binder  : 	at android.app.ActivityThread$ApplicationThread.scheduleRegisteredReceiver(ActivityThread.java:897)
05-19 10:29:58.626  1034  1050 W Binder  : 	at android.app.ApplicationThreadNative.onTransact(ApplicationThreadNative.java:399)
05-19 10:29:58.626  1034  1050 W Binder  : 	at android.os.Binder.execTransact(Binder.java:453)
05-19 10:29:58.662   358   471 I InputReader: Reconfiguring input devices.  changes=0x00000010
05-19 10:29:58.691  1034  1050 W Binder  : Binder call failed.
05-19 10:29:58.691  1034  1050 W Binder  : android.os.DeadObjectException
05-19 10:29:58.691  1034  1050 W Binder  : 	at android.os.BinderProxy.transactNative(Native Method)
05-19 10:29:58.691  1034  1050 W Binder  : 	at android.os.BinderProxy.transact(Binder.java:503)
05-19 10:29:58.691  1034  1050 W Binder  : 	at android.content.IIntentReceiver$Stub$Proxy.performReceive(IIntentReceiver.java:124)
05-19 10:29:58.691  1034  1050 W Binder  : 	at android.app.ActivityThread$ApplicationThread.scheduleRegisteredReceiver(ActivityThread.java:897)
05-19 10:29:58.691  1034  1050 W Binder  : 	at android.app.ApplicationThreadNative.onTransact(ApplicationThreadNative.java:399)
05-19 10:29:58.691  1034  1050 W Binder  : 	at android.os.Binder.execTransact(Binder.java:453)
05-19 10:29:58.693  1034  1050 W Binder  : Binder call failed.
05-19 10:29:58.693  1034  1050 W Binder  : android.os.DeadObjectException
05-19 10:29:58.693  1034  1050 W Binder  : 	at android.os.BinderProxy.transactNative(Native Method)
05-19 10:29:58.693  1034  1050 W Binder  : 	at android.os.BinderProxy.transact(Binder.java:503)
05-19 10:29:58.693  1034  1050 W Binder  : 	at android.content.IIntentReceiver$Stub$Proxy.performReceive(IIntentReceiver.java:124)
05-19 10:29:58.693  1034  1050 W Binder  : 	at android.app.ActivityThread$ApplicationThread.scheduleRegisteredReceiver(ActivityThread.java:897)
05-19 10:29:58.693  1034  1050 W Binder  : 	at android.app.ApplicationThreadNative.onTransact(ApplicationThreadNative.java:399)
05-19 10:29:58.693  1034  1050 W Binder  : 	at android.os.Binder.execTransact(Binder.java:453)
05-19 10:29:58.696  1034  1050 W Binder  : Binder call failed.
05-19 10:29:58.696  1034  1050 W Binder  : android.os.DeadObjectException
05-19 10:29:58.696  1034  1050 W Binder  : 	at android.os.BinderProxy.transactNative(Native Method)
05-19 10:29:58.696  1034  1050 W Binder  : 	at android.os.BinderProxy.transact(Binder.java:503)
05-19 10:29:58.696  1034  1050 W Binder  : 	at android.content.IIntentReceiver$Stub$Proxy.performReceive(IIntentReceiver.java:124)
05-19 10:29:58.696  1034  1050 W Binder  : 	at android.app.ActivityThread$ApplicationThread.scheduleRegisteredReceiver(ActivityThread.java:897)
05-19 10:29:58.696  1034  1050 W Binder  : 	at android.app.ApplicationThreadNative.onTransact(ApplicationThreadNative.java:399)
05-19 10:29:58.696  1034  1050 W Binder  : 	at android.os.Binder.execTransact(Binder.java:453)
05-19 10:29:58.748   358   973 W art     : Long monitor contention event with owner method=void com.android.server.am.BroadcastQueue.processNextBroadcast(boolean) from BroadcastQueue.java:639 waiters=0 for 130ms
05-19 10:29:58.854  1034  1050 W Binder  : Binder call failed.
05-19 10:29:58.854  1034  1050 W Binder  : android.os.DeadObjectException
05-19 10:29:58.854  1034  1050 W Binder  : 	at android.os.BinderProxy.transactNative(Native Method)
05-19 10:29:58.854  1034  1050 W Binder  : 	at android.os.BinderProxy.transact(Binder.java:503)
05-19 10:29:58.854  1034  1050 W Binder  : 	at android.content.IIntentReceiver$Stub$Proxy.performReceive(IIntentReceiver.java:124)
05-19 10:29:58.854  1034  1050 W Binder  : 	at android.app.ActivityThread$ApplicationThread.scheduleRegisteredReceiver(ActivityThread.java:897)
05-19 10:29:58.854  1034  1050 W Binder  : 	at android.app.ApplicationThreadNative.onTransact(ApplicationThreadNative.java:399)
05-19 10:29:58.854  1034  1050 W Binder  : 	at android.os.Binder.execTransact(Binder.java:453)
05-19 10:29:58.857  1034  1050 W Binder  : Binder call failed.
05-19 10:29:58.857  1034  1050 W Binder  : android.os.DeadObjectException
05-19 10:29:58.857  1034  1050 W Binder  : 	at android.os.BinderProxy.transactNative(Native Method)
05-19 10:29:58.857  1034  1050 W Binder  : 	at android.os.BinderProxy.transact(Binder.java:503)
05-19 10:29:58.857  1034  1050 W Binder  : 	at android.content.IIntentReceiver$Stub$Proxy.performReceive(IIntentReceiver.java:124)
05-19 10:29:58.857  1034  1050 W Binder  : 	at android.app.ActivityThread$ApplicationThread.scheduleRegisteredReceiver(ActivityThread.java:897)
05-19 10:29:58.857  1034  1050 W Binder  : 	at android.app.ApplicationThreadNative.onTransact(ApplicationThreadNative.java:399)
05-19 10:29:58.857  1034  1050 W Binder  : 	at android.os.Binder.execTransact(Binder.java:453)
05-19 10:29:58.920   358   486 E ConnectivityService: Failed to find Messenger in unregisterNetworkFactory
05-19 10:29:58.960  1034  1050 W Binder  : Binder call failed.
05-19 10:29:58.960  1034  1050 W Binder  : android.os.DeadObjectException
05-19 10:29:58.960  1034  1050 W Binder  : 	at android.os.BinderProxy.transactNative(Native Method)
05-19 10:29:58.960  1034  1050 W Binder  : 	at android.os.BinderProxy.transact(Binder.java:503)
05-19 10:29:58.960  1034  1050 W Binder  : 	at android.content.IIntentReceiver$Stub$Proxy.performReceive(IIntentReceiver.java:124)
05-19 10:29:58.960  1034  1050 W Binder  : 	at android.app.ActivityThread$ApplicationThread.scheduleRegisteredReceiver(ActivityThread.java:897)
05-19 10:29:58.960  1034  1050 W Binder  : 	at android.app.ApplicationThreadNative.onTransact(ApplicationThreadNative.java:399)
05-19 10:29:58.960  1034  1050 W Binder  : 	at android.os.Binder.execTransact(Binder.java:453)
05-19 10:29:58.962  1034  1050 W Binder  : Binder call failed.
05-19 10:29:58.962  1034  1050 W Binder  : android.os.DeadObjectException
05-19 10:29:58.962  1034  1050 W Binder  : 	at android.os.BinderProxy.transactNative(Native Method)
05-19 10:29:58.962  1034  1050 W Binder  : 	at android.os.BinderProxy.transact(Binder.java:503)
05-19 10:29:58.962  1034  1050 W Binder  : 	at android.content.IIntentReceiver$Stub$Proxy.performReceive(IIntentReceiver.java:124)
05-19 10:29:58.962  1034  1050 W Binder  : 	at android.app.ActivityThread$ApplicationThread.scheduleRegisteredReceiver(ActivityThread.java:897)
05-19 10:29:58.962  1034  1050 W Binder  : 	at android.app.ApplicationThreadNative.onTransact(ApplicationThreadNative.java:399)
05-19 10:29:58.962  1034  1050 W Binder  : 	at android.os.Binder.execTransact(Binder.java:453)
05-19 10:29:58.964  1034  1050 W Binder  : Binder call failed.
05-19 10:29:58.964  1034  1050 W Binder  : android.os.DeadObjectException
05-19 10:29:58.964  1034  1050 W Binder  : 	at android.os.BinderProxy.transactNative(Native Method)
05-19 10:29:58.964  1034  1050 W Binder  : 	at android.os.BinderProxy.transact(Binder.java:503)
05-19 10:29:58.964  1034  1050 W Binder  : 	at android.content.IIntentReceiver$Stub$Proxy.performReceive(IIntentReceiver.java:124)
05-19 10:29:58.964  1034  1050 W Binder  : 	at android.app.ActivityThread$ApplicationThread.scheduleRegisteredReceiver(ActivityThread.java:897)
05-19 10:29:58.964  1034  1050 W Binder  : 	at android.app.ApplicationThreadNative.onTransact(ApplicationThreadNative.java:399)
05-19 10:29:58.964  1034  1050 W Binder  : 	at android.os.Binder.execTransact(Binder.java:453)
05-19 10:29:59.014   358   486 D ConnectivityService: Got NetworkFactory Messenger for Telephony
05-19 10:29:59.150  1034  1034 V SystemUIService: Starting SystemUI services.
05-19 10:29:59.216  1018  1018 W System  : ClassLoader referenced unknown path: /system/priv-app/Launcher3/lib/arm
05-19 10:29:59.483   358   368 W art     : Suspending all threads took: 10.594ms
05-19 10:29:59.689   358   368 I art     : Background partial concurrent mark sweep GC freed 17793(1125KB) AllocSpace objects, 5(7MB) LOS objects, 33% free, 6MB/9MB, paused 14.580ms total 1.195s
05-19 10:29:59.987   861   861 D CarrierConfigLoader: CarrierConfigLoader has started
05-19 10:30:00.022   861   861 E BluetoothAdapter: Bluetooth binder is null
05-19 10:30:00.102   358   358 D TrustManagerService: Removing dead TrustListener.
05-19 10:30:00.440  1054  1054 I PrintSpoolerService: No existing print spooler state.
05-19 10:30:00.559   358   973 W AlarmManagerService: Unable to set rtc to 1463653800: Invalid argument
05-19 10:30:00.618  1034  1078 E WVMExtractor: Failed to open libwvm.so: dlopen failed: library "libwvm.so" not found
05-19 10:30:00.690   861   861 I Telephony: TtyManager: updateUiTtyMode -1 -> 0
05-19 10:30:00.994  1034  1083 I OMXClient: Using client-side OMX mux.
05-19 10:30:01.015   358   976 D AlarmManagerService: Kernel timezone updated to 0 minutes west of GMT
05-19 10:30:01.054   358   384 W WindowManager: ***** BOOT TIMEOUT: forcing display enabled
05-19 10:30:01.059    59   120 I SurfaceFlinger: Boot is finished (319608 ms)
05-19 10:30:01.106   358   973 D AlarmManagerService: Setting time of day to sec=1463653800
05-19 10:30:01.196    71    71 E installd: Unable to unlink boot marker at /data/dalvik-cache/arm/.booting, error=No such file or directory
05-19 10:30:01.198   358   384 E ActivityManager: Unable to mark boot complete for abi: armeabi-v7a
05-19 10:30:01.202   358   384 I SystemServiceManager: Starting phase 1000
05-19 10:30:01.582  1018  1018 V Launcher: LauncherAppState inited
05-19 10:30:02.041  1034  1089 I OMXClient: Using client-side OMX mux.
05-19 10:30:02.201   358  1003 W MountService: No primary storage defined yet; hacking together a stub
05-19 10:30:02.229   358   370 W MountService: No primary storage defined yet; hacking together a stub
05-19 10:30:02.236  1018  1018 D Launcher.Model: Old launcher provider: content://com.android.launcher2.settings/favorites?notify=true
05-19 10:30:02.236  1018  1018 D Launcher.Model: Old launcher provider does not exist.
05-19 10:30:02.571  1034  1094 I OMXClient: Using client-side OMX mux.
05-19 10:30:02.767   875   875 D ExternalStorage: After updating volumes, found 0 active roots
05-19 10:30:02.771   637   658 W art     : Suspending all threads took: 812.349ms
05-19 10:30:02.992   637   658 I art     : HomogeneousSpaceCompact marksweep + semispace GC freed 307(24KB) AllocSpace objects, 0(0B) LOS objects, 62% free, 623KB/1647KB, paused 204.354ms total 204.354ms
05-19 10:30:03.284   358   358 I AccountManagerService: getTypesVisibleToCaller: isPermitted? true
05-19 10:30:03.553   861   861 D TelephonyDebugService: TelephonyDebugService()
05-19 10:30:03.584   861   861 D CarrierConfigLoader: mHandler: 12 phoneId: 0
05-19 10:30:03.584   861   861 D CarrierConfigLoader: Build fingerprint changed. old: null new: generic/sdk_phone_armv7/generic:6.0/MRA44C/2166767:eng/test-keys
