05-19 11:22:49.157   958   958 I art     : Late-enabling JIT
05-19 11:22:49.391   938   938 W System  : ClassLoader referenced unknown path: /system/priv-app/MediaProvider/lib/arm
05-19 11:22:49.627   938   938 W System  : ClassLoader referenced unknown path: /system/priv-app/DownloadProvider/lib/arm
05-19 11:22:49.752   958   958 I art     : JIT created with code_cache_capacity=2MB compile_threshold=1000
05-19 11:22:49.902   303   481 W MountService: No primary storage defined yet; hacking together a stub
05-19 11:22:50.311   303   591 W MountService: No primary storage defined yet; hacking together a stub
05-19 11:22:50.348    60    88 E SurfaceFlinger: ro.sf.lcd_density must be defined as a build property
05-19 11:22:50.374   601   980 D OpenGLRenderer: Use EGL_SWAP_BEHAVIOR_PRESERVED: true
05-19 11:22:50.375   601   980 D OpenGLRenderer: profile bars disabled
05-19 11:22:50.378   601   980 D OpenGLRenderer: ambientRatio = 1.50
05-19 11:22:50.413   303   481 W MountService: No primary storage defined yet; hacking together a stub
05-19 11:22:50.418   303   514 W MountService: No primary storage defined yet; hacking together a stub
05-19 11:22:50.572   601   601 D PhoneStatusBar: disable: < EXPAND* icons alerts system_info BACK* HOME* RECENT* clock SEARCH* quick_settings >
05-19 11:22:50.994   303   323 W art     : Long monitor contention event with owner method=void com.android.server.am.ActivityManagerService.attachApplication(android.app.IApplicationThread) from ActivityManagerService.java:6186 waiters=2 for 106ms
05-19 11:22:51.351   958   958 W System  : ClassLoader referenced unknown path: /system/app/SdkSetup/lib/arm
05-19 11:22:51.402   601   601 D PhoneStatusBar: heads up is enabled
05-19 11:22:51.516   601   601 D StatusBar: user hasn't seen notification about hidden notifications
05-19 11:22:51.520   601   601 D StatusBar: insecure lockscreen, skipping notification
05-19 11:22:51.731   915   915 I art     : Waiting for a blocking GC DisableMovingGc
05-19 11:22:51.825   915   915 I art     : WaitForGcToComplete blocked for 27.975ms for cause DisableMovingGc
05-19 11:22:51.825   915   915 I art     : Starting a blocking GC DisableMovingGc
05-19 11:22:51.934   958   958 W Settings: Setting install_non_market_apps has moved from android.provider.Settings.Global to android.provider.Settings.Secure, value is unchanged.
05-19 11:22:52.639   845   858 I art     : Background sticky concurrent mark sweep GC freed 44853(2MB) AllocSpace objects, 4(80KB) LOS objects, 75% free, 909KB/3MB, paused 1.718ms total 660.999ms
05-19 11:22:55.702   303   314 I art     : Background sticky concurrent mark sweep GC freed 29770(3MB) AllocSpace objects, 25(720KB) LOS objects, 19% free, 5MB/6MB, paused 19.458ms total 3.205s
05-19 11:22:55.783   303   321 D GpsLocationProvider: Reset GPS properties, previous size = 0
05-19 11:22:55.785   303   321 D GpsLocationProvider: GpsParamsResource: SUPL_HOST=supl.google.com
05-19 11:22:55.785   303   321 D GpsLocationProvider: GpsParamsResource: SUPL_PORT=7275
05-19 11:22:55.785   303   321 D GpsLocationProvider: GpsParamsResource: NTP_SERVER=north-america.pool.ntp.org
05-19 11:22:55.786   303   321 D GpsLocationProvider: GpsParamsResource: SUPL_VER=0x20000
05-19 11:22:55.786   303   321 D GpsLocationProvider: GpsParamsResource: SUPL_MODE=1
05-19 11:22:55.787   303   321 W GpsLocationProvider: Could not open GPS configuration file /etc/gps.conf
05-19 11:22:55.788   303   321 D GpsLocationProvider: GPS properties reloaded, size = 5
05-19 11:22:55.788   303   321 E GpsLocationProvider: no AGPS interface in set_agps_server
05-19 11:22:55.818   829   844 W art     : Suspending all threads took: 10.617s
05-19 11:22:55.923   866   866 D ExternalStorage: After updating volumes, found 0 active roots
05-19 11:22:56.355   609   647 I ContactLocale: AddressBook Labels [en-US]: [, A, B, C, D, E, F, G, H, I, J, K, L, M, N, O, P, Q, R, S, T, U, V, W, X, Y, Z, , , , , , , , , , , , , , , , , , , , , , , , , , , , , , , , , , , , , , , , , , , , , , , , , , , , , , , , , , , , , , , , , , , , , , , , , , , , , , , , , , , , , , , , , , , , , , , , , , , , , , , , , , , , , , , , , , , , , , , , , , , , , , , , , , , , , , , , , , , , , , , , , , , , , , , , , , , , , , , , , , , , , , , , , , , , , , , , , , , , , , , , , , , #, ]
05-19 11:22:56.375   601   630 W art     : Suspending all threads took: 345.759ms
05-19 11:22:56.392   601   630 I art     : Background sticky concurrent mark sweep GC freed 7624(506KB) AllocSpace objects, 0(0B) LOS objects, 18% free, 2MB/3MB, paused 348.888ms total 1.022s
05-19 11:22:56.446   303   335 I ActivityManager: START u0 {act=android.intent.action.MAIN cat=[android.intent.category.HOME] flg=0x10000000 cmp=com.android.launcher3/.Launcher} from uid 0 on display 0
05-19 11:22:56.926   303   335 I ActivityManager: Start proc 1007:com.android.launcher3/u0a7 for activity com.android.launcher3/.Launcher
05-19 11:22:56.939  1007  1007 I art     : Late-enabling JIT
05-19 11:22:56.941   303   323 W art     : Long monitor contention event with owner method=int com.android.server.am.ActivityManagerService.broadcastIntent(android.app.IApplicationThread, android.content.Intent, java.lang.String, android.content.IIntentReceiver, int, java.lang.String, android.os.Bundle, java.lang.String[], int, android.os.Bundle, boolean, boolean, int) from ActivityManagerService.java:16907 waiters=0 for 1.514s
05-19 11:22:56.965   303   591 W art     : Long monitor contention event with owner method=int com.android.server.am.ActivityManagerService.broadcastIntent(android.app.IApplicationThread, android.content.Intent, java.lang.String, android.content.IIntentReceiver, int, java.lang.String, android.os.Bundle, java.lang.String[], int, android.os.Bundle, boolean, boolean, int) from ActivityManagerService.java:16907 waiters=1 for 1.516s
05-19 11:22:56.966   303   591 W ActivityManager: Spurious death for ProcessRecord{1558bfd 0:com.android.sdksetup/u0a43}, curProc for 958: null
05-19 11:22:56.967   303   322 W art     : Long monitor contention event with owner method=int com.android.server.am.ActivityManagerService.broadcastIntent(android.app.IApplicationThread, android.content.Intent, java.lang.String, android.content.IIntentReceiver, int, java.lang.String, android.os.Bundle, java.lang.String[], int, android.os.Bundle, boolean, boolean, int) from ActivityManagerService.java:16907 waiters=2 for 1.244s
05-19 11:22:56.971   303   303 W art     : Long monitor contention event with owner method=int com.android.server.am.ActivityManagerService.broadcastIntent(android.app.IApplicationThread, android.content.Intent, java.lang.String, android.content.IIntentReceiver, int, java.lang.String, android.os.Bundle, java.lang.String[], int, android.os.Bundle, boolean, boolean, int) from ActivityManagerService.java:16907 waiters=3 for 1.106s
05-19 11:22:56.976   303   514 W art     : Long monitor contention event with owner method=int com.android.server.am.ActivityManagerService.broadcastIntent(android.app.IApplicationThread, android.content.Intent, java.lang.String, android.content.IIntentReceiver, int, java.lang.String, android.os.Bundle, java.lang.String[], int, android.os.Bundle, boolean, boolean, int) from ActivityManagerService.java:16907 waiters=4 for 1.034s
05-19 11:22:56.977   303   318 W art     : Long monitor contention event with owner method=int com.android.server.am.ActivityManagerService.broadcastIntent(android.app.IApplicationThread, android.content.Intent, java.lang.String, android.content.IIntentReceiver, int, java.lang.String, android.os.Bundle, java.lang.String[], int, android.os.Bundle, boolean, boolean, int) from ActivityManagerService.java:16907 waiters=5 for 969ms
05-19 11:22:56.979   303   590 W art     : Long monitor contention event with owner method=int com.android.server.am.ActivityManagerService.broadcastIntent(android.app.IApplicationThread, android.content.Intent, java.lang.String, android.content.IIntentReceiver, int, java.lang.String, android.os.Bundle, java.lang.String[], int, android.os.Bundle, boolean, boolean, int) from ActivityManagerService.java:16907 waiters=6 for 957ms
05-19 11:22:56.982   303   481 W art     : Long monitor contention event with owner method=int com.android.server.am.ActivityManagerService.broadcastIntent(android.app.IApplicationThread, android.content.Intent, java.lang.String, android.content.IIntentReceiver, int, java.lang.String, android.os.Bundle, java.lang.String[], int, android.os.Bundle, boolean, boolean, int) from ActivityManagerService.java:16907 waiters=7 for 948ms
05-19 11:22:57.018   303   316 W art     : Long monitor contention event with owner method=int com.android.server.am.ActivityManagerService.broadcastIntent(android.app.IApplicationThread, android.content.Intent, java.lang.String, android.content.IIntentReceiver, int, java.lang.String, android.os.Bundle, java.lang.String[], int, android.os.Bundle, boolean, boolean, int) from ActivityManagerService.java:16907 waiters=9 for 661ms
05-19 11:22:57.021   303   594 W art     : Long monitor contention event with owner method=int com.android.server.am.ActivityManagerService.broadcastIntent(android.app.IApplicationThread, android.content.Intent, java.lang.String, android.content.IIntentReceiver, int, java.lang.String, android.os.Bundle, java.lang.String[], int, android.os.Bundle, boolean, boolean, int) from ActivityManagerService.java:16907 waiters=10 for 590ms
05-19 11:22:57.025   303   963 W art     : Long monitor contention event with owner method=int com.android.server.am.ActivityManagerService.broadcastIntent(android.app.IApplicationThread, android.content.Intent, java.lang.String, android.content.IIntentReceiver, int, java.lang.String, android.os.Bundle, java.lang.String[], int, android.os.Bundle, boolean, boolean, int) from ActivityManagerService.java:16907 waiters=11 for 566ms
05-19 11:22:57.200   303   456 I InputReader: Reconfiguring input devices.  changes=0x00000010
05-19 11:22:57.417  1007  1007 I art     : JIT created with code_cache_capacity=2MB compile_threshold=1000
05-19 11:22:57.513   601   601 I Choreographer: Skipped 3374 frames!  The application may be doing too much work on its main thread.
05-19 11:22:57.600   601   601 D ViewRootImpl: changeCanvasOpacity: opaque=true
05-19 11:22:57.617   845   845 D MccTable: updateMccMncConfiguration mccmnc='310260' fromServiceState=true
05-19 11:22:57.640   845   845 D MccTable: updateMccMncConfiguration defaultMccMnc=
05-19 11:22:57.641   845   845 D MccTable: updateMccMncConfiguration: mcc=310, mnc=260
05-19 11:22:57.642   845   845 D MccTable: WIFI_COUNTRY_CODE set to us
05-19 11:22:57.670   303   470 D WifiService: New client listening to asynchronous messages
05-19 11:22:57.675   303  1006 I WifiService: WifiService trying to set country code to us with persist set to true
05-19 11:22:57.985   303   321 W art     : Long monitor contention event with owner method=int com.android.server.am.ActivityManagerService.broadcastIntent(android.app.IApplicationThread, android.content.Intent, java.lang.String, android.content.IIntentReceiver, int, java.lang.String, android.os.Bundle, java.lang.String[], int, android.os.Bundle, boolean, boolean, int) from ActivityManagerService.java:16907 waiters=8 for 1.933s
05-19 11:22:57.990   866   866 D ExternalStorage: After updating volumes, found 0 active roots
05-19 11:22:58.116   303   322 W art     : Long monitor contention event with owner method=boolean android.os.MessageQueue.enqueueMessage(android.os.Message, long) from MessageQueue.java:541 waiters=0 for 130ms
05-19 11:22:58.374   303   456 I InputReader: Reconfiguring input devices.  changes=0x00000010
05-19 11:22:58.583  1007  1007 W System  : ClassLoader referenced unknown path: /system/priv-app/Launcher3/lib/arm
05-19 11:22:58.639   303   303 I AccountManagerService: getTypesVisibleToCaller: isPermitted? true
05-19 11:22:59.001   303   303 I ActivityManager: Start proc 1029:com.android.settings/1000 for broadcast com.android.settings/.sim.SimSelectNotification
05-19 11:22:59.025  1029  1029 I art     : Late-enabling JIT
05-19 11:23:14.419   303   330 W art     : Suspending all threads took: 7.344ms
05-19 11:23:14.482   303   330 I art     : Explicit concurrent mark sweep GC freed 15347(2023KB) AllocSpace objects, 20(864KB) LOS objects, 33% free, 5MB/7MB, paused 15.059ms total 2.815s
05-19 11:23:14.531    60   372 I SurfaceFlinger: Boot is finished (303227 ms)
05-19 11:23:14.557   303   330 W WindowManager: Window freeze timeout expired.
05-19 11:23:14.658   303   330 I Choreographer: Skipped 38 frames!  The application may be doing too much work on its main thread.
05-19 11:23:14.919    73    73 E installd: Unable to unlink boot marker at /data/dalvik-cache/arm/.booting, error=No such file or directory
05-19 11:23:14.922   303   330 E ActivityManager: Unable to mark boot complete for abi: armeabi-v7a
05-19 11:23:14.925   303   330 I SystemServiceManager: Starting phase 1000
05-19 11:23:15.302  1007  1007 W Launcher: setApplicationContext called twice! old=android.app.Application@a704824 new=android.app.Application@a704824
05-19 11:23:15.379   845   845 I Telephony: PstnIncomingCallNotifier: Unregistering: Handler (com.android.internal.telephony.gsm.GSMPhone) {d451402}
05-19 11:23:15.516   845   845 I Telephony: AccountEntry: updateVideoPauseSupport -- mcc/mnc for sub: {id=1, iccId=89014103211118510720 simSlotIndex=0 displayName=Android carrierName=Android nameSource=0 iconTint=-16746133 dataRoaming=0 iconBitmap=android.graphics.Bitmap@385c001 mcc 310 mnc 260}
05-19 11:23:15.559   303  1005 I Telecom : PhoneAccountRegistrar: [ComponentInfo{com.android.phone/com.android.services.telephony.TelephonyConnectionService}, [e2f7d48dd2b5ca523e7313cf4ba0f6ea830b6281], UserHandle{0}(icon: Icon(typ=BITMAP size=29x36) -> Icon(typ=BITMAP size=29x36))]
05-19 11:23:15.647   303  1005 I Telecom : : Sending phone-account intent as user
05-19 11:23:15.677   845   845 I Telephony: AccountEntry: Registered phoneAccount: [[ ] PhoneAccount: ComponentInfo{com.android.phone/com.android.services.telephony.TelephonyConnectionService}, [e2f7d48dd2b5ca523e7313cf4ba0f6ea830b6281], UserHandle{0} Capabilities: 54 Schemes: tel voicemail ] with handle: ComponentInfo{com.android.phone/com.android.services.telephony.TelephonyConnectionService}, [e2f7d48dd2b5ca523e7313cf4ba0f6ea830b6281], UserHandle{0}
05-19 11:23:15.677   845   845 I Telephony: PstnIncomingCallNotifier: Registering: Handler (com.android.internal.telephony.gsm.GSMPhone) {d451402}
05-19 11:23:15.686   845   858 I art     : Background sticky concurrent mark sweep GC freed 4299(685KB) AllocSpace objects, 1(20KB) LOS objects, 28% free, 1736KB/2MB, paused 2.431ms total 175.380ms
05-19 11:23:15.957   303   318 W Telecom : : No account found for the calling user
05-19 11:23:15.981   845   845 D CarrierConfigLoader: mHandler: 7 phoneId: 0
05-19 11:23:16.060   845   845 E CarrierConfigLoader: Failed to get package version for: com.android.carrierconfig
05-19 11:23:16.061   845   845 D CarrierConfigLoader: Binding to com.android.carrierconfig for phone 0
05-19 11:23:16.066   303   590 W ActivityManager: Unable to start service Intent { act=android.service.carrier.CarrierService pkg=com.android.carrierconfig } U=0: not found
05-19 11:23:16.082   845   845 D CarrierServiceBindHelper: mHandler: 0
05-19 11:23:16.082   845   845 D CarrierServiceBindHelper: Binding to phoneId: 0
05-19 11:23:16.090   845   845 D CarrierServiceBindHelper: No carrier app for: 0
05-19 11:23:16.100   303   303 I Telecom : PhoneAccountRegistrar: SimCallManager queried, returning: null
05-19 11:23:16.158   303   963 I Telecom : PhoneAccountRegistrar: [ComponentInfo{com.android.phone/com.android.services.telephony.TelephonyConnectionService}, [e2f7d48dd2b5ca523e7313cf4ba0f6ea830b6281], UserHandle{0}(icon: Icon(typ=BITMAP size=29x36) -> Icon(typ=BITMAP size=29x36))]
05-19 11:23:16.187   303   963 I Telecom : : Sending phone-account intent as user
05-19 11:23:16.372  1007  1021 I art     : Background sticky concurrent mark sweep GC freed 11897(1584KB) AllocSpace objects, 6(124KB) LOS objects, 49% free, 1867KB/3MB, paused 228.976ms total 923.950ms
05-19 11:23:16.432   303  1005 I AccountManagerService: getTypesVisibleToCaller: isPermitted? true
05-19 11:23:16.676   303   590 I Telecom : PhoneAccountRegistrar: [ComponentInfo{com.android.phone/com.android.services.telephony.TelephonyConnectionService}, [e2f7d48dd2b5ca523e7313cf4ba0f6ea830b6281], UserHandle{0}(icon: Icon(typ=BITMAP size=29x36) -> Icon(typ=BITMAP size=29x36))]
05-19 11:23:16.738  1007  1007 I Choreographer: Skipped 741 frames!  The application may be doing too much work on its main thread.
05-19 11:23:16.858   303   590 I Telecom : : Sending phone-account intent as user
05-19 11:23:17.049   845   845 I Telephony: PstnIncomingCallNotifier: Unregistering: Handler (com.android.internal.telephony.gsm.GSMPhone) {d451402}
05-19 11:23:17.119   845   858 I art     : Background sticky concurrent mark sweep GC freed 3728(697KB) AllocSpace objects, 0(0B) LOS objects, 32% free, 1628KB/2MB, paused 2.265ms total 203.221ms
05-19 11:23:17.228   303   314 I art     : Background sticky concurrent mark sweep GC freed 7628(1422KB) AllocSpace objects, 13(744KB) LOS objects, 34% free, 5MB/7MB, paused 43.695ms total 325.102ms
05-19 11:23:17.244   845   845 I Telephony: AccountEntry: updateVideoPauseSupport -- mcc/mnc for sub: {id=1, iccId=89014103211118510720 simSlotIndex=0 displayName=Android carrierName=Android nameSource=0 iconTint=-16746133 dataRoaming=0 iconBitmap=android.graphics.Bitmap@3796e39 mcc 310 mnc 260}
05-19 11:23:20.460  1007  1007 I Choreographer: Skipped 179 frames!  The application may be doing too much work on its main thread.
05-19 11:23:20.522   601   630 I art     : Background sticky concurrent mark sweep GC freed 2939(483KB) AllocSpace objects, 0(0B) LOS objects, 6% free, 8MB/9MB, paused 1.872ms total 1.170s
05-19 11:23:20.610   303  1095 D NetworkMonitor/NetworkAgentInfo [MOBILE (UMTS) - 100]: Checking http://connectivitycheck.gstatic.com/generate_204 on epc.tmobile.com, connectivitycheck.gstatic.com=216.58.217.174,2607:f8b0:4004:80d::200e
05-19 11:23:21.080   303  1095 D NetworkMonitor/NetworkAgentInfo [MOBILE (UMTS) - 100]: isCaptivePortal: ret=204 headers={null=[HTTP/1.1 204 No Content], Content-Length=[0], Date=[Thu, 19 May 2016 11:23:21 GMT], X-Android-Received-Millis=[1463657001028], X-Android-Response-Source=[NETWORK 204], X-Android-Selected-Protocol=[http/1.1], X-Android-Sent-Millis=[1463657000949]}
05-19 11:23:21.765    68   399 V IdletimerController: runCmd(/system/bin/ip6tables -w -t raw -A idletimer_raw_PREROUTING -i eth0 -j IDLETIMER --timeout 5 --label 0 --send_nl_msg 1) res_ipv4=0, res_ipv6=0
05-19 11:23:21.798  1007  1007 I Choreographer: Skipped 335 frames!  The application may be doing too much work on its main thread.
05-19 11:23:21.872   303   323 W art     : Long monitor contention event with owner method=boolean android.os.MessageQueue.enqueueMessage(android.os.Message, long) from MessageQueue.java:541 waiters=0 for 1.464s
05-19 11:23:21.874   303   321 W ActivityManager: Slow operation: 1467ms so far, now at startProcess: done creating new process record
05-19 11:23:21.874   303   321 W ActivityManager: Slow operation: 1467ms so far, now at startProcess: stepping in to startProcess
05-19 11:23:22.306  1104  1104 I art     : Late-enabling JIT
05-19 11:23:23.001    68   399 V IdletimerController: runCmd(/system/bin/ip6tables -w -t mangle -A idletimer_mangle_POSTROUTING -o eth0 -j IDLETIMER --timeout 5 --label 0 --send_nl_msg 1) res_ipv4=0, res_ipv6=0
05-19 11:23:23.005   303   471 E NetdConnector: NDC Command {22 idletimer add eth0 5 0} took too long (2592ms)
05-19 11:23:23.064   303   471 D ConnectivityService: Setting tx/rx TCP buffers to 58254,349525,1048576,58254,349525,1048576
05-19 11:23:23.361   303   471 D CSLegacyTypeTracker: Sending CONNECTED broadcast for type 0 NetworkAgentInfo [MOBILE (UMTS) - 100] isDefaultNetwork=true
05-19 11:23:23.363   601   930 D ConnectivityManager.CallbackHandler: CM callback handler got msg 524290
05-19 11:23:23.396   303   471 D ConnectivityService: sendStickyBroadcast: action=android.net.conn.CONNECTIVITY_CHANGE
05-19 11:23:23.425   303   329 D Tethering: MasterInitialState.processMessage what=3
05-19 11:23:23.427   303   471 D ConnectivityService: notifyType PRECHECK for NetworkAgentInfo [MOBILE (UMTS) - 100]
05-19 11:23:23.432   303   471 D ConnectivityService: setProvNotificationVisibleIntent null visible=false networkType=MOBILE extraInfo=null highPriority=false
05-19 11:23:23.543   303   471 D ConnectivityService: NetworkAgentInfo [MOBILE (UMTS) - 100] validation  passed
05-19 11:23:23.549   303   471 D ConnectivityService: rematching NetworkAgentInfo [MOBILE (UMTS) - 100]
05-19 11:23:23.549   303   471 D ConnectivityService: notifyType CAP_CHANGED for NetworkAgentInfo [MOBILE (UMTS) - 100]
05-19 11:23:23.561   601   930 D ConnectivityManager.CallbackHandler: CM callback handler got msg 524289
05-19 11:23:23.604   601   930 D ConnectivityManager.CallbackHandler: CM callback handler got msg 524294
05-19 11:23:23.658   303   471 D ConnectivityService: sendStickyBroadcast: action=android.net.conn.INET_CONDITION_ACTION
05-19 11:23:23.696  1007  1007 I Choreographer: Skipped 492 frames!  The application may be doing too much work on its main thread.
05-19 11:23:23.817   303   465 I NetworkPolicy: No policy for subscriber 310260000000000; generating default policy
05-19 11:23:24.200  1007  1007 I Choreographer: Skipped 130 frames!  The application may be doing too much work on its main thread.
05-19 11:23:24.572  1007  1007 I Choreographer: Skipped 85 frames!  The application may be doing too much work on its main thread.
05-19 11:23:24.752  1007  1007 I Choreographer: Skipped 45 frames!  The application may be doing too much work on its main thread.
05-19 11:23:26.872  1007  1007 D Launcher: bindAppWidget: AppWidget(id=3)
05-19 11:23:26.922  1007  1007 D Launcher: bindAppWidget: id=3 belongs to component ComponentInfo{com.android.deskclock/com.android.alarmclock.AnalogAppWidgetProvider}
05-19 11:23:27.692  1007  1021 I art     : Background partial concurrent mark sweep GC freed 5437(355KB) AllocSpace objects, 11(280KB) LOS objects, 40% free, 3MB/6MB, paused 39.437ms total 682.180ms
05-19 11:23:28.339   303   471 D ConnectivityService: handlePromptUnvalidated 100
05-19 11:23:29.255  1007  1007 D Launcher: bound widget id=3 in 2384ms
05-19 11:23:29.256  1007  1007 I Choreographer: Skipped 1120 frames!  The application may be doing too much work on its main thread.
05-19 11:23:31.292  1007  1007 I Choreographer: Skipped 462 frames!  The application may be doing too much work on its main thread.
05-19 11:23:34.894   303   465 E NetdConnector: NDC Command {24 bandwidth setiquota eth0 9223372036854775807} took too long (10985ms)
05-19 11:23:34.897   303   318 W art     : Long monitor contention event with owner method=void android.net.LocalSocketImpl.writeba_native(byte[], int, int, java.io.FileDescriptor) from LocalSocketImpl.java:4294967294 waiters=0 for 10.962s
05-19 11:23:35.522  1104  1104 I PrintSpoolerService: No existing print spooler state.
05-19 11:23:35.807   303   303 I FusedLocation: engine started (com.android.location.fused)
05-19 11:23:36.132  1007  1021 I art     : Background sticky concurrent mark sweep GC freed 9364(738KB) AllocSpace objects, 28(684KB) LOS objects, 28% free, 4MB/6MB, paused 7.452ms total 385.167ms
05-19 11:23:38.967  1090  1090 D AndroidRuntime: >>>>>> START com.android.internal.os.RuntimeInit uid 0 <<<<<<
05-19 11:23:39.105  1090  1090 D AndroidRuntime: CheckJNI is ON
05-19 11:23:39.407   303   465 E NetdConnector: NDC Command {25 bandwidth removeiquota eth0} took too long (4371ms)
05-19 11:23:40.299  1090  1090 I art     : JIT created with code_cache_capacity=2MB compile_threshold=1000
05-19 11:23:40.486  1090  1090 D ICU     : No timezone override file found: /data/misc/zoneinfo/current/icu/icu_tzdata.dat
05-19 11:23:41.989  1090  1090 E memtrack: Couldn't load memtrack module (No such file or directory)
05-19 11:23:41.990  1090  1090 E android.os.Debug: failed to load memtrack module: -2
05-19 11:23:42.086  1090  1090 I Radio-JNI: register_android_hardware_Radio DONE
05-19 11:23:43.272  1090  1090 D AndroidRuntime: Calling main entry com.android.commands.input.Input
05-19 11:23:43.357  1090  1090 I Input   : injectKeyEvent: KeyEvent { action=ACTION_DOWN, keyCode=KEYCODE_MENU, scanCode=0, metaState=0, flags=0x0, repeatCount=0, eventTime=340228, downTime=340228, deviceId=-1, source=0x101 }
05-19 11:23:43.398  1125  1125 D AndroidRuntime: >>>>>> START com.android.internal.os.RuntimeInit uid 0 <<<<<<
05-19 11:23:43.514  1125  1125 D AndroidRuntime: CheckJNI is ON
05-19 11:23:44.759  1125  1125 I art     : JIT created with code_cache_capacity=2MB compile_threshold=1000
05-19 11:23:44.911  1125  1125 D ICU     : No timezone override file found: /data/misc/zoneinfo/current/icu/icu_tzdata.dat
05-19 11:23:45.344   303   465 E NetdConnector: NDC Command {26 bandwidth setiquota eth0 9223372036854775807} took too long (5935ms)
05-19 11:23:45.441   303   323 W art     : Long monitor contention event with owner method=void java.lang.Object.wait!(long, int) from Object.java:4294967294 waiters=0 for 953ms
05-19 11:23:45.788  1090  1090 I Input   : injectKeyEvent: KeyEvent { action=ACTION_UP, keyCode=KEYCODE_MENU, scanCode=0, metaState=0, flags=0x0, repeatCount=0, eventTime=340228, downTime=340228, deviceId=-1, source=0x101 }
05-19 11:23:45.799  1007  1007 I Choreographer: Skipped 55 frames!  The application may be doing too much work on its main thread.
05-19 11:23:45.993  1125  1125 E memtrack: Couldn't load memtrack module (No such file or directory)
05-19 11:23:45.993  1125  1125 E android.os.Debug: failed to load memtrack module: -2
05-19 11:23:46.039  1125  1125 I Radio-JNI: register_android_hardware_Radio DONE
05-19 11:23:46.375  1007  1021 I art     : Background sticky concurrent mark sweep GC freed 1345(587KB) AllocSpace objects, 21(504KB) LOS objects, 17% free, 5MB/6MB, paused 7.939ms total 222.889ms
05-19 11:23:46.775  1090  1090 D AndroidRuntime: Shutting down VM
05-19 11:23:46.935  1007  1007 I Choreographer: Skipped 291 frames!  The application may be doing too much work on its main thread.
05-19 11:23:47.004  1125  1125 D AndroidRuntime: Calling main entry com.android.commands.am.Am
05-19 11:23:47.307  1125  1125 D AndroidRuntime: Shutting down VM
05-19 11:23:48.016  1007  1007 I Choreographer: Skipped 280 frames!  The application may be doing too much work on its main thread.
05-19 11:23:49.255  1007  1007 I Choreographer: Skipped 320 frames!  The application may be doing too much work on its main thread.
05-19 11:23:49.832  1007  1021 I art     : Background partial concurrent mark sweep GC freed 8398(556KB) AllocSpace objects, 4(348KB) LOS objects, 37% free, 6MB/10MB, paused 12.582ms total 143.293ms
05-19 11:23:50.169  1007  1007 I Choreographer: Skipped 229 frames!  The application may be doing too much work on its main thread.
05-19 11:23:52.698  1184  1184 D AndroidRuntime: >>>>>> START com.android.internal.os.RuntimeInit uid 0 <<<<<<
05-19 11:23:52.731  1184  1184 D AndroidRuntime: CheckJNI is ON
05-19 11:23:52.972   601   601 W art     : Long monitor contention event with owner method=java.lang.CharSequence android.content.res.AssetManager.getResourceText(int) from AssetManager.java:149 waiters=0 for 1.688s
05-19 11:23:53.148  1184  1184 I art     : JIT created with code_cache_capacity=2MB compile_threshold=1000
05-19 11:23:53.173   601   601 I Choreographer: Skipped 35 frames!  The application may be doing too much work on its main thread.
05-19 11:23:53.223  1184  1184 D ICU     : No timezone override file found: /data/misc/zoneinfo/current/icu/icu_tzdata.dat
05-19 11:23:53.406   303   514 I MediaFocusControl:  AudioFocus  abandonAudioFocus() from android.media.AudioManager@7a1df8dcom.android.music.MediaPlaybackService$3@6175542
05-19 11:23:53.560  1184  1184 E memtrack: Couldn't load memtrack module (No such file or directory)
05-19 11:23:53.561  1184  1184 E android.os.Debug: failed to load memtrack module: -2
05-19 11:23:53.578  1184  1184 I Radio-JNI: register_android_hardware_Radio DONE
05-19 11:23:53.786  1184  1184 D AndroidRuntime: Calling main entry com.android.commands.pm.Pm
05-19 11:23:53.898  1184  1184 I art     : System.exit called, status: 0
05-19 11:23:53.898  1184  1184 I AndroidRuntime: VM exiting with result code 0.
05-19 11:23:57.366  1196  1196 D AndroidRuntime: >>>>>> START com.android.internal.os.RuntimeInit uid 0 <<<<<<
05-19 11:23:57.406  1196  1196 D AndroidRuntime: CheckJNI is ON
05-19 11:23:57.773  1196  1196 I art     : JIT created with code_cache_capacity=2MB compile_threshold=1000
05-19 11:23:57.844  1196  1196 D ICU     : No timezone override file found: /data/misc/zoneinfo/current/icu/icu_tzdata.dat
05-19 11:23:58.136  1196  1196 E memtrack: Couldn't load memtrack module (No such file or directory)
05-19 11:23:58.136  1196  1196 E android.os.Debug: failed to load memtrack module: -2
05-19 11:23:58.160  1196  1196 I Radio-JNI: register_android_hardware_Radio DONE
05-19 11:23:58.384  1196  1196 D AndroidRuntime: Calling main entry com.android.commands.pm.Pm
05-19 11:23:58.506    73    73 I installd: free_cache(2542428) avail 480718848
05-19 11:23:58.923   303   322 W BroadcastQueue: Timeout of broadcast BroadcastRecord{d02c294 u-1 android.intent.action.SIM_STATE_CHANGED} - receiver=android.os.BinderProxy@3ee213d, started 60012ms ago
05-19 11:23:58.923   303   322 W BroadcastQueue: Receiver during timeout: ResolveInfo{cb2ed32 com.android.settings/.sim.SimSelectNotification m=0x108000}
05-19 11:23:59.339   303   514 I ActivityManager: Start proc 1208:com.android.calendar/u0a19 for broadcast com.android.calendar/.widget.CalendarAppWidgetService$CalendarFactory
05-19 11:23:59.352   303   323 W art     : Long monitor contention event with owner method=void com.android.server.am.BroadcastQueue.processNextBroadcast(boolean) from BroadcastQueue.java:639 waiters=0 for 220ms
05-19 11:23:59.406   303   322 I Process : Sending signal. PID: 1029 SIG: 3
05-19 11:23:59.433  1029  1037 I art     : Thread[3,tid=1037,WaitingInMainSignalCatcherLoop,Thread*=0xaea6f000,peer=0x12c5e0a0,"Signal Catcher"]: reacting to signal 3
05-19 11:23:59.610   303   322 I Process : Sending signal. PID: 303 SIG: 3
05-19 11:23:59.611   303   309 I art     : Thread[2,tid=309,WaitingInMainSignalCatcherLoop,Thread*=0xaea6e600,peer=0x12c010a0,"Signal Catcher"]: reacting to signal 3
05-19 11:23:59.642  1208  1208 I art     : Late-enabling JIT
05-19 11:23:59.764  1208  1208 I art     : JIT created with code_cache_capacity=2MB compile_threshold=1000
05-19 11:23:59.781   303   309 W art     : Suspending all threads took: 133.683ms
05-19 11:23:59.812   303   322 I Process : Sending signal. PID: 845 SIG: 3
05-19 11:23:59.814   845   853 I art     : Thread[3,tid=853,WaitingInMainSignalCatcherLoop,Thread*=0xaea6f000,peer=0x12c510a0,"Signal Catcher"]: reacting to signal 3
05-19 11:24:00.014   303   322 I Process : Sending signal. PID: 601 SIG: 3
05-19 11:24:00.015   601   623 I art     : Thread[3,tid=623,WaitingInMainSignalCatcherLoop,Thread*=0xaea6f000,peer=0x15c19100,"Signal Catcher"]: reacting to signal 3
05-19 11:24:01.647   845   853 W art     : Method processed more than once: android.os.Message android.os.MessageQueue.next()
05-19 11:24:01.927   845   853 W art     : Method processed more than once: android.os.Message android.os.MessageQueue.next()
05-19 11:24:01.928   845   853 W art     : Method processed more than once: void android.os.HandlerThread.run()
05-19 11:24:01.975   601   623 W art     : Method processed more than once: android.os.Message android.os.MessageQueue.next()
05-19 11:24:02.011   601   623 W art     : Method processed more than once: void android.os.HandlerThread.run()
05-19 11:24:02.048   845   853 W art     : Method processed more than once: android.os.Message android.os.MessageQueue.next()
05-19 11:24:02.049   845   853 W art     : Method processed more than once: void android.os.HandlerThread.run()
05-19 11:24:02.114   601   623 W art     : Method processed more than once: android.os.Message android.os.MessageQueue.next()
05-19 11:24:02.116   601   623 W art     : Method processed more than once: void android.os.HandlerThread.run()
05-19 11:24:02.148   845   853 W art     : Method processed more than once: android.os.Message android.os.MessageQueue.next()
05-19 11:24:02.150   845   853 W art     : Method processed more than once: void android.os.HandlerThread.run()
05-19 11:24:02.264   845   853 W art     : Method processed more than once: android.os.Message android.os.MessageQueue.next()
05-19 11:24:02.265   845   853 W art     : Method processed more than once: void android.os.HandlerThread.run()
05-19 11:24:02.298   601   623 W art     : Method processed more than once: android.os.Message android.os.MessageQueue.next()
05-19 11:24:02.299   601   623 W art     : Method processed more than once: void android.os.HandlerThread.run()
05-19 11:24:02.379   845   853 W art     : Method processed more than once: android.os.Message android.os.MessageQueue.next()
05-19 11:24:02.380   845   853 W art     : Method processed more than once: void android.os.HandlerThread.run()
05-19 11:24:02.476   845   853 W art     : Method processed more than once: android.os.Message android.os.MessageQueue.next()
05-19 11:24:02.478   845   853 W art     : Method processed more than once: void android.os.HandlerThread.run()
05-19 11:24:02.599   845   853 W art     : Method processed more than once: android.os.Message android.os.MessageQueue.next()
05-19 11:24:02.601   845   853 W art     : Method processed more than once: void android.os.HandlerThread.run()
05-19 11:24:02.682   845   853 W art     : Method processed more than once: android.os.Message android.os.MessageQueue.next()
05-19 11:24:02.683   845   853 W art     : Method processed more than once: void android.os.HandlerThread.run()
05-19 11:24:02.726   601   623 W art     : Method processed more than once: android.os.Message android.os.MessageQueue.next()
05-19 11:24:02.727   601   623 W art     : Method processed more than once: void android.os.HandlerThread.run()
05-19 11:24:02.794   601   623 W art     : Method processed more than once: android.os.Message android.os.MessageQueue.next()
05-19 11:24:02.795   601   623 W art     : Method processed more than once: void android.os.HandlerThread.run()
05-19 11:24:02.960   845   853 W art     : Method processed more than once: android.os.Message android.os.MessageQueue.next()
05-19 11:24:02.961   601   623 W art     : Method processed more than once: android.os.Message android.os.MessageQueue.next()
05-19 11:24:02.963   601   623 W art     : Method processed more than once: void android.os.HandlerThread.run()
05-19 11:24:02.972   845   853 W art     : Method processed more than once: void android.os.HandlerThread.run()
05-19 11:24:03.048   845   853 W art     : Method processed more than once: android.os.Message android.os.MessageQueue.next()
05-19 11:24:03.049   845   853 W art     : Method processed more than once: void android.os.HandlerThread.run()
05-19 11:24:03.100   845   853 W art     : Method processed more than once: android.os.Message android.os.MessageQueue.next()
05-19 11:24:03.101   845   853 W art     : Method processed more than once: void android.os.HandlerThread.run()
05-19 11:24:03.151   845   853 W art     : Method processed more than once: android.os.Message android.os.MessageQueue.next()
05-19 11:24:03.152   845   853 W art     : Method processed more than once: void android.os.HandlerThread.run()
05-19 11:24:03.303   601   623 I art     : Wrote stack traces to '/data/anr/traces.txt'
05-19 11:24:03.423   845   853 I art     : Wrote stack traces to '/data/anr/traces.txt'
05-19 11:24:07.523   303   314 I art     : Background sticky concurrent mark sweep GC freed 24940(2MB) AllocSpace objects, 12(240KB) LOS objects, 30% free, 5MB/7MB, paused 5.202ms total 505.993ms
05-19 11:24:08.114   303   322 I Process : Sending signal. PID: 609 SIG: 3
05-19 11:24:08.115   609   635 I art     : Thread[3,tid=635,WaitingInMainSignalCatcherLoop,Thread*=0xaea6f000,peer=0x15c070a0,"Signal Catcher"]: reacting to signal 3
05-19 11:24:08.321   303   322 I Process : Sending signal. PID: 938 SIG: 3
05-19 11:24:08.383   938   944 I art     : Thread[3,tid=944,WaitingInMainSignalCatcherLoop,Thread*=0xaea6f000,peer=0x12c550a0,"Signal Catcher"]: reacting to signal 3
05-19 11:24:08.576   303   322 E ActivityManager: ANR in com.android.settings
05-19 11:24:08.576   303   322 E ActivityManager: PID: 1029
05-19 11:24:08.576   303   322 E ActivityManager: Reason: Broadcast of Intent { act=android.intent.action.SIM_STATE_CHANGED flg=0x4000010 cmp=com.android.settings/.sim.SimSelectNotification (has extras) }
05-19 11:24:08.576   303   322 E ActivityManager: Load: 14.89 / 6.86 / 2.81
05-19 11:24:08.576   303   322 E ActivityManager: CPU usage from 1ms to 9552ms later with 99% awake:
05-19 11:24:08.576   303   322 E ActivityManager:   49% 303/system_server: 26% user + 23% kernel / faults: 3248 minor 1 major
05-19 11:24:08.576   303   322 E ActivityManager:   15% 845/com.android.phone: 8.4% user + 7.2% kernel / faults: 1872 minor 3 major
05-19 11:24:08.576   303   322 E ActivityManager:   0.3% 69/debuggerd: 0% user + 0.2% kernel / faults: 3828 minor
05-19 11:24:08.576   303   322 E ActivityManager:   9.9% 601/com.android.systemui: 5.6% user + 4.3% kernel / faults: 1460 minor
05-19 11:24:08.576   303   322 E ActivityManager:   2.7% 609/android.process.acore: 1.4% user + 1.2% kernel / faults: 675 minor
05-19 11:24:08.576   303   322 E ActivityManager:   1.7% 1029/com.android.settings: 0.5% user + 1.1% kernel / faults: 693 minor
05-19 11:24:08.576   303   322 E ActivityManager:   1.5% 67/adbd: 0.2% user + 1.3% kernel / faults: 139 minor
05-19 11:24:08.576   303   322 E ActivityManager:   1.4% 26/mtdblock1: 0% user + 1.4% kernel
05-19 11:24:08.576   303   322 E ActivityManager:   1% 75/zygote: 0.1% user + 0.9% kernel / faults: 1152 minor
05-19 11:24:08.576   303   322 E ActivityManager:   0.8% 1196/app_process: 0.3% user + 0.5% kernel
05-19 11:24:08.576   303   322 E ActivityManager:   0.3% 938/android.process.media: 0% user + 0.3% kernel / faults: 88 minor
05-19 11:24:08.576   303   322 E ActivityManager:   0.2% 1007/com.android.launcher3: 0.1% user + 0.1% kernel / faults: 1 minor
05-19 11:24:08.576   303   322 E ActivityManager:   0.1% 3/ksoftirqd/0: 0% user + 0.1% kernel
05-19 11:24:08.576   303   322 E ActivityManager:   0.1% 25/mtdblock0: 0% user + 0.1% kernel
05-19 11:24:08.576   303   322 E ActivityManager:   0.1% 40/jbd2/mtdblock1-: 0% user + 0.1% kernel
05-19 11:24:08.576   303   322 E ActivityManager:   0.1% 48/logd: 0% user + 0.1% kernel / faults: 4 minor
05-19 11:24:08.576   303   322 E ActivityManager:  +0% 1208/<pre-initialized>: 0% user + 0% kernel
05-19 11:24:08.576   303   322 E ActivityManager: 100% TOTAL: 47% user + 52% kernel
05-19 11:24:08.576   303   322 E ActivityManager: CPU usage from 8413ms to 9044ms later:
05-19 11:24:08.576   303   322 E ActivityManager:   96% 303/system_server: 56% user + 40% kernel / faults: 350 minor
05-19 11:24:08.576   303   322 E ActivityManager:     76% 309/Signal Catcher: 43% user + 33% kernel
05-19 11:24:08.576   303   322 E ActivityManager:     8.3% 322/ActivityManager: 5% user + 3.3% kernel
05-19 11:24:08.576   303   322 E ActivityManager:     5% 312/FinalizerDaemon: 3.3% user + 1.6% kernel
05-19 11:24:08.576   303   322 E ActivityManager:     3.3% 314/HeapTaskDaemon: 3.3% user + 0% kernel
05-19 11:24:08.576   303   322 E ActivityManager:     1.6% 321/android.bg: 0% user + 1.6% kernel
05-19 11:24:08.576   303   322 E ActivityManager:     1.6% 323/android.ui: 1.6% user + 0% kernel
05-19 11:24:08.576   303   322 E ActivityManager:   1% 609/android.process.acore: 0% user + 1% kernel / faults: 1 minor
05-19 11:24:08.576   303   322 E ActivityManager:     1% 647/ContactsProvide: 0% user + 1% kernel
05-19 11:24:08.576   303   322 E ActivityManager:   1.2% 938/android.process.media: 0% user + 1.2% kernel / faults: 10 minor
05-19 11:24:08.576   303   322 E ActivityManager:     1.2% 982/DownloadManager: 0% user + 1.2% kernel
05-19 11:24:08.576   303   322 E ActivityManager: 100% TOTAL: 55% user + 44% kernel
05-19 11:24:08.605   303   322 I ActivityManager: Killing 1029:com.android.settings/1000 (adj 11): bg anr
05-19 11:24:08.812   609   635 W art     : Method processed more than once: void java.lang.Thread.parkFor$(long)
05-19 11:24:08.905   303   322 E libprocessgroup: failed to kill 1 processes for processgroup 1029
05-19 11:24:09.342   303   322 W ActivityManager: Process ProcessRecord{55b8b56 1208:com.android.calendar/u0a19} failed to attach
05-19 11:24:09.345   303   322 I ActivityManager: Killing 1208:com.android.calendar/u0a19 (adj -100): start timeout
05-19 11:24:09.373   303   322 W ActivityManager: Unattached app died before broadcast acknowledged, skipping
05-19 11:24:09.373   303   322 W ActivityManager: Unattached app died before broadcast acknowledged, skipping
05-19 11:24:09.447   303   322 I ActivityManager: Start proc 1223:com.android.calendar/u0a19 for broadcast com.android.calendar/.widget.CalendarAppWidgetService$CalendarFactory
05-19 11:24:09.465  1223  1223 I art     : Late-enabling JIT
05-19 11:24:09.641  1223  1223 I art     : JIT created with code_cache_capacity=2MB compile_threshold=1000
05-19 11:24:09.934   303   309 I art     : Wrote stack traces to '/data/anr/traces.txt'
05-19 11:24:09.965   609   635 W art     : Method processed more than once: android.os.Message android.os.MessageQueue.next()
05-19 11:24:09.966   609   635 W art     : Method processed more than once: void android.os.HandlerThread.run()
05-19 11:24:09.970   609   635 W art     : Method processed more than once: void java.lang.Thread.parkFor$(long)
05-19 11:24:10.022   303   590 W ActivityManager: No pending application record for pid 1208 (IApplicationThread android.app.ApplicationThreadProxy@40ed3ad); dropping process
05-19 11:24:10.025   303   963 W art     : Long monitor contention event with owner method=void com.android.server.am.ActivityManagerService.attachApplication(android.app.IApplicationThread) from ActivityManagerService.java:6186 waiters=1 for 102ms
05-19 11:24:10.500   609   635 I art     : Wrote stack traces to '/data/anr/traces.txt'
05-19 11:24:11.259  1196  1196 I art     : System.exit called, status: 0
05-19 11:24:11.260  1196  1196 I AndroidRuntime: VM exiting with result code 0.
05-19 11:24:11.658  1007  1007 I Choreographer: Skipped 137 frames!  The application may be doing too much work on its main thread.
05-19 11:24:14.705  1223  1223 W System  : ClassLoader referenced unknown path: /system/app/Calendar/lib/arm
05-19 11:24:14.883  1238  1238 D AndroidRuntime: >>>>>> START com.android.internal.os.RuntimeInit uid 0 <<<<<<
05-19 11:24:14.927  1238  1238 D AndroidRuntime: CheckJNI is ON
05-19 11:24:15.322  1238  1238 I art     : JIT created with code_cache_capacity=2MB compile_threshold=1000
05-19 11:24:15.398  1238  1238 D ICU     : No timezone override file found: /data/misc/zoneinfo/current/icu/icu_tzdata.dat
05-19 11:24:15.703  1238  1238 E memtrack: Couldn't load memtrack module (No such file or directory)
05-19 11:24:15.704  1238  1238 E android.os.Debug: failed to load memtrack module: -2
05-19 11:24:15.725  1238  1238 I Radio-JNI: register_android_hardware_Radio DONE
05-19 11:24:15.950  1238  1238 D AndroidRuntime: Calling main entry com.android.commands.pm.Pm
05-19 11:24:17.976  1223  1223 D ExtensionsFactory: No custom extensions.
05-19 11:24:18.047   303   335 I ActivityManager: Start proc 1252:com.android.defcontainer/u0a3 for service com.android.defcontainer/.DefaultContainerService
05-19 11:24:18.057  1252  1252 I art     : Late-enabling JIT
05-19 11:24:18.126  1252  1252 I art     : JIT created with code_cache_capacity=2MB compile_threshold=1000
05-19 11:24:18.509  1269  1269 I art     : Late-enabling JIT
05-19 11:24:18.512   303   963 I ActivityManager: Start proc 1269:com.android.deskclock/u0a23 for broadcast com.android.deskclock/.AlarmInitReceiver
05-19 11:24:18.608   303   514 I ActivityManager: Start proc 1274:com.android.providers.calendar/u0a1 for content provider com.android.providers.calendar/.CalendarProvider2
05-19 11:24:18.635  1274  1274 I art     : Late-enabling JIT
05-19 11:24:18.679  1269  1269 I art     : JIT created with code_cache_capacity=2MB compile_threshold=1000
05-19 11:24:18.789  1274  1274 I art     : JIT created with code_cache_capacity=2MB compile_threshold=1000
05-19 11:24:19.087  1269  1269 W System  : ClassLoader referenced unknown path: /system/app/DeskClock/lib/arm
05-19 11:24:19.197  1269  1269 V AlarmClock: AlarmInitReceiver android.intent.action.TIMEZONE_CHANGED
05-19 11:24:19.658  1269  1298 I AlarmClock: Alarms Table created
05-19 11:24:19.664  1269  1298 I AlarmClock: Instance table created
05-19 11:24:19.668  1269  1298 I AlarmClock: Cities table created
05-19 11:24:19.668  1269  1298 I AlarmClock: Inserting default alarms
05-19 11:24:19.741  1269  1298 V AlarmClock: AlarmInitReceiver finished
05-19 11:24:19.807  1269  1269 V AlarmClock: AlarmInitReceiver android.intent.action.TIME_SET
05-19 11:24:19.923  1269  1298 V AlarmClock: AlarmInitReceiver finished
05-19 11:24:19.954   303   335 W PackageParser: Unknown element under <manifest>: meta-data at /data/app/vmdl151080527.tmp/base.apk Binary XML file line #12
05-19 11:24:19.954   303   335 W PackageParser: Unknown element under <manifest>: meta-data at /data/app/vmdl151080527.tmp/base.apk Binary XML file line #15
05-19 11:24:20.392   303   316 I AccountManagerService: getTypesVisibleToCaller: isPermitted? true
05-19 11:24:20.781   829   905 I LatinIME:LogUtils: Dictionary info: dictionary = userunigram.en_US ; version = 1463657060 ; date = ?
05-19 11:24:20.895   829   905 I LatinIME:LogUtils: Dictionary info: dictionary = UserHistoryDictionary.en_US ; version = 1463657060 ; date = ?
05-19 11:24:21.126   829   905 I BinaryDictionaryFileDumper: reinitializeClientRecordInDictionaryContentProvider() : MetadataFileUri = 
05-19 11:24:21.445   829   905 I LatinIME:LogUtils: Dictionary info: dictionary = main:de ; version = 54 ; date = 1414726263
05-19 11:24:21.549   829   905 I LatinIME:LogUtils: Dictionary info: dictionary = main:fr ; version = 54 ; date = 1414726264
05-19 11:24:21.565   829   905 I LatinIME:LogUtils: Dictionary info: dictionary = main:es ; version = 54 ; date = 1414726268
05-19 11:24:21.573   829   905 I LatinIME:LogUtils: Dictionary info: dictionary = main:it ; version = 54 ; date = 1414726258
05-19 11:24:21.584   829   905 I LatinIME:LogUtils: Dictionary info: dictionary = main:ru ; version = 54 ; date = 1414726277
05-19 11:24:21.698   829   905 I LatinIME:LogUtils: Dictionary info: dictionary = main:en ; version = 54 ; date = 1414726273
05-19 11:24:21.787   829   905 I BinaryDictionaryFileDumper: reinitializeClientRecordInDictionaryContentProvider() : Insert DictionaryInfo : Id = 'main:de' : Locale=de : Version=54
05-19 11:24:21.821   829   905 I BinaryDictionaryFileDumper: reinitializeClientRecordInDictionaryContentProvider() : Insert DictionaryInfo : Id = 'main:fr' : Locale=fr : Version=54
05-19 11:24:21.857   829   905 I BinaryDictionaryFileDumper: reinitializeClientRecordInDictionaryContentProvider() : Insert DictionaryInfo : Id = 'main:es' : Locale=es : Version=54
05-19 11:24:21.863   609   647 D ContactDirectoryManager: Found com.android.exchange.directory.provider
05-19 11:24:21.927   303   318 I ActivityManager: Start proc 1303:com.android.exchange/u0a29 for content provider com.android.exchange/.provider.ExchangeDirectoryProvider
05-19 11:24:21.935  1303  1303 I art     : Late-enabling JIT
05-19 11:24:22.002  1303  1303 I art     : JIT created with code_cache_capacity=2MB compile_threshold=1000
05-19 11:24:22.170   829   905 I BinaryDictionaryFileDumper: reinitializeClientRecordInDictionaryContentProvider() : Insert DictionaryInfo : Id = 'main:it' : Locale=it : Version=54
05-19 11:24:22.189   829   905 I BinaryDictionaryFileDumper: reinitializeClientRecordInDictionaryContentProvider() : Insert DictionaryInfo : Id = 'main:ru' : Locale=ru : Version=54
05-19 11:24:22.219   829   905 I BinaryDictionaryFileDumper: reinitializeClientRecordInDictionaryContentProvider() : Insert DictionaryInfo : Id = 'main:en' : Locale=en : Version=54
05-19 11:24:22.261   829   905 I BinaryDictionaryFileDumper: reinitializeClientRecordInDictionaryContentProvider() : Insert DictionaryInfo : Id = 'main:en_us' : Locale=en_US : Version=-1
05-19 11:24:22.277  1303  1303 W System  : ClassLoader referenced unknown path: /system/app/Exchange2/lib/arm
05-19 11:24:22.292   829   905 W BinaryDictionaryFileDumper: Missing metadata.json resource
05-19 11:24:22.474   303   314 I art     : Background sticky concurrent mark sweep GC freed 6175(464KB) AllocSpace objects, 7(300KB) LOS objects, 11% free, 7MB/7MB, paused 7.140ms total 75.874ms
05-19 11:24:22.488   938   944 W libbacktrace: bool ThreadEntry::Wait(int): pthread_cond_timedwait for value 1 failed: Connection timed out
05-19 11:24:22.489   938   944 E libbacktrace: bool BacktraceCurrent::UnwindThread(size_t): Timed out waiting for signal handler to get ucontext data.
05-19 11:24:22.501   829   905 I LatinIME:LogUtils: Dictionary info: dictionary = main:en ; version = 54 ; date = 1414726273
05-19 11:24:22.640   829   905 I LatinIME:LogUtils: Dictionary info: dictionary = main:en ; version = 54 ; date = 1414726273
05-19 11:24:22.749  1319  1319 I art     : Late-enabling JIT
05-19 11:24:22.752   303   481 I ActivityManager: Start proc 1319:com.android.email/u0a27 for content provider com.android.email/.provider.EmailProvider
