05-19 11:21:54.373   303   322 E KernelUidCpuTimeReader: 	at com.android.server.ServiceThread.run(ServiceThread.java:46)
05-19 11:21:54.373   303   322 E KernelUidCpuTimeReader: Caused by: android.system.ErrnoException: open failed: ENOENT (No such file or directory)
05-19 11:21:54.373   303   322 E KernelUidCpuTimeReader: 	at libcore.io.Posix.open(Native Method)
05-19 11:21:54.373   303   322 E KernelUidCpuTimeReader: 	at libcore.io.BlockGuardOs.open(BlockGuardOs.java:186)
05-19 11:21:54.373   303   322 E KernelUidCpuTimeReader: 	at libcore.io.IoBridge.open(IoBridge.java:438)
05-19 11:21:54.373   303   322 E KernelUidCpuTimeReader: 	... 10 more
05-19 11:21:54.376   303   332 W KeyguardServiceDelegate: onScreenTurningOn(): no keyguard service!
05-19 11:21:54.390   303   303 D VoldConnector: SND -> {8 volume remount_uid 2000 none}
05-19 11:21:54.391    49    81 D vold    : Remounting 2000 as mode none
05-19 11:21:54.392    49    81 E vold    : Failed to readlink: No such file or directory
05-19 11:21:54.392   303   460 D VoldConnector: RCV <- {400 8 Command failed}
05-19 11:21:54.394   303   303 W MountService: Failed to remount UID 2000 as none: com.android.server.NativeDaemonConnector$NativeDaemonFailureException: command '8 volume remount_uid 2000 none' failed with '400 8 Command failed'
05-19 11:21:54.395   303   303 D VoldConnector: SND -> {9 volume remount_uid 2000 none}
05-19 11:21:54.396    49    81 D vold    : Remounting 2000 as mode none
05-19 11:21:54.396    49    81 E vold    : Failed to readlink: No such file or directory
05-19 11:21:54.397   303   460 D VoldConnector: RCV <- {400 9 Command failed}
05-19 11:21:54.398   303   303 W MountService: Failed to remount UID 2000 as none: com.android.server.NativeDaemonConnector$NativeDaemonFailureException: command '9 volume remount_uid 2000 none' failed with '400 9 Command failed'
05-19 11:21:54.420   303   303 D VoldConnector: SND -> {10 volume remount_uid 10013 none}
05-19 11:21:54.422    49    81 D vold    : Remounting 10013 as mode none
05-19 11:21:54.422    49    81 E vold    : Failed to readlink: No such file or directory
05-19 11:21:54.423   303   460 D VoldConnector: RCV <- {400 10 Command failed}
05-19 11:21:54.425   303   303 W MountService: Failed to remount UID 10013 as none: com.android.server.NativeDaemonConnector$NativeDaemonFailureException: command '10 volume remount_uid 10013 none' failed with '400 10 Command failed'
05-19 11:21:54.432   303   303 D VoldConnector: SND -> {11 volume remount_uid 10013 none}
05-19 11:21:54.450    49    81 D vold    : Remounting 10013 as mode none
05-19 11:21:54.460    49    81 E vold    : Failed to readlink: No such file or directory
05-19 11:21:54.461   303   460 D VoldConnector: RCV <- {400 11 Command failed}
05-19 11:21:54.463   303   303 W MountService: Failed to remount UID 10013 as none: com.android.server.NativeDaemonConnector$NativeDaemonFailureException: command '11 volume remount_uid 10013 none' failed with '400 11 Command failed'
05-19 11:21:54.465   303   303 I DefaultPermGrantPolicy: Granting permissions to default platform handlers for user 0
05-19 11:21:54.469   303   303 W VoiceInteractionManagerService: no available voice interaction services found for user 0
05-19 11:21:54.469   303   303 W VoiceInteractionManagerService: no available voice recognition services found for user 0
05-19 11:21:55.055   303   303 W art     : Long monitor contention event with owner method=int android.content.res.AssetManager.addAssetPathNative(java.lang.String) from AssetManager.java:4294967294 waiters=0 for 574ms
05-19 11:21:55.058   303   303 D VoldConnector: SND -> {12 volume remount_uid 10009 none}
05-19 11:21:55.070    49    81 D vold    : Remounting 10009 as mode none
05-19 11:21:55.070    49    81 E vold    : Failed to readlink: No such file or directory
05-19 11:21:55.071   303   460 D VoldConnector: RCV <- {400 12 Command failed}
05-19 11:21:55.073   303   303 W MountService: Failed to remount UID 10009 as none: com.android.server.NativeDaemonConnector$NativeDaemonFailureException: command '12 volume remount_uid 10009 none' failed with '400 12 Command failed'
05-19 11:21:55.079   303   303 D VoldConnector: SND -> {13 volume remount_uid 10033 none}
05-19 11:21:55.090    49    81 D vold    : Remounting 10033 as mode none
05-19 11:21:55.091    49    81 E vold    : Failed to readlink: No such file or directory
05-19 11:21:55.091   303   460 D VoldConnector: RCV <- {400 13 Command failed}
05-19 11:21:55.093   303   303 W MountService: Failed to remount UID 10033 as none: com.android.server.NativeDaemonConnector$NativeDaemonFailureException: command '13 volume remount_uid 10033 none' failed with '400 13 Command failed'
05-19 11:21:55.094   303   303 D VoldConnector: SND -> {14 volume remount_uid 10033 none}
05-19 11:21:55.095    49    81 D vold    : Remounting 10033 as mode none
05-19 11:21:55.096    49    81 E vold    : Failed to readlink: No such file or directory
05-19 11:21:55.096   303   460 D VoldConnector: RCV <- {400 14 Command failed}
05-19 11:21:55.104   303   303 W MountService: Failed to remount UID 10033 as none: com.android.server.NativeDaemonConnector$NativeDaemonFailureException: command '14 volume remount_uid 10033 none' failed with '400 14 Command failed'
05-19 11:21:55.120   303   303 D VoldConnector: SND -> {15 volume remount_uid 10006 none}
05-19 11:21:55.122    49    81 D vold    : Remounting 10006 as mode none
05-19 11:21:55.122    49    81 E vold    : Failed to readlink: No such file or directory
05-19 11:21:55.123   303   460 D VoldConnector: RCV <- {400 15 Command failed}
05-19 11:21:55.131   303   303 W MountService: Failed to remount UID 10006 as none: com.android.server.NativeDaemonConnector$NativeDaemonFailureException: command '15 volume remount_uid 10006 none' failed with '400 15 Command failed'
05-19 11:21:55.132   303   303 D VoldConnector: SND -> {16 volume remount_uid 10006 none}
05-19 11:21:55.133    49    81 D vold    : Remounting 10006 as mode none
05-19 11:21:55.134    49    81 E vold    : Failed to readlink: No such file or directory
05-19 11:21:55.134   303   460 D VoldConnector: RCV <- {400 16 Command failed}
05-19 11:21:55.136   303   303 W MountService: Failed to remount UID 10006 as none: com.android.server.NativeDaemonConnector$NativeDaemonFailureException: command '16 volume remount_uid 10006 none' failed with '400 16 Command failed'
05-19 11:21:55.150   303   303 D VoldConnector: SND -> {17 volume remount_uid 10001 none}
05-19 11:21:55.151    49    81 D vold    : Remounting 10001 as mode none
05-19 11:21:55.151    49    81 E vold    : Failed to readlink: No such file or directory
05-19 11:21:55.152   303   460 D VoldConnector: RCV <- {400 17 Command failed}
05-19 11:21:55.153   303   303 W MountService: Failed to remount UID 10001 as none: com.android.server.NativeDaemonConnector$NativeDaemonFailureException: command '17 volume remount_uid 10001 none' failed with '400 17 Command failed'
05-19 11:21:55.154   303   303 D VoldConnector: SND -> {18 volume remount_uid 10001 none}
05-19 11:21:55.155    49    81 D vold    : Remounting 10001 as mode none
05-19 11:21:55.156    49    81 E vold    : Failed to readlink: No such file or directory
05-19 11:21:55.156   303   460 D VoldConnector: RCV <- {400 18 Command failed}
05-19 11:21:55.158   303   303 W MountService: Failed to remount UID 10001 as none: com.android.server.NativeDaemonConnector$NativeDaemonFailureException: command '18 volume remount_uid 10001 none' failed with '400 18 Command failed'
05-19 11:21:55.237   303   303 I ActivityManager: Pre-boot of {com.android.providers.calendar/com.android.providers.calendar.CalendarUpgradeReceiver} for user 0
05-19 11:21:55.252   303   303 I SystemServer: Enabled StrictMode for system server main thread.
05-19 11:21:55.296   303   322 I Zygote  : Process: zygote socket opened, supported ABIS: armeabi-v7a,armeabi
05-19 11:21:55.417   303   322 I ActivityManager: Start proc 496:com.android.providers.calendar/u0a1 for broadcast com.android.providers.calendar/.CalendarUpgradeReceiver
05-19 11:21:55.457   303   323 W WindowManager: Keyguard drawn timeout. Setting mKeyguardDrawComplete
05-19 11:21:55.474   496   496 I art     : Late-enabling JIT
05-19 11:21:55.565   303   303 D RttService: SCAN_AVAILABLE : 1
05-19 11:21:55.597   303   490 D RttService: DefaultState got{ when=-2ms what=160513 target=com.android.internal.util.StateMachine$SmHandler }
05-19 11:21:55.674   303   303 I Choreographer: Skipped 417 frames!  The application may be doing too much work on its main thread.
05-19 11:21:56.483   496   496 I art     : JIT created with code_cache_capacity=2MB compile_threshold=1000
05-19 11:21:56.725   303   303 V BackupManagerService: Connected to transport ComponentInfo{android/com.android.internal.backup.LocalTransportService}
05-19 11:21:56.728   303   303 V BackupManagerService: Registering transport android/com.android.internal.backup.LocalTransportService::android/com.android.internal.backup.LocalTransport = android.app.backup.BackupTransport$TransportImpl@6aa74a2
05-19 11:21:57.198   303   303 I Choreographer: Skipped 241 frames!  The application may be doing too much work on its main thread.
05-19 11:21:57.504   303   314 I art     : Background sticky concurrent mark sweep GC freed 16315(1435KB) AllocSpace objects, 4(80KB) LOS objects, 27% free, 4MB/5MB, paused 7.210ms total 543.827ms
05-19 11:21:57.530   303   481 I ActivityManager: Launching preboot mode app: ProcessRecord{d693533 496:com.android.providers.calendar/u0a1}
05-19 11:21:57.791   496   496 W System  : ClassLoader referenced unknown path: /system/priv-app/CalendarProvider/lib/arm
05-19 11:21:58.012   303   316 I ActivityManager: Pre-boot of {com.android.providers.contacts/com.android.providers.contacts.ContactsUpgradeReceiver} for user 0
05-19 11:21:58.103   303   316 I ActivityManager: Start proc 516:android.process.acore/u0a2 for broadcast com.android.providers.contacts/.ContactsUpgradeReceiver
05-19 11:21:58.162   516   516 I art     : Late-enabling JIT
05-19 11:21:58.246   516   516 I art     : JIT created with code_cache_capacity=2MB compile_threshold=1000
05-19 11:21:58.446   303   316 I ActivityManager: Launching preboot mode app: ProcessRecord{c7360f0 516:android.process.acore/u0a2}
05-19 11:21:58.541   516   516 W System  : ClassLoader referenced unknown path: /system/priv-app/ContactsProvider/lib/arm
05-19 11:21:58.952   516   516 I ContactsUpgradeReceiver: Creating or opening contacts database
05-19 11:21:59.296   516   516 I ContactsDatabaseHelper: Bootstrapping database version: 1011
05-19 11:22:00.940   516   516 I ContactsProviderV1: Bootstrapping database legacy support
05-19 11:22:01.760   516   516 I ContactsDatabaseHelper: Bootstrapping database version: 1011
05-19 11:22:03.114   516   516 I ContactsProviderV1: Bootstrapping database legacy support
05-19 11:22:03.624   516   516 I art     : Waiting for a blocking GC DisableMovingGc
05-19 11:22:03.631   516   516 I art     : WaitForGcToComplete blocked for 6.376ms for cause DisableMovingGc
05-19 11:22:03.632   516   516 I art     : Starting a blocking GC DisableMovingGc
05-19 11:22:04.058   516   516 I ContactsProvider: Locale has changed from null to en-US
05-19 11:22:04.070   516   516 I ContactsDatabaseHelper: Switching to locale en-US (ICU v55.1)
05-19 11:22:04.695   516   516 I ContactsDatabaseHelper: Locale change completed in 625ms
05-19 11:22:04.700   516   516 I ContactsDatabaseHelper: Switching to locale en-US (ICU v55.1)
05-19 11:22:05.500   516   516 I ContactsDatabaseHelper: Locale change completed in 800ms
05-19 11:22:05.674   303   514 I ActivityManager: Pre-boot of {com.android.managedprovisioning/com.android.managedprovisioning.PreBootListener} for user 0
05-19 11:22:05.746   303   514 I ActivityManager: Start proc 544:com.android.managedprovisioning/u0a8 for broadcast com.android.managedprovisioning/.PreBootListener
05-19 11:22:05.797   544   544 I art     : Late-enabling JIT
05-19 11:22:05.887   544   544 I art     : JIT created with code_cache_capacity=2MB compile_threshold=1000
05-19 11:22:06.061   303   481 I ActivityManager: Launching preboot mode app: ProcessRecord{e499669 544:com.android.managedprovisioning/u0a8}
05-19 11:22:06.180   544   544 W System  : ClassLoader referenced unknown path: /system/priv-app/ManagedProvisioning/lib/arm
05-19 11:22:06.238   303   316 I ActivityManager: Pre-boot of {com.android.providers.media/com.android.providers.media.MediaUpgradeReceiver} for user 0
05-19 11:22:06.297   303   316 I ActivityManager: Start proc 559:android.process.media/u0a5 for broadcast com.android.providers.media/.MediaUpgradeReceiver
05-19 11:22:06.381   559   559 I art     : Late-enabling JIT
05-19 11:22:06.505   559   559 I art     : JIT created with code_cache_capacity=2MB compile_threshold=1000
05-19 11:22:06.817   303   514 I ActivityManager: Launching preboot mode app: ProcessRecord{f5f38ee 559:android.process.media/u0a5}
05-19 11:22:06.925   559   559 W System  : ClassLoader referenced unknown path: /system/priv-app/MediaProvider/lib/arm
05-19 11:22:06.995   303   316 W MountService: No primary storage defined yet; hacking together a stub
05-19 11:22:07.095   303   316 I ActivityManager: Pre-boot of {com.android.settings/com.android.settings.ManagedProfileSetup} for user 0
05-19 11:22:07.147   303   316 I ActivityManager: Start proc 576:com.android.settings/1000 for broadcast com.android.settings/.ManagedProfileSetup
05-19 11:22:07.215   576   576 I art     : Late-enabling JIT
05-19 11:22:07.278   576   576 I art     : JIT created with code_cache_capacity=2MB compile_threshold=1000
05-19 11:22:07.471   303   514 I ActivityManager: Launching preboot mode app: ProcessRecord{4f7f18f 576:com.android.settings/1000}
05-19 11:22:07.572   576   576 W System  : ClassLoader referenced unknown path: /system/priv-app/Settings/lib/arm
05-19 11:22:07.724   303   322 I ActivityManager: Removing system update proc: ProcessRecord{d693533 496:com.android.providers.calendar/u0a1}
05-19 11:22:07.727   303   322 I ActivityManager: Killing 496:com.android.providers.calendar/u0a1 (adj 15): system update done
05-19 11:22:07.766   303   322 I ActivityManager: Removing system update proc: ProcessRecord{c7360f0 516:android.process.acore/u0a2}
05-19 11:22:07.766   303   322 I ActivityManager: Killing 516:android.process.acore/u0a2 (adj 15): system update done
05-19 11:22:07.811   303   322 I ActivityManager: Removing system update proc: ProcessRecord{e499669 544:com.android.managedprovisioning/u0a8}
05-19 11:22:07.812   303   322 I ActivityManager: Killing 544:com.android.managedprovisioning/u0a8 (adj 13): system update done
05-19 11:22:07.840   303   322 I ActivityManager: Removing system update proc: ProcessRecord{f5f38ee 559:android.process.media/u0a5}
05-19 11:22:07.841   303   322 I ActivityManager: Killing 559:android.process.media/u0a5 (adj 11): system update done
05-19 11:22:07.873   303   322 I ActivityManager: Removing system update proc: ProcessRecord{4f7f18f 576:com.android.settings/1000}
05-19 11:22:07.873   303   322 I ActivityManager: Killing 576:com.android.settings/1000 (adj 9): system update done
05-19 11:22:08.152   303   322 I ActivityManager: System now ready
05-19 11:22:08.159   303   323 W art     : Long monitor contention event with owner method=void com.android.server.am.ActivityManagerService.systemReady(java.lang.Runnable) from ActivityManagerService.java:11718 waiters=0 for 432ms
05-19 11:22:08.170   303   318 W art     : Long monitor contention event with owner method=void com.android.server.am.ActivityManagerService.systemReady(java.lang.Runnable) from ActivityManagerService.java:11718 waiters=1 for 422ms
05-19 11:22:08.175   303   481 W art     : Long monitor contention event with owner method=void com.android.server.am.ActivityManagerService.systemReady(java.lang.Runnable) from ActivityManagerService.java:11718 waiters=2 for 372ms
05-19 11:22:08.181   303   514 W ActivityManager: Spurious death for ProcessRecord{e499669 0:com.android.managedprovisioning/u0a8}, curProc for 544: null
05-19 11:22:08.182   303   590 W art     : Long monitor contention event with owner method=void com.android.server.am.ActivityManagerService.systemReady(java.lang.Runnable) from ActivityManagerService.java:11718 waiters=4 for 322ms
05-19 11:22:08.183   303   590 W ActivityManager: Spurious death for ProcessRecord{f5f38ee 0:android.process.media/u0a5}, curProc for 559: null
05-19 11:22:08.184   303   594 W ActivityManager: Spurious death for ProcessRecord{4f7f18f 0:com.android.settings/1000}, curProc for 576: null
05-19 11:22:08.186   303   481 W ActivityManager: Spurious death for ProcessRecord{c7360f0 0:android.process.acore/u0a2}, curProc for 516: null
05-19 11:22:08.219   303   322 I SystemServer: Making services ready
05-19 11:22:08.219   303   322 I SystemServiceManager: Starting phase 550
05-19 11:22:08.220   303   318 W ActivityManager: Spurious death for ProcessRecord{d693533 0:com.android.providers.calendar/u0a1}, curProc for 496: null
05-19 11:22:08.252   303   459 D MountService: Thinking about reset, mSystemReady=true, mDaemonConnected=true
05-19 11:22:08.255   303   459 D VoldConnector: SND -> {19 volume reset}
05-19 11:22:08.268   303   460 D VoldConnector: RCV <- {651 emulated 7}
05-19 11:22:08.269   303   460 D VoldConnector: RCV <- {659 emulated}
05-19 11:22:08.270   303   460 D VoldConnector: RCV <- {650 emulated 2 "" ""}
05-19 11:22:08.295   303   322 I SystemServer: WebViewFactory preparation
05-19 11:22:08.320   303   303 W System  : ClassLoader referenced unknown path: /system/priv-app/Telecom/lib/arm
05-19 11:22:08.333   303   460 D VoldConnector: RCV <- {651 emulated 0}
05-19 11:22:08.334   303   460 D VoldConnector: RCV <- {200 19 Command succeeded}
05-19 11:22:08.344   303   459 D VoldConnector: SND -> {20 volume user_added 0 0}
05-19 11:22:08.350   303   460 D VoldConnector: RCV <- {200 20 Command succeeded}
05-19 11:22:08.521   303   322 I ActivityManager: Start proc 596:WebViewLoader-armeabi-v7a/1037 [android.webkit.WebViewFactory$RelroFileCreator] for 
05-19 11:22:08.614   596   596 I art     : Late-enabling JIT
05-19 11:22:08.737   303   322 I ActivityManager: Start proc 601:com.android.systemui/u0a13 for service com.android.systemui/.SystemUIService
05-19 11:22:08.741   303   303 W art     : Long monitor contention event with owner method=android.content.ComponentName com.android.server.am.ActivityManagerService.startService(android.app.IApplicationThread, android.content.Intent, java.lang.String, java.lang.String, int) from ActivityManagerService.java:15654 waiters=1 for 148ms
05-19 11:22:08.762   303   303 E BluetoothAdapter: Bluetooth binder is null
05-19 11:22:08.774   303   322 D NetworkManagement: enabling bandwidth control
05-19 11:22:08.824   601   601 I art     : Late-enabling JIT
05-19 11:22:09.077   596   596 I art     : JIT created with code_cache_capacity=2MB compile_threshold=1000
05-19 11:22:09.176   601   601 I art     : JIT created with code_cache_capacity=2MB compile_threshold=1000
05-19 11:22:09.208   303   607 I ActivityManager: Start proc 609:android.process.acore/u0a2 for content provider com.android.providers.contacts/.CallLogProvider
05-19 11:22:09.239   303   303 E BluetoothAdapter: Bluetooth binder is null
05-19 11:22:09.279   303   303 I Telecom : Class: TelecomSystem.INSTANCE being set
05-19 11:22:09.350   303   303 E BluetoothAdapter: Bluetooth binder is null
05-19 11:22:09.373   609   609 I art     : Late-enabling JIT
05-19 11:22:09.419   596   596 V WebViewFactory: RelroFileCreator (64bit = false),  32-bit lib: /system/app/webview/webview.apk!/lib/armeabi-v7a/libwebviewchromium.so, 64-bit lib: 
05-19 11:22:09.501   303   314 I art     : Background partial concurrent mark sweep GC freed 6922(942KB) AllocSpace objects, 12(392KB) LOS objects, 33% free, 4MB/6MB, paused 22.453ms total 995.978ms
05-19 11:22:09.714   303   303 I DefaultPermGrantPolicy: Granting permissions to default dialer app for user:0
05-19 11:22:09.824   303   303 I Telecom : PhoneAccountRegistrar: SimCallManager queried, returning: null
05-19 11:22:10.006   609   609 I art     : JIT created with code_cache_capacity=2MB compile_threshold=1000
05-19 11:22:10.658   601   601 W System  : ClassLoader referenced unknown path: /system/priv-app/SystemUI/lib/arm
05-19 11:22:11.042   601   601 V SystemUIService: Starting SystemUI services.
05-19 11:22:11.198   609   609 W System  : ClassLoader referenced unknown path: /system/priv-app/ContactsProvider/lib/arm
05-19 11:22:11.417   596   596 I art     : System.exit called, status: 0
05-19 11:22:11.417   596   596 I AndroidRuntime: VM exiting with result code 0, cleanup skipped.
05-19 11:22:12.164   609   609 W System  : ClassLoader referenced unknown path: /system/app/UserDictionaryProvider/lib/arm
05-19 11:22:12.521   601   653 E WVMExtractor: Failed to open libwvm.so: dlopen failed: library "libwvm.so" not found
05-19 11:22:13.877   303   594 W AppWidgetServiceImpl: Failed to read state: java.io.FileNotFoundException: /data/system/users/0/appwidgets.xml: open failed: ENOENT (No such file or directory)
05-19 11:22:13.878   303   594 V AppWidgetServiceImpl: Upgrading widget database from 0 to 1
05-19 11:22:14.071    72    72 W OMXNodeInstance: [f:google.mpeg2.decoder] component does not support metadata mode; using fallback
05-19 11:22:14.351    72    72 W OMXNodeInstance: [10:google.mpeg4.decoder] component does not support metadata mode; using fallback
05-19 11:22:14.368    72    72 W OMXNodeInstance: [11:google.h263.decoder] component does not support metadata mode; using fallback
05-19 11:22:14.466    72    72 D SoftAVCDec: Number of CPU cores: 1
05-19 11:22:14.521    72    72 W OMXNodeInstance: [12:google.h264.decoder] component does not support metadata mode; using fallback
05-19 11:22:14.524    72    72 D SoftAVCDec: Number of CPU cores: 1
05-19 11:22:14.575    72    72 D SoftHEVC: Number of CPU cores: 1
05-19 11:22:14.578    72    72 D SoftHEVC: Initializing decoder
05-19 11:22:14.651    72    72 D SoftHEVC: Set number of cores to 1
05-19 11:22:14.652    72    72 D SoftHEVC: Ittiam decoder version number: @(#)Id:HEVCDEC_production Ver:04.04 Released by ITTIAM Build: Aug 13 2015 @ 23:46:34
05-19 11:22:14.653    72    72 W OMXNodeInstance: [13:google.hevc.decoder] component does not support metadata mode; using fallback
05-19 11:22:14.653    72    72 D SoftHEVC: Freeing codec memory
05-19 11:22:14.655    72    72 D SoftHEVC: Number of CPU cores: 1
05-19 11:22:14.655    72    72 D SoftHEVC: Initializing decoder
05-19 11:22:14.657    72    72 D SoftHEVC: Set number of cores to 1
05-19 11:22:14.657    72    72 D SoftHEVC: Ittiam decoder version number: @(#)Id:HEVCDEC_production Ver:04.04 Released by ITTIAM Build: Aug 13 2015 @ 23:46:34
05-19 11:22:14.658    72    72 D SoftHEVC: In SoftHEVC::~SoftHEVC
05-19 11:22:14.658    72    72 D SoftHEVC: Freeing codec memory
05-19 11:22:14.809    72    72 W OMXNodeInstance: [14:google.vp8.decoder] component does not support metadata mode; using fallback
05-19 11:22:14.904    72    72 W OMXNodeInstance: [15:google.vp9.decoder] component does not support metadata mode; using fallback
05-19 11:22:14.923    72    72 I SoftMPEG4Encoder: Construct SoftMPEG4Encoder
05-19 11:22:14.924    72    72 W ACodec  : do not know color format 0x7f000789 = 2130708361
05-19 11:22:14.959    72    72 W ACodec  : do not know color format 0x7f000789 = 2130708361
05-19 11:22:15.037    72    72 I SoftMPEG4Encoder: Construct SoftMPEG4Encoder
05-19 11:22:15.038    72    72 W ACodec  : do not know color format 0x7f000789 = 2130708361
05-19 11:22:15.127    72    72 W ACodec  : do not know color format 0x7f000789 = 2130708361
05-19 11:22:15.147    72    72 W MediaCodecList: unable to open media codecs configuration xml file: /etc/media_codecs_performance.xml
05-19 11:22:15.148    72    72 W MediaCodecList: unable to open media codecs configuration xml file: /data/misc/media/media_codecs_profiling_results.xml
05-19 11:22:15.168   601   657 I OMXClient: Using client-side OMX mux.
05-19 11:22:15.562   601   630 W art     : Suspending all threads took: 58.492ms
05-19 11:22:16.542   601   601 I vol.Events: writeEvent collection_started
05-19 11:22:16.639   601   723 I OMXClient: Using client-side OMX mux.
05-19 11:22:17.644   601   730 I OMXClient: Using client-side OMX mux.
05-19 11:22:18.788   601   630 W art     : Suspending all threads took: 5.487ms
05-19 11:22:18.822   601   722 I vol.Events: writeEvent level_changed STREAM_ALARM 6
05-19 11:22:18.850   601   722 I vol.Events: writeEvent level_changed STREAM_BLUETOOTH_SCO 7
05-19 11:22:18.911   601   722 I vol.Events: writeEvent level_changed STREAM_MUSIC 11
05-19 11:22:18.929   601   601 D StorageNotification: Notifying about private volume: VolumeInfo{private}:
05-19 11:22:18.929   601   601 D StorageNotification:     type=PRIVATE diskId=null partGuid=null mountFlags=0 mountUserId=-1 
05-19 11:22:18.929   601   601 D StorageNotification:     state=MOUNTED 
05-19 11:22:18.929   601   601 D StorageNotification:     fsType=null fsUuid=null fsLabel=null 
05-19 11:22:18.929   601   601 D StorageNotification:     path=/data internalPath=null 
05-19 11:22:18.937   601   722 I vol.Events: writeEvent level_changed STREAM_RING 5
05-19 11:22:18.983   601   722 I vol.Events: writeEvent level_changed STREAM_SYSTEM 5
05-19 11:22:19.022   601   722 I vol.Events: writeEvent level_changed STREAM_VOICE_CALL 4
05-19 11:22:19.041   601   722 I vol.Events: writeEvent external_ringer_mode_changed normal
05-19 11:22:21.264   303   322 E NetdConnector: NDC Command {1 bandwidth enable} took too long (12490ms)
05-19 11:22:21.645   601   722 W art     : Long monitor contention event with owner method=boolean android.os.MessageQueue.enqueueMessage(android.os.Message, long) from MessageQueue.java:541 waiters=0 for 541ms
05-19 11:22:21.983    68   399 I iptables: iptables: No chain/target/match by that name.
05-19 11:22:22.000    68   399 I iptables: iptables terminated by exit(1)
05-19 11:22:22.001    68   399 E Netd    : exec() res=0, status=256 for /system/bin/iptables -w -F st_penalty_log 
05-19 11:22:22.123    68   399 I ip6tables: ip6tables: No chain/target/match by that name.
05-19 11:22:22.161    68   399 I ip6tables: ip6tables terminated by exit(1)
05-19 11:22:22.161    68   399 E Netd    : exec() res=0, status=256 for /system/bin/ip6tables -w -F st_penalty_log 
05-19 11:22:22.296    68   399 I iptables: iptables: No chain/target/match by that name.
05-19 11:22:22.330    68   399 I iptables: iptables terminated by exit(1)
05-19 11:22:22.331    68   399 E Netd    : exec() res=0, status=256 for /system/bin/iptables -w -F st_penalty_reject 
05-19 11:22:22.455    68   399 I ip6tables: ip6tables: No chain/target/match by that name.
05-19 11:22:22.462    68   399 I ip6tables: ip6tables terminated by exit(1)
05-19 11:22:22.463    68   399 E Netd    : exec() res=0, status=256 for /system/bin/ip6tables -w -F st_penalty_reject 
05-19 11:22:22.539    68   399 I iptables: iptables: No chain/target/match by that name.
05-19 11:22:22.541    68   399 I iptables: iptables terminated by exit(1)
05-19 11:22:22.542    68   399 E Netd    : exec() res=0, status=256 for /system/bin/iptables -w -F st_clear_caught 
05-19 11:22:22.627    68   399 I ip6tables: ip6tables: No chain/target/match by that name.
05-19 11:22:22.631    68   399 I ip6tables: ip6tables terminated by exit(1)
05-19 11:22:22.631    68   399 E Netd    : exec() res=0, status=256 for /system/bin/ip6tables -w -F st_clear_caught 
05-19 11:22:22.756    68   399 I iptables: iptables: No chain/target/match by that name.
05-19 11:22:22.762    68   399 I iptables: iptables terminated by exit(1)
05-19 11:22:22.763    68   399 E Netd    : exec() res=0, status=256 for /system/bin/iptables -w -F st_clear_detect 
05-19 11:22:22.852    68   399 I ip6tables: ip6tables: No chain/target/match by that name.
05-19 11:22:22.880    68   399 I ip6tables: ip6tables terminated by exit(1)
05-19 11:22:22.880    68   399 E Netd    : exec() res=0, status=256 for /system/bin/ip6tables -w -F st_clear_detect 
05-19 11:22:23.119    68   399 I iptables: iptables: No chain/target/match by that name.
05-19 11:22:23.161    68   399 I iptables: iptables terminated by exit(1)
05-19 11:22:23.162    68   399 E Netd    : exec() res=0, status=256 for /system/bin/iptables -w -X st_penalty_log 
05-19 11:22:23.422    68   399 I ip6tables: ip6tables: No chain/target/match by that name.
05-19 11:22:23.432    68   399 I ip6tables: ip6tables terminated by exit(1)
05-19 11:22:23.433    68   399 E Netd    : exec() res=0, status=256 for /system/bin/ip6tables -w -X st_penalty_log 
05-19 11:22:23.605    68   399 I iptables: iptables: No chain/target/match by that name.
05-19 11:22:23.612    68   399 I iptables: iptables terminated by exit(1)
05-19 11:22:23.613    68   399 E Netd    : exec() res=0, status=256 for /system/bin/iptables -w -X st_penalty_reject 
05-19 11:22:23.686    68   399 I ip6tables: ip6tables: No chain/target/match by that name.
05-19 11:22:23.692    68   399 I ip6tables: ip6tables terminated by exit(1)
05-19 11:22:23.692    68   399 E Netd    : exec() res=0, status=256 for /system/bin/ip6tables -w -X st_penalty_reject 
05-19 11:22:23.846    68   399 I iptables: iptables: No chain/target/match by that name.
05-19 11:22:23.852    68   399 I iptables: iptables terminated by exit(1)
05-19 11:22:23.853    68   399 E Netd    : exec() res=0, status=256 for /system/bin/iptables -w -X st_clear_caught 
05-19 11:22:23.963    68   399 I ip6tables: ip6tables: No chain/target/match by that name.
05-19 11:22:23.963    68   399 I ip6tables: ip6tables terminated by exit(1)
05-19 11:22:23.964    68   399 E Netd    : exec() res=0, status=256 for /system/bin/ip6tables -w -X st_clear_caught 
05-19 11:22:24.130    68   399 I iptables: iptables: No chain/target/match by that name.
05-19 11:22:24.150    68   399 I iptables: iptables terminated by exit(1)
05-19 11:22:24.164    68   399 E Netd    : exec() res=0, status=256 for /system/bin/iptables -w -X st_clear_detect 
05-19 11:22:24.343    68   399 I ip6tables: ip6tables: No chain/target/match by that name.
05-19 11:22:24.354    68   399 I ip6tables: ip6tables terminated by exit(1)
05-19 11:22:24.354    68   399 E Netd    : exec() res=0, status=256 for /system/bin/ip6tables -w -X st_clear_detect 
05-19 11:22:26.861   601   627 W art     : Long monitor contention event with owner method=void java.lang.ref.ReferenceQueue.add(java.lang.ref.Reference) from ReferenceQueue.java:152 waiters=1 for 865ms
05-19 11:22:27.488   303   594 I StatusBarManagerService: registerStatusBar bar=com.android.internal.statusbar.IStatusBar$Stub$Proxy@c3c33ca
05-19 11:22:30.377   303   322 E NetdConnector: NDC Command {2 strict enable} took too long (9109ms)
05-19 11:22:31.394   303   322 E NetdConnector: NDC Command {5 bandwidth setglobalalert 2097152} took too long (911ms)
05-19 11:22:32.136   303   322 E NetdConnector: NDC Command {6 firewall enable_chain standby} took too long (715ms)
05-19 11:22:32.147   303   322 D PermissionMonitor: Monitoring
05-19 11:22:32.178   303   322 D PermissionMonitor: Users: 1, Apps: 49
05-19 11:22:32.224   303   322 I SystemServiceManager: Starting phase 600
05-19 11:22:32.232   303   477 E BluetoothAdapter: Bluetooth binder is null
05-19 11:22:32.235   303   477 E BluetoothAdapter: Bluetooth binder is null
05-19 11:22:32.273    72   478 I AudioFlinger: systemReady
05-19 11:22:32.330   303   322 I BackupManagerService: Backup enabled => true
05-19 11:22:32.384   601   630 I art     : Background partial concurrent mark sweep GC freed 1260(170KB) AllocSpace objects, 1(20KB) LOS objects, 47% free, 1124KB/2MB, paused 14.504ms total 2.899s
05-19 11:22:32.415   303   322 E InputMethodManagerService: Ignoring updateSystemUiLocked due to an invalid token. uid:1000 token:null
05-19 11:22:32.645   303   322 W InputMethodManagerService: Reset the default IME as "Resource" is ready here.
05-19 11:22:32.732   303   825 E WVMExtractor: Failed to open libwvm.so: dlopen failed: library "libwvm.so" not found
05-19 11:22:32.781   303   322 I InputMethodManagerService: Selected default: com.android.inputmethod.latin/.LatinIME
05-19 11:22:32.841   303   323 I ActivityManager: Config changes=20 {1.0 ?mcc?mnc en_US ldltr sw320dp w320dp h509dp 240dpi nrml long port finger -keyb/v/h tball/v s.5}
05-19 11:22:33.011   303   322 I ActivityManager: Start proc 829:com.android.inputmethod.latin/u0a32 for service com.android.inputmethod.latin/.LatinIME
05-19 11:22:33.014   303   322 V InputMethodManagerService: Adding window token: android.os.Binder@625f053
05-19 11:22:33.017   303   303 W InputMethodManagerService: Illegal subtype state: old subtype = null, new subtype = android.view.inputmethod.InputMethodSubtype@c9194f98
05-19 11:22:33.270   829   829 I art     : Late-enabling JIT
05-19 11:22:33.364   303   322 W ServiceWatcher: com.google.android.location not found
05-19 11:22:33.391   303   322 W ServiceWatcher: com.google.android.location not found
05-19 11:22:33.393   303   322 W LocationManagerService: no network location provider found
05-19 11:22:33.394   303   322 W ServiceWatcher: com.google.android.location not found
05-19 11:22:33.515   303   322 W ServiceWatcher: com.google.android.location not found
05-19 11:22:33.516   303   322 E LocationManagerService: no geocoder provider found
05-19 11:22:33.518   303   322 E FlpHardwareProvider: Error hw_get_module 'flp': -2
05-19 11:22:33.519   303   322 E LocationManagerService: FLP HAL not supported
05-19 11:22:33.555   303   322 W ServiceWatcher: com.google.android.location not found
05-19 11:22:33.561   303   303 W System  : ClassLoader referenced unknown path: /system/priv-app/FusedLocation/lib/arm
05-19 11:22:33.656   303   322 E LocationManagerService: Unable to bind FLP Geofence proxy.
05-19 11:22:33.658   303   322 E ActivityRecognitionHardware: Error hw_get_module: -2
05-19 11:22:33.658   303   322 E LocationManagerService: Hardware Activity-Recognition not supported.
05-19 11:22:33.683   303   303 W art     : Verification of void com.android.location.fused.FusedLocationService.<init>() took 114.958ms
05-19 11:22:33.723   829   829 I art     : JIT created with code_cache_capacity=2MB compile_threshold=1000
05-19 11:22:33.768   303   322 I CommonTimeManagementService: No common time service detected on this platform.  Common time services will be unavailable.
05-19 11:22:33.787   303   456 I InputReader: Reconfiguring input devices.  changes=0x00000020
05-19 11:22:33.825   303   322 I MmsServiceBroker: Delay connecting to MmsService until an API is called
05-19 11:22:33.848   303   322 D MountService: onStartUser 0
05-19 11:22:33.849   303   322 D VoldConnector: SND -> {21 volume user_started 0}
05-19 11:22:33.925   303   460 D VoldConnector: RCV <- {200 21 Command succeeded}
05-19 11:22:33.928   303   322 W VoiceInteractionManagerService: no available voice interaction services found for user 0
05-19 11:22:33.929   303   322 W VoiceInteractionManagerService: no available voice recognition services found for user 0
05-19 11:22:33.935   303   456 I InputReader: Reconfiguring input devices.  changes=0x00000010
05-19 11:22:33.948   303   836 I OMXClient: Using client-side OMX mux.
05-19 11:22:34.335   303   322 I ActivityManager: Start proc 845:com.android.phone/1001 for added application com.android.phone
05-19 11:22:34.358   303   322 I ActivityManager: START u0 {act=android.intent.action.MAIN cat=[android.intent.category.HOME] flg=0x10000000 cmp=com.android.settings/.CryptKeeper} from uid 0 on display 0
05-19 11:22:34.452   845   845 I art     : Late-enabling JIT
05-19 11:22:34.762   845   845 I art     : JIT created with code_cache_capacity=2MB compile_threshold=1000
05-19 11:22:35.057   303   322 I ActivityManager: Start proc 859:com.android.settings:CryptKeeper/1000 for activity com.android.settings/.CryptKeeper
05-19 11:22:35.083   859   859 I art     : Late-enabling JIT
05-19 11:22:35.191   303   323 W art     : Long monitor contention event with owner method=void com.android.server.am.ActivityManagerService.systemReady(java.lang.Runnable) from ActivityManagerService.java:11788 waiters=0 for 1.202s
05-19 11:22:35.192   303   303 W art     : Long monitor contention event with owner method=void com.android.server.am.ActivityManagerService.systemReady(java.lang.Runnable) from ActivityManagerService.java:11788 waiters=1 for 1.113s
05-19 11:22:35.207   303   481 W art     : Long monitor contention event with owner method=void com.android.server.am.ActivityManagerService.systemReady(java.lang.Runnable) from ActivityManagerService.java:11788 waiters=3 for 303ms
05-19 11:22:35.251   303   303 V WiredAccessoryManager: init()
05-19 11:22:35.361   303   303 D GpsNetInitiatedHandler: location enabled :true
05-19 11:22:35.536   303   322 I ActivityManager: Start proc 866:com.android.externalstorage/u0a6 for broadcast com.android.externalstorage/.MountReceiver
05-19 11:22:35.537   303   322 I ActivityManager: Force stopping com.android.providers.media appid=10005 user=-1: vold reset
05-19 11:22:35.572   866   866 I art     : Late-enabling JIT
05-19 11:22:35.596   601   722 I vol.Events: writeEvent internal_ringer_mode_changed normal
05-19 11:22:35.899   859   859 I art     : JIT created with code_cache_capacity=2MB compile_threshold=1000
05-19 11:22:36.013   859   859 W art     : Suspending all threads took: 113.475ms
05-19 11:22:36.103   303   871 I OMXClient: Using client-side OMX mux.
05-19 11:22:36.381    60    89 D PermissionCache: checking android.permission.HARDWARE_TEST for uid=1000 => granted (3584 us)
05-19 11:22:36.476   845   845 W System  : ClassLoader referenced unknown path: /system/priv-app/TeleService/lib/arm
05-19 11:22:36.587   866   866 I art     : JIT created with code_cache_capacity=2MB compile_threshold=1000
05-19 11:22:36.800   601   630 I art     : Background sticky concurrent mark sweep GC freed 5303(462KB) AllocSpace objects, 0(0B) LOS objects, 33% free, 1423KB/2MB, paused 2.279ms total 372.008ms
05-19 11:22:37.011   845   845 W System  : ClassLoader referenced unknown path: /system/priv-app/TelephonyProvider/lib/arm
05-19 11:22:37.428   303   323 W art     : Long monitor contention event with owner method=void com.android.server.am.ActivityManagerService.attachApplication(android.app.IApplicationThread) from ActivityManagerService.java:6186 waiters=0 for 211ms
05-19 11:22:37.784   859   859 W System  : ClassLoader referenced unknown path: /system/priv-app/Settings/lib/arm
05-19 11:22:38.436   303   470 D WifiService: New client listening to asynchronous messages
05-19 11:22:38.449   859   859 D CryptKeeper: Disabling component ComponentInfo{com.android.settings/com.android.settings.CryptKeeper}
05-19 11:22:38.525   303   895 I OMXClient: Using client-side OMX mux.
05-19 11:22:38.732   829   829 I LatinIME: Hardware accelerated drawing: true
05-19 11:22:40.083   829   829 W InputAttributes: No editor info for this field. Bug?
05-19 11:22:40.211   303   901 I OMXClient: Using client-side OMX mux.
05-19 11:22:40.302   601   630 I art     : Background sticky concurrent mark sweep GC freed 3873(270KB) AllocSpace objects, 0(0B) LOS objects, 15% free, 1807KB/2MB, paused 2.946ms total 165.431ms
05-19 11:22:41.146   601   630 I art     : Background sticky concurrent mark sweep GC freed 1195(54KB) AllocSpace objects, 0(0B) LOS objects, 7% free, 1981KB/2MB, paused 1.823ms total 133.574ms
05-19 11:22:41.792   601   630 W art     : Suspending all threads took: 8.570ms
05-19 11:22:41.972   601   630 I art     : Background sticky concurrent mark sweep GC freed 824(37KB) AllocSpace objects, 0(0B) LOS objects, 6% free, 2012KB/2MB, paused 16.528ms total 472.902ms
05-19 11:22:42.095   829   905 I LatinIME:LogUtils: Dictionary info: dictionary = contacts.en_US ; version = 1463656961 ; date = ?
05-19 11:22:42.124   303   906 I OMXClient: Using client-side OMX mux.
05-19 11:22:42.203   303   316 I AccountManagerService: getTypesVisibleToCaller: isPermitted? true
05-19 11:22:42.620   601   630 W art     : Suspending all threads took: 10.665ms
05-19 11:22:42.710   601   630 I art     : Background partial concurrent mark sweep GC freed 3727(211KB) AllocSpace objects, 0(0B) LOS objects, 39% free, 1961KB/3MB, paused 13.033ms total 678.495ms
05-19 11:22:44.143   303   912 I OMXClient: Using client-side OMX mux.
05-19 11:22:44.792   303   322 I ActivityManager: Start proc 915:com.android.music/u0a35 for broadcast com.android.music/.MediaButtonIntentReceiver
05-19 11:22:45.076   915   915 I art     : Late-enabling JIT
05-19 11:22:45.378   915   915 I art     : JIT created with code_cache_capacity=2MB compile_threshold=1000
05-19 11:22:45.722   601   601 E BluetoothAdapter: Bluetooth binder is null
05-19 11:22:45.826   303   481 D ConnectivityService: listenForNetwork for Listen from uid/pid:10013/601 for NetworkRequest [ id=3, legacyType=-1, [] ]
05-19 11:22:46.084   601   601 I CameraManagerGlobal: Connecting to camera service
05-19 11:22:46.304    72   152 V EmulatedCamera_Camera: getCameraInfo
05-19 11:22:46.305    72   152 V EmulatedCamera_BaseCamera: getCameraInfo
05-19 11:22:46.305    72   152 I CameraService: getCameraCharacteristics: Switching to HAL1 shim implementation...
05-19 11:22:46.305    72   152 V EmulatedCamera_Camera: getCameraInfo
05-19 11:22:46.306    72   152 V EmulatedCamera_BaseCamera: getCameraInfo
05-19 11:22:46.308    72   152 I CameraService: CameraService::connect call (PID 72 "media", camera ID 0) for HAL version default and Camera API version 1
05-19 11:22:46.323    72   152 E CameraService: getCameraPriorityFromProcState: Received invalid process state -1 from ActivityManagerService!
05-19 11:22:46.323    72   152 V EmulatedCamera_Camera: getCameraInfo
05-19 11:22:46.324    72   152 V EmulatedCamera_BaseCamera: getCameraInfo
05-19 11:22:46.434   915   915 W System  : ClassLoader referenced unknown path: /system/app/Music/lib/arm
05-19 11:22:46.658    72   934 E WVMExtractor: Failed to open libwvm.so: dlopen failed: library "libwvm.so" not found
05-19 11:22:46.765    72   933 D NuPlayerDriver: notifyListener_l(0xb60d6d80), (1, 0, 0)
05-19 11:22:47.330   303   594 I ActivityManager: Start proc 938:android.process.media/u0a5 for content provider com.android.providers.media/.MediaProvider
05-19 11:22:47.334   303   323 W art     : Long monitor contention event with owner method=android.app.IActivityManager$ContentProviderHolder com.android.server.am.ActivityManagerService.getContentProviderImpl(android.app.IApplicationThread, java.lang.String, android.os.IBinder, boolean, int) from ActivityManagerService.java:9413 waiters=0 for 119ms
05-19 11:22:47.379   303   322 V KeyguardServiceDelegate: *** Keyguard started
05-19 11:22:47.405   938   938 I art     : Late-enabling JIT
05-19 11:22:47.491   303   322 W KeyguardServiceDelegate: onScreenTurningOn(): no keyguard service!
05-19 11:22:47.803    72   935 D NuPlayerDriver: notifyListener_l(0xb60d6de0), (1, 0, 0)
05-19 11:22:47.814    72   152 I CameraClient: Opening camera 0
05-19 11:22:47.814    72   152 V EmulatedCamera_Camera: getCameraInfo
05-19 11:22:47.814    72   152 V EmulatedCamera_BaseCamera: getCameraInfo
05-19 11:22:47.814    72   152 V EmulatedCamera_Camera: connectCamera
05-19 11:22:47.814    72   152 V EmulatedCamera_FakeDevice: connectDevice
05-19 11:22:47.815    72   152 V EmulatedCamera_CallbackNotifier: setCallbacks: 0xb6ebb0c5, 0xb6ebc1b5, 0xb6ebc119, 0xb6ebc279 (0xb60d6e40)
05-19 11:22:47.815    72   152 V EmulatedCamera_CallbackNotifier: enableMessage: msg_type = 0xc0d
05-19 11:22:47.815    72   152 V EmulatedCamera_CallbackNotifier:     CAMERA_MSG_ERROR
05-19 11:22:47.815    72   152 V EmulatedCamera_CallbackNotifier:     CAMERA_MSG_FOCUS
05-19 11:22:47.815    72   152 V EmulatedCamera_CallbackNotifier:     CAMERA_MSG_ZOOM
05-19 11:22:47.815    72   152 V EmulatedCamera_CallbackNotifier:     CAMERA_MSG_PREVIEW_METADATA
05-19 11:22:47.815    72   152 V EmulatedCamera_CallbackNotifier: **** Currently enabled messages:
05-19 11:22:47.815    72   152 V EmulatedCamera_CallbackNotifier:     CAMERA_MSG_ERROR
05-19 11:22:47.815    72   152 V EmulatedCamera_CallbackNotifier:     CAMERA_MSG_FOCUS
05-19 11:22:47.816    72   152 V EmulatedCamera_CallbackNotifier:     CAMERA_MSG_ZOOM
05-19 11:22:47.816    72   152 V EmulatedCamera_CallbackNotifier:     CAMERA_MSG_PREVIEW_METADATA
05-19 11:22:47.819    72   152 V EmulatedCamera_CallbackNotifier: disableMessage: msg_type = 0xffff
05-19 11:22:47.819    72   152 V EmulatedCamera_CallbackNotifier:     CAMERA_MSG_ERROR
05-19 11:22:47.819    72   152 V EmulatedCamera_CallbackNotifier:     CAMERA_MSG_SHUTTER
05-19 11:22:47.819    72   152 V EmulatedCamera_CallbackNotifier:     CAMERA_MSG_FOCUS
05-19 11:22:47.819    72   152 V EmulatedCamera_CallbackNotifier:     CAMERA_MSG_ZOOM
05-19 11:22:47.819    72   152 V EmulatedCamera_CallbackNotifier:     CAMERA_MSG_PREVIEW_FRAME
05-19 11:22:47.819    72   152 V EmulatedCamera_CallbackNotifier:     CAMERA_MSG_VIDEO_FRAME
05-19 11:22:47.821    72   152 V EmulatedCamera_CallbackNotifier:     CAMERA_MSG_POSTVIEW_FRAME
05-19 11:22:47.821    72   152 V EmulatedCamera_CallbackNotifier:     CAMERA_MSG_RAW_IMAGE
05-19 11:22:47.821    72   152 V EmulatedCamera_CallbackNotifier:     CAMERA_MSG_COMPRESSED_IMAGE
05-19 11:22:47.821    72   152 V EmulatedCamera_CallbackNotifier:     CAMERA_MSG_RAW_IMAGE_NOTIFY
05-19 11:22:47.821    72   152 V EmulatedCamera_CallbackNotifier:     CAMERA_MSG_PREVIEW_METADATA
05-19 11:22:47.821    72   152 V EmulatedCamera_CallbackNotifier: **** Currently enabled messages:
05-19 11:22:47.821    72   152 V EmulatedCamera_Camera: doStopPreview
05-19 11:22:47.821    72   152 V EmulatedCamera_Camera: cancelPicture
05-19 11:22:47.821    72   152 V EmulatedCamera_Camera: releaseCamera
05-19 11:22:47.822    72   152 V EmulatedCamera_Camera: doStopPreview
05-19 11:22:47.822    72   152 V EmulatedCamera_FakeDevice: disconnectDevice
05-19 11:22:47.822    72   152 I CameraFlashlight: Destroying camera 0
05-19 11:22:47.822    72   152 V EmulatedCamera_Camera: closeCamera
05-19 11:22:47.822    72   152 V EmulatedCamera_Camera: doStopPreview
05-19 11:22:47.830    72   152 I CameraService: disconnect: Disconnected client for camera 0 for PID 72
05-19 11:22:47.830    72   152 D NuPlayerDriver: reset(0xb60d6d80)
05-19 11:22:47.830    72   152 D NuPlayerDriver: notifyListener_l(0xb60d6d80), (8, 0, 0)
05-19 11:22:47.838    72   933 D NuPlayerDriver: notifyResetComplete(0xb60d6d80)
05-19 11:22:47.843    72   152 D NuPlayerDriver: reset(0xb60d6de0)
05-19 11:22:47.843    72   152 D NuPlayerDriver: notifyListener_l(0xb60d6de0), (8, 0, 0)
05-19 11:22:47.846    72   935 D NuPlayerDriver: notifyResetComplete(0xb60d6de0)
05-19 11:22:47.847    72   152 E CameraService: disconnect: Disconnect called on already disconnected client for device 0
05-19 11:22:47.858   938   938 I art     : JIT created with code_cache_capacity=2MB compile_threshold=1000
05-19 11:22:47.895    72    72 V EmulatedCamera_Camera: getCameraInfo
05-19 11:22:47.895    72    72 V EmulatedCamera_BaseCamera: getCameraInfo
05-19 11:22:47.901    72   478 V EmulatedCamera_Camera: getCameraInfo
05-19 11:22:47.901    72   478 V EmulatedCamera_BaseCamera: getCameraInfo
05-19 11:22:47.945   845   845 D TelephonyProvider: dbh.onCreate:+ db=SQLiteDatabase: /data/user/0/com.android.providers.telephony/databases/telephony.db
05-19 11:22:47.945   845   845 D TelephonyProvider: dbh.createSimInfoTable:+
05-19 11:22:47.995   845   845 D TelephonyProvider: dbh.createSimInfoTable:-
05-19 11:22:47.996   845   845 D TelephonyProvider: dbh.createCarriersTable: carriers
05-19 11:22:48.096   845   845 D TelephonyProvider: dbh.createCarriersTable:-
05-19 11:22:48.099   845   845 D TelephonyProvider: No APNs in OEM image = /oem/telephony/apns-conf.xml Load APNs from system image
05-19 11:22:48.160   845   845 D TelephonyProvider: No APNs in OEM image = /data/misc/apns-conf.xml Load APNs from system image
05-19 11:22:48.161   845   845 D TelephonyProvider: confFile = /system/etc/apns-conf.xml
05-19 11:22:48.492   303   323 W WindowManager: Keyguard drawn timeout. Setting mKeyguardDrawComplete
05-19 11:22:48.609   303   514 I ActivityManager: START u0 {act=android.intent.action.MAIN cat=[android.intent.category.HOME] flg=0x10000000 cmp=com.android.sdksetup/.DefaultActivity} from uid 0 on display 0
05-19 11:22:48.671   845   845 D TelephonyProvider: dbh.onCreate:- db=SQLiteDatabase: /data/user/0/com.android.providers.telephony/databases/telephony.db
05-19 11:22:48.685   845   845 D TelephonyProvider: dbh.onOpen: ok, queried table=siminfo
05-19 11:22:48.688   845   845 D TelephonyProvider: dbh.onOpen: ok, queried table=carriers
05-19 11:22:48.748   845   845 D TelephonyProvider: onCreate: build id changed from  to MRA44C
05-19 11:22:48.827   303   590 W art     : Long monitor contention event with owner method=void com.android.server.am.ActivityManagerService.activityDestroyed(android.os.IBinder) from ActivityManagerService.java:6475 waiters=0 for 400ms
05-19 11:22:48.974   303   591 I ActivityManager: Start proc 958:com.android.sdksetup/u0a43 for activity com.android.sdksetup/.DefaultActivity
05-19 11:22:48.980   303   322 W art     : Long monitor contention event with owner method=void com.android.server.am.ActivityManagerService.activityDestroyed(android.os.IBinder) from ActivityManagerService.java:6475 waiters=3 for 323ms
05-19 11:22:48.980   303   322 W ActivityManager: Launch timeout has expired, giving up wake lock!
05-19 11:22:49.001   845   845 D TelephonyProvider: No APNs in OEM image = /oem/telephony/apns-conf.xml Load APNs from system image
05-19 11:22:49.002   845   845 D TelephonyProvider: No APNs in OEM image = /data/misc/apns-conf.xml Load APNs from system image
05-19 11:22:49.002   845   845 D TelephonyProvider: confFile = /system/etc/apns-conf.xml
