--------- beginning of main
05-19 10:24:30.337    48    48 W auditd  : type=2000 audit(0.0:1): initialized
05-19 10:24:30.670    48    48 I auditd  : type=1403 audit(0.0:2): policy loaded auid=4294967295 ses=4294967295
05-19 10:24:30.670    48    48 W auditd  : type=1404 audit(0.0:3): enforcing=1 old_enforcing=0 auid=4294967295 ses=4294967295
05-19 10:24:37.352    60    60 I qemu-props: connected to 'boot-properties' qemud service.
05-19 10:24:37.353    60    60 I qemu-props: receiving..
05-19 10:24:37.353    60    60 I qemu-props: received: dalvik.vm.heapsize=48m
--------- beginning of system
05-19 10:24:37.415    49    49 I vold    : Vold 3.0 (the awakening) firing up
05-19 10:24:37.609    60    60 I qemu-props: receiving..
05-19 10:24:37.609    60    60 I qemu-props: received: qemu.sf.lcd_density=240
05-19 10:24:37.659    49    49 V vold    : Detected support for: ext4 vfat
05-19 10:24:37.679    60    60 I qemu-props: receiving..
05-19 10:24:37.680    60    60 I qemu-props: received: qemu.hw.mainkeys=1
05-19 10:24:37.681    60    60 I qemu-props: receiving..
05-19 10:24:37.681    60    60 I qemu-props: received: qemu.sf.fake_camera=back
05-19 10:24:37.682    60    60 I qemu-props: receiving..
05-19 10:24:37.683    60    60 I qemu-props: exiting (4 properties set).
05-19 10:24:38.570    57    57 I lowmemorykiller: Using in-kernel low memory killer interface
05-19 10:24:39.129    71    71 I installd: installd firing up
05-19 10:24:39.131    71    71 E cutils  : Failed to read /data/.layout_version: No such file or directory
05-19 10:24:39.132    71    71 D installd: Upgrading /data/media for multi-user
05-19 10:24:39.746    67    67 I         : debuggerd: Aug 13 2015 23:46:03
05-19 10:24:39.748    71    71 I SELinux : SELinux: Loaded file_contexts contexts from /file_contexts.
05-19 10:24:39.920    71    71 D installd: Upgrading to shared /data/media/obb
05-19 10:24:39.925    71    71 D installd: Upgrading to /data/misc/user directories
05-19 10:24:40.173    77    77 I perfprofd: starting Android Wide Profiling daemon
05-19 10:24:40.175    77    77 E perfprofd: unable to open configuration file /data/data/com.google.android.gms/files/perfprofd.conf
05-19 10:24:40.298    77    77 I perfprofd: random seed set to 2480650271
05-19 10:24:40.528    66    66 I Netd    : Netd 1.0 starting
05-19 10:24:40.531    66    66 D TetherController: Setting IP forward enable = 0
05-19 10:24:40.896    78    78 I fingerprintd: Starting fingerprintd
05-19 10:24:42.021    59    59 I SurfaceFlinger: SurfaceFlinger is starting
05-19 10:24:42.068    59    59 I SurfaceFlinger: SurfaceFlinger's main thread ready to run. Initializing graphics H/W...
05-19 10:24:42.069    59    59 D libEGL  : Emulator without GPU support detected. Fallback to software renderer.
05-19 10:24:42.139    59    59 D libEGL  : loaded /system/lib/egl/libGLES_android.so
05-19 10:24:42.708    74    74 I gatekeeperd: Starting gatekeeperd...
05-19 10:24:42.755    74    74 W gatekeeperd: falling back to software GateKeeper
05-19 10:24:42.757    74    74 I gatekeeperd: cold boot: clearing state
05-19 10:24:43.637    59    59 D gralloc_goldfish: Emulator without GPU emulation detected.
05-19 10:24:43.660    59    59 I gralloc : using (fd=10)
05-19 10:24:43.660    59    59 I gralloc : id           = 
05-19 10:24:43.660    59    59 I gralloc : xres         = 480 px
05-19 10:24:43.660    59    59 I gralloc : yres         = 800 px
05-19 10:24:43.660    59    59 I gralloc : xres_virtual = 480 px
05-19 10:24:43.660    59    59 I gralloc : yres_virtual = 1600 px
05-19 10:24:43.660    59    59 I gralloc : bpp          = 16
05-19 10:24:43.660    59    59 I gralloc : r            = 11:5
05-19 10:24:43.660    59    59 I gralloc : g            =  5:6
05-19 10:24:43.660    59    59 I gralloc : b            =  0:5
05-19 10:24:43.662    59    59 I gralloc : width        = 74 mm (164.756760 dpi)
05-19 10:24:43.662    59    59 I gralloc : height       = 123 mm (165.203247 dpi)
05-19 10:24:43.662    59    59 I gralloc : refresh rate = 260.42 Hz
05-19 10:24:43.695    59    59 E SurfaceFlinger: hwcomposer module not found
05-19 10:24:43.733    59    59 W SurfaceFlinger: no suitable EGLConfig found, trying a simpler query
05-19 10:24:43.734    59    59 W SurfaceFlinger: EGL_SLOW_CONFIG selected!
05-19 10:24:43.734    59    59 I SurfaceFlinger: EGL information:
05-19 10:24:43.734    59    59 I SurfaceFlinger: vendor    : Android
05-19 10:24:43.735    59    59 I SurfaceFlinger: version   : 1.4 Android META-EGL
05-19 10:24:43.735    59    59 I SurfaceFlinger: extensions: EGL_KHR_get_all_proc_addresses EGL_ANDROID_presentation_time EGL_KHR_swap_buffers_with_damage EGL_KHR_image_base EGL_KHR_fence_sync EGL_ANDROID_image_native_buffer 
05-19 10:24:43.735    59    59 I SurfaceFlinger: Client API: OpenGL_ES
05-19 10:24:43.735    59    59 I SurfaceFlinger: EGLSurface: 5-6-5-0, config=0x0
05-19 10:24:43.740    59    59 W SurfaceFlinger: no suitable EGLConfig found, trying a simpler query
05-19 10:24:43.741    59    59 W SurfaceFlinger: EGL_SLOW_CONFIG selected!
05-19 10:24:43.741    59    59 I SurfaceFlinger: EGL information:
05-19 10:24:43.741    59    59 I SurfaceFlinger: vendor    : Android
05-19 10:24:43.741    59    59 I SurfaceFlinger: version   : 1.4 Android META-EGL
05-19 10:24:43.741    59    59 I SurfaceFlinger: extensions: EGL_KHR_get_all_proc_addresses EGL_ANDROID_presentation_time EGL_KHR_swap_buffers_with_damage EGL_KHR_image_base EGL_KHR_fence_sync EGL_ANDROID_image_native_buffer 
05-19 10:24:43.741    59    59 I SurfaceFlinger: Client API: OpenGL_ES
05-19 10:24:43.742    59    59 I SurfaceFlinger: EGLSurface: 5-6-5-0, config=0x0
05-19 10:24:43.765    59    59 I SurfaceFlinger: OpenGL ES informations:
05-19 10:24:43.765    59    59 I SurfaceFlinger: vendor    : Android
05-19 10:24:43.765    59    59 I SurfaceFlinger: renderer  : Android PixelFlinger 1.4
05-19 10:24:43.765    59    59 I SurfaceFlinger: version   : OpenGL ES-CM 1.0
05-19 10:24:43.765    59    59 I SurfaceFlinger: extensions: GL_EXT_debug_marker GL_OES_byte_coordinates GL_OES_fixed_point GL_OES_single_precision GL_OES_read_format GL_OES_compressed_paletted_texture GL_OES_draw_texture GL_OES_matrix_get GL_OES_query_matrix GL_OES_EGL_image GL_OES_EGL_sync GL_OES_compressed_ETC1_RGB8_texture GL_ARB_texture_compression GL_ARB_texture_non_power_of_two GL_ANDROID_user_clip_plane GL_ANDROID_vertex_buffer_object GL_ANDROID_generate_mipmap 
05-19 10:24:43.765    59    59 I SurfaceFlinger: GL_MAX_TEXTURE_SIZE = 4096
05-19 10:24:43.766    59    59 I SurfaceFlinger: GL_MAX_VIEWPORT_DIMS = 4096
05-19 10:24:43.776    59    59 W SurfaceFlinger: no suitable EGLConfig found, trying a simpler query
05-19 10:24:43.776    59    59 W SurfaceFlinger: EGL_SLOW_CONFIG selected!
05-19 10:24:43.776    59    59 I SurfaceFlinger: EGL information:
05-19 10:24:43.777    59    59 I SurfaceFlinger: vendor    : Android
05-19 10:24:43.777    59    59 I SurfaceFlinger: version   : 1.4 Android META-EGL
05-19 10:24:43.777    59    59 I SurfaceFlinger: extensions: EGL_KHR_get_all_proc_addresses EGL_ANDROID_presentation_time EGL_KHR_swap_buffers_with_damage EGL_KHR_image_base EGL_KHR_fence_sync EGL_ANDROID_image_native_buffer 
05-19 10:24:43.777    59    59 I SurfaceFlinger: Client API: OpenGL_ES
05-19 10:24:43.787    59    59 I SurfaceFlinger: EGLSurface: 5-6-5-0, config=0x0
05-19 10:24:43.882    59    59 D SurfaceFlinger: Set power mode=2, type=0 flinger=0xb6a64000
05-19 10:24:48.307    59    92 E SurfaceFlinger: ro.sf.lcd_density must be defined as a build property
05-19 10:24:48.388   104   115 D libEGL  : Emulator without GPU support detected. Fallback to software renderer.
05-19 10:24:48.464   104   115 D libEGL  : loaded /system/lib/egl/libGLES_android.so
05-19 10:24:49.344   104   115 D gralloc_goldfish: Emulator without GPU emulation detected.
05-19 10:24:49.836   104   115 I ARMAssembler: generated scanline__00000077:03010102_00000A01_00000000 [  9 ipp] (30 ins) at [0xb58c91f0:0xb58c9268] in 0 ns
05-19 10:24:49.841   104   115 I ARMAssembler: generated scanline__00000077:03545402_00000A01_00000000 [ 31 ipp] (52 ins) at [0xb58c9270:0xb58c9340] in 0 ns
05-19 10:24:52.078    70    70 I mediaserver: ServiceManager: 0xb60ce120
05-19 10:24:52.081    70    70 I AudioFlinger: Using default 3000 mSec as standby time.
05-19 10:24:52.218    70    70 E         : batterystats service unavailable!
05-19 10:24:52.224    70    70 E         : batterystats service unavailable!
05-19 10:24:52.240    70    70 I CameraService: CameraService started (pid=70)
05-19 10:24:52.241    70    70 I CameraService: CameraService process starting
05-19 10:24:52.241    70    70 E         : batterystats service unavailable!
05-19 10:24:52.242    70    70 E         : batterystats service unavailable!
05-19 10:24:52.338    70    70 D EmulatedCamera_QemuClient: Emulated camera list: 
05-19 10:24:52.394    70    70 D EmulatedCamera_FakeCamera: Initialize: Fake camera is facing back
05-19 10:24:52.421    70    70 V EmulatedCamera_Device: initializeWhiteBalanceModes with auto, 1.000000, 1.000000
05-19 10:24:52.425    70    70 V EmulatedCamera_Device: initializeWhiteBalanceModes with incandescent, 1.380000, 0.600000
05-19 10:24:52.425    70    70 V EmulatedCamera_Device: initializeWhiteBalanceModes with daylight, 1.090000, 0.920000
05-19 10:24:52.425    70    70 V EmulatedCamera_Device: initializeWhiteBalanceModes with twilight, 0.920000, 1.220000
05-19 10:24:52.426    70    70 V EmulatedCamera_Device: setWhiteBalanceMode with white balance auto
05-19 10:24:52.464    70    70 I CameraService: Loaded "Emulated Camera Module" camera module
05-19 10:24:52.465    70    70 V EmulatedCamera_Camera: getCameraInfo
05-19 10:24:52.466    70    70 V EmulatedCamera_BaseCamera: getCameraInfo
05-19 10:24:52.467    70    70 I CameraFlashlight: Opening camera 0
05-19 10:24:52.467    70    70 V EmulatedCamera_Camera: getCameraInfo
05-19 10:24:52.467    70    70 V EmulatedCamera_BaseCamera: getCameraInfo
05-19 10:24:52.467    70    70 V EmulatedCamera_Camera: connectCamera
05-19 10:24:52.488    70    70 V EmulatedCamera_FakeDevice: connectDevice
05-19 10:24:52.488    70    70 V EmulatedCamera_CallbackNotifier: setCallbacks: 0xb6ec60c5, 0xb6ec71b5, 0xb6ec7119, 0xb6ec7279 (0xb60d6a20)
05-19 10:24:52.642    70    70 V EmulatedCamera_Preview: setPreviewWindow: current: 0x0 -> new: 0xb60d6a30
05-19 10:24:52.643    70    70 V EmulatedCamera_Camera: setParameters
05-19 10:24:52.644    70    70 D EmulatedCamera_Camera: +++ New parameter: flash-mode=off
05-19 10:24:52.646    70    70 V EmulatedCamera_Camera: doStopPreview
05-19 10:24:52.670    70    70 V EmulatedCamera_Preview: setPreviewWindow: current: 0xb60d6a30 -> new: 0x0
05-19 10:24:52.670    70    70 V EmulatedCamera_Camera: releaseCamera
05-19 10:24:52.670    70    70 V EmulatedCamera_Camera: doStopPreview
05-19 10:24:52.670    70    70 V EmulatedCamera_FakeDevice: disconnectDevice
05-19 10:24:52.676    70    70 I CameraFlashlight: Destroying camera 0
05-19 10:24:52.677    70    70 V EmulatedCamera_Camera: closeCamera
05-19 10:24:52.677    70    70 V EmulatedCamera_Camera: doStopPreview
05-19 10:24:52.730    70    70 E CameraService: setUpVendorTags: Vendor tag operations not fully defined. Ignoring definitions.
05-19 10:24:52.740    70    70 I ServiceManager: Waiting for service media.camera.proxy...
05-19 10:24:53.741    70    70 I ServiceManager: Waiting for service media.camera.proxy...
05-19 10:24:54.743    70    70 I ServiceManager: Waiting for service media.camera.proxy...
05-19 10:24:55.745    70    70 I ServiceManager: Waiting for service media.camera.proxy...
05-19 10:24:56.747    70    70 I ServiceManager: Waiting for service media.camera.proxy...
05-19 10:24:57.771    70    70 I AudioPolicyService: AudioPolicyService CSTOR in new mode
05-19 10:24:57.800    70    70 I APM::ConfigParsingUtils: loadAudioPolicyConfig() loaded /system/etc/audio_policy.conf
05-19 10:24:57.859    70    70 I AudioFlinger: loadHwModule() Loaded primary audio interface from Generic audio HW HAL (audio) handle 1
05-19 10:24:57.861    70    70 I AudioFlinger: openOutput(), module 1 Device 2, SamplingRate 44100, Format 0x000001, Channels 3, flags 2
05-19 10:24:57.862    70    70 I AudioFlinger: AudioStreamOut::open(), mHalFormatIsLinearPcm = 1
05-19 10:24:57.865    70    70 I AudioFlinger: HAL output buffer size 1024 frames, normal sink buffer size 1024 frames
05-19 10:24:57.971    70    70 I BufferProvider: found effect "Multichannel Downmix To Stereo" from The Android Open Source Project
05-19 10:24:57.973    70    70 I AudioFlinger: Using module 1 has the primary audio interface
05-19 10:24:57.980    70   142 I AudioFlinger: AudioFlinger's thread 0xb4480000 ready to run
05-19 10:24:57.994    70    70 E audio_hw_generic: Error opening input stream format 1, channel_mask 0010, sample_rate 16000
05-19 10:24:57.998    70   142 E AudioFlinger: no wake lock to update!
05-19 10:24:58.032    70   143 I AudioFlinger: AudioFlinger's thread 0xb42c0000 ready to run
05-19 10:24:58.033    70    70 E AudioFlinger: int android::load_audio_interface(const char*, audio_hw_device_t**) couldn't load audio hw module audio.r_submix (No such file or directory)
05-19 10:24:58.034    70    70 I AudioFlinger: loadHwModule() error -2 loading module r_submix 
05-19 10:24:58.034    70    70 W APM::AudioPolicyManager: could not open HW module r_submix
05-19 10:24:58.034    70    70 W APM::AudioPolicyManager: Input device 80000100 unreachable
05-19 10:24:58.049    70    70 E SoundTriggerHwService: couldn't load sound trigger module sound_trigger.primary (No such file or directory)
05-19 10:24:58.050    70    70 I RadioService: RadioService
05-19 10:24:58.051    70    70 I RadioService: onFirstRef
05-19 10:24:58.051    70    70 E RadioService: couldn't load radio module radio.primary (No such file or directory)
05-19 10:24:59.362    73    73 D AndroidRuntime: >>>>>> START com.android.internal.os.ZygoteInit uid 0 <<<<<<
05-19 10:24:59.367    73    73 W JniInvocation: Falling back from libart to libart.so after dlopen error: dlopen failed: library "libart" not found
05-19 10:24:59.529    73    73 D AndroidRuntime: CheckJNI is ON
05-19 10:24:59.609    73    73 I art     : option[0]=-Xzygote
05-19 10:24:59.609    73    73 I art     : option[1]=-Xcheck:jni
05-19 10:24:59.609    73    73 I art     : option[2]=-Xstacktracefile:/data/anr/traces.txt
05-19 10:24:59.609    73    73 I art     : option[3]=exit
05-19 10:24:59.609    73    73 I art     : option[4]=vfprintf
05-19 10:24:59.610    73    73 I art     : option[5]=sensitiveThread
05-19 10:24:59.610    73    73 I art     : option[6]=-verbose:gc
05-19 10:24:59.610    73    73 I art     : option[7]=-Xms4m
05-19 10:24:59.610    73    73 I art     : option[8]=-Xmx48m
05-19 10:24:59.610    73    73 I art     : option[9]=-Xusejit:true
05-19 10:24:59.610    73    73 I art     : option[10]=-agentlib:jdwp=transport=dt_android_adb,suspend=n,server=y
05-19 10:24:59.611    73    73 I art     : option[11]=-Xlockprofthreshold:500
05-19 10:24:59.611    73    73 I art     : option[12]=-Ximage-compiler-option
05-19 10:24:59.611    73    73 I art     : option[13]=--runtime-arg
05-19 10:24:59.611    73    73 I art     : option[14]=-Ximage-compiler-option
05-19 10:24:59.611    73    73 I art     : option[15]=-Xms64m
05-19 10:24:59.611    73    73 I art     : option[16]=-Ximage-compiler-option
05-19 10:24:59.612    73    73 I art     : option[17]=--runtime-arg
05-19 10:24:59.612    73    73 I art     : option[18]=-Ximage-compiler-option
05-19 10:24:59.612    73    73 I art     : option[19]=-Xmx64m
05-19 10:24:59.612    73    73 I art     : option[20]=-Ximage-compiler-option
05-19 10:24:59.612    73    73 I art     : option[21]=--image-classes=/system/etc/preloaded-classes
05-19 10:24:59.612    73    73 I art     : option[22]=-Xcompiler-option
05-19 10:24:59.612    73    73 I art     : option[23]=--runtime-arg
05-19 10:24:59.613    73    73 I art     : option[24]=-Xcompiler-option
05-19 10:24:59.613    73    73 I art     : option[25]=-Xms64m
05-19 10:24:59.613    73    73 I art     : option[26]=-Xcompiler-option
05-19 10:24:59.613    73    73 I art     : option[27]=--runtime-arg
05-19 10:24:59.613    73    73 I art     : option[28]=-Xcompiler-option
05-19 10:24:59.613    73    73 I art     : option[29]=-Xmx512m
05-19 10:24:59.613    73    73 I art     : option[30]=-Ximage-compiler-option
05-19 10:24:59.614    73    73 I art     : option[31]=--instruction-set-variant=generic
05-19 10:24:59.614    73    73 I art     : option[32]=-Xcompiler-option
05-19 10:24:59.614    73    73 I art     : option[33]=--instruction-set-variant=generic
05-19 10:24:59.614    73    73 I art     : option[34]=-Ximage-compiler-option
05-19 10:24:59.614    73    73 I art     : option[35]=--instruction-set-features=default
05-19 10:24:59.614    73    73 I art     : option[36]=-Xcompiler-option
05-19 10:24:59.615    73    73 I art     : option[37]=--instruction-set-features=default
05-19 10:24:59.615    73    73 I art     : option[38]=-Duser.locale=en-US
05-19 10:24:59.615    73    73 I art     : option[39]=--cpu-abilist=armeabi-v7a,armeabi
05-19 10:24:59.615    73    73 I art     : option[40]=-Xfingerprint:generic/sdk_phone_armv7/generic:6.0/MRA44C/2166767:eng/test-keys
05-19 10:24:59.919    73    73 I art     : Pruning dalvik-cache since we are relocating an image and will need to recompile
05-19 10:24:59.939    73    73 I art     : RelocateImage: /system/bin/patchoat --input-image-location=/system/framework/boot.art --output-image-file=/data/dalvik-cache/arm/system@framework@boot.art --input-oat-location=/system/framework/boot.oat --output-oat-file=/data/dalvik-cache/arm/system@framework@boot.oat --instruction-set=arm --base-offset-delta=-14729216
05-19 10:26:18.294    73    73 D ICU     : No timezone override file found: /data/misc/zoneinfo/current/icu/icu_tzdata.dat
05-19 10:26:19.944    73    73 E memtrack: Couldn't load memtrack module (No such file or directory)
05-19 10:26:19.944    73    73 E android.os.Debug: failed to load memtrack module: -2
05-19 10:26:20.020    73    73 I Radio-JNI: register_android_hardware_Radio DONE
05-19 10:26:20.359    73    73 I SamplingProfilerIntegration: Profiling disabled.
05-19 10:26:20.815    73    73 D Zygote  : begin preload
05-19 10:26:20.913    73    73 I Zygote  : Preloading classes...
05-19 10:26:23.740    73    73 E Minikin : addFont failed to create font /system/fonts/NanumGothic.ttf
05-19 10:26:23.742    73    73 E Minikin : addFont failed to create font /system/fonts/DroidSansFallback.ttf
05-19 10:26:23.742    73    73 E Minikin : addFont failed to create font /system/fonts/MTLmr3m.ttf
05-19 10:26:25.507    73    73 V DngCreator_JNI: DngCreator_nativeClassInit:
05-19 10:26:26.479    66    66 V NatController: runCmd(/system/bin/iptables -w -F natctrl_FORWARD) res=0
05-19 10:26:26.680    66    66 V NatController: runCmd(/system/bin/iptables -w -A natctrl_FORWARD -j DROP) res=0
05-19 10:26:26.953    66    66 V NatController: runCmd(/system/bin/iptables -w -t nat -F natctrl_nat_POSTROUTING) res=0
05-19 10:26:27.270    66    66 V NatController: runCmd(/system/bin/iptables -w -F natctrl_tether_counters) res=1
05-19 10:26:28.051    66    66 V NatController: runCmd(/system/bin/iptables -w -X natctrl_tether_counters) res=1
05-19 10:26:28.322    73   280 I art     : Background concurrent mark sweep GC freed 10297(1994KB) AllocSpace objects, 112(2MB) LOS objects, 63% free, 581KB/1605KB, paused 97.425ms total 785.528ms
05-19 10:26:28.693    73   280 I art     : Background sticky concurrent mark sweep GC freed 174(994KB) AllocSpace objects, 0(0B) LOS objects, 44% free, 897KB/1605KB, paused 2.912ms total 266.726ms
05-19 10:26:28.796    66    66 V NatController: runCmd(/system/bin/iptables -w -N natctrl_tether_counters) res=0
05-19 10:26:29.387    73   280 I art     : Background concurrent mark sweep GC freed 1213(705KB) AllocSpace objects, 8(136KB) LOS objects, 61% free, 629KB/1653KB, paused 1.857ms total 241.549ms
05-19 10:26:29.941    66    66 V NatController: runCmd(/system/bin/iptables -w -t mangle -A natctrl_mangle_FORWARD -p tcp --tcp-flags SYN SYN -j TCPMSS --clamp-mss-to-pmtu) res=1
05-19 10:26:30.300    73    73 I art     : Thread[1,tid=73,Native,Thread*=0xb4e36a00,peer=0x12c2c160,"main"] recursive attempt to load library "/system/lib/libmedia_jni.so"
05-19 10:26:30.303    73    73 D MtpDeviceJNI: register_android_mtp_MtpDevice
05-19 10:26:30.327    73    73 I art     : Thread[1,tid=73,Native,Thread*=0xb4e36a00,peer=0x12c2c160,"main"] recursive attempt to load library "/system/lib/libmedia_jni.so"
05-19 10:26:30.342    73    73 I art     : Thread[1,tid=73,Native,Thread*=0xb4e36a00,peer=0x12c2c160,"main"] recursive attempt to load library "/system/lib/libmedia_jni.so"
05-19 10:26:31.516    73    73 E EmojiFactory_jni: Failed to load libemoji.so: dlopen failed: library "libemoji.so" not found
05-19 10:26:33.206    73   280 I art     : Background sticky concurrent mark sweep GC freed 11643(836KB) AllocSpace objects, 1(20KB) LOS objects, 37% free, 1038KB/1653KB, paused 1.254ms total 228.794ms
05-19 10:26:36.809    73    73 I System  : Loaded time zone names for "" in 3218ms (3186ms in ICU)
05-19 10:26:37.369    73    73 I System  : Loaded time zone names for "en_US" in 560ms (514ms in ICU)
05-19 10:26:38.337    73    73 I Zygote  : ...preloaded 3831 classes in 17423ms.
05-19 10:26:38.436    73    73 I art     : VMRuntime.preloadDexCaches starting
05-19 10:26:40.024    73    73 I art     : VMRuntime.preloadDexCaches strings total=242935 before=43543 after=43543
05-19 10:26:40.024    73    73 I art     : VMRuntime.preloadDexCaches types total=20085 before=6886 after=6912
05-19 10:26:40.025    73    73 I art     : VMRuntime.preloadDexCaches fields total=97923 before=35728 after=35926
05-19 10:26:40.025    73    73 I art     : VMRuntime.preloadDexCaches methods total=169794 before=70751 after=71244
05-19 10:26:40.025    73    73 I art     : VMRuntime.preloadDexCaches finished
05-19 10:26:40.415   326   326 D idmap   : error: no read access to /vendor/overlay: No such file or directory
05-19 10:26:40.633    73    73 I Zygote  : Preloading resources...
05-19 10:26:40.784    73    73 W Resources: Preloaded drawable resource #0x1080096 (android:drawable/toast_frame) that varies with configuration!!
05-19 10:26:40.818    73    73 W Resources: Preloaded drawable resource #0x108010c (android:drawable/btn_check_on_pressed_holo_light) that varies with configuration!!
05-19 10:26:40.822    73    73 W Resources: Preloaded drawable resource #0x108010b (android:drawable/btn_check_on_pressed_holo_dark) that varies with configuration!!
05-19 10:26:40.826    73    73 W Resources: Preloaded drawable resource #0x1080109 (android:drawable/btn_check_on_holo_light) that varies with configuration!!
05-19 10:26:40.860    73    73 W Resources: Preloaded drawable resource #0x1080108 (android:drawable/btn_check_on_holo_dark) that varies with configuration!!
05-19 10:26:40.864    73    73 W Resources: Preloaded drawable resource #0x1080106 (android:drawable/btn_check_on_focused_holo_light) that varies with configuration!!
05-19 10:26:40.878    73    73 W Resources: Preloaded drawable resource #0x1080105 (android:drawable/btn_check_on_focused_holo_dark) that varies with configuration!!
05-19 10:26:40.881    73    73 W Resources: Preloaded drawable resource #0x1080104 (android:drawable/btn_check_on_disabled_holo_light) that varies with configuration!!
05-19 10:26:40.884    73    73 W Resources: Preloaded drawable resource #0x1080103 (android:drawable/btn_check_on_disabled_holo_dark) that varies with configuration!!
05-19 10:26:40.899    73    73 W Resources: Preloaded drawable resource #0x1080102 (android:drawable/btn_check_on_disabled_focused_holo_light) that varies with configuration!!
05-19 10:26:40.905    73    73 W Resources: Preloaded drawable resource #0x1080101 (android:drawable/btn_check_on_disabled_focused_holo_dark) that varies with configuration!!
05-19 10:26:40.918    73    73 W Resources: Preloaded drawable resource #0x10800f9 (android:drawable/btn_check_off_pressed_holo_light) that varies with configuration!!
05-19 10:26:40.947    73    73 W Resources: Preloaded drawable resource #0x10800f8 (android:drawable/btn_check_off_pressed_holo_dark) that varies with configuration!!
05-19 10:26:40.970    73    73 W Resources: Preloaded drawable resource #0x10800f4 (android:drawable/btn_check_off_holo_light) that varies with configuration!!
05-19 10:26:40.974    73    73 W Resources: Preloaded drawable resource #0x10800f3 (android:drawable/btn_check_off_holo_dark) that varies with configuration!!
05-19 10:26:41.000    73    73 W Resources: Preloaded drawable resource #0x10800f1 (android:drawable/btn_check_off_focused_holo_light) that varies with configuration!!
05-19 10:26:41.003    73    73 W Resources: Preloaded drawable resource #0x10800f0 (android:drawable/btn_check_off_focused_holo_dark) that varies with configuration!!
05-19 10:26:41.005    73    73 W Resources: Preloaded drawable resource #0x10800ef (android:drawable/btn_check_off_disabled_holo_light) that varies with configuration!!
05-19 10:26:41.049    73    73 W Resources: Preloaded drawable resource #0x10800ee (android:drawable/btn_check_off_disabled_holo_dark) that varies with configuration!!
05-19 10:26:41.052    73    73 W Resources: Preloaded drawable resource #0x10800ed (android:drawable/btn_check_off_disabled_focused_holo_light) that varies with configuration!!
05-19 10:26:41.055    73    73 W Resources: Preloaded drawable resource #0x10800ec (android:drawable/btn_check_off_disabled_focused_holo_dark) that varies with configuration!!
05-19 10:26:41.090    73    73 W Resources: Preloaded drawable resource #0x1080109 (android:drawable/btn_check_on_holo_light) that varies with configuration!!
05-19 10:26:41.094    73    73 W Resources: Preloaded drawable resource #0x10800f4 (android:drawable/btn_check_off_holo_light) that varies with configuration!!
05-19 10:26:41.104    73    73 W Resources: Preloaded drawable resource #0x108010c (android:drawable/btn_check_on_pressed_holo_light) that varies with configuration!!
05-19 10:26:41.121    73    73 W Resources: Preloaded drawable resource #0x10800f9 (android:drawable/btn_check_off_pressed_holo_light) that varies with configuration!!
05-19 10:26:41.126    73    73 W Resources: Preloaded drawable resource #0x1080106 (android:drawable/btn_check_on_focused_holo_light) that varies with configuration!!
05-19 10:26:41.149    73   280 I art     : Background concurrent mark sweep GC freed 5479(515KB) AllocSpace objects, 0(0B) LOS objects, 66% free, 1146KB/3MB, paused 1.504ms total 221.053ms
05-19 10:26:41.154    73    73 W Resources: Preloaded drawable resource #0x10800f1 (android:drawable/btn_check_off_focused_holo_light) that varies with configuration!!
05-19 10:26:41.156    73    73 W Resources: Preloaded drawable resource #0x10800f4 (android:drawable/btn_check_off_holo_light) that varies with configuration!!
05-19 10:26:41.170    73    73 W Resources: Preloaded drawable resource #0x1080109 (android:drawable/btn_check_on_holo_light) that varies with configuration!!
05-19 10:26:41.173    73    73 W Resources: Preloaded drawable resource #0x1080104 (android:drawable/btn_check_on_disabled_holo_light) that varies with configuration!!
05-19 10:26:41.175    73    73 W Resources: Preloaded drawable resource #0x10800ef (android:drawable/btn_check_off_disabled_holo_light) that varies with configuration!!
05-19 10:26:41.208    73    73 W Resources: Preloaded drawable resource #0x1080102 (android:drawable/btn_check_on_disabled_focused_holo_light) that varies with configuration!!
05-19 10:26:41.212    73    73 W Resources: Preloaded drawable resource #0x10800ed (android:drawable/btn_check_off_disabled_focused_holo_light) that varies with configuration!!
05-19 10:26:41.215    73    73 W Resources: Preloaded drawable resource #0x10800ef (android:drawable/btn_check_off_disabled_holo_light) that varies with configuration!!
05-19 10:26:41.217    73    73 W Resources: Preloaded drawable resource #0x1080104 (android:drawable/btn_check_on_disabled_holo_light) that varies with configuration!!
05-19 10:26:41.230    73    73 W Resources: Preloaded drawable resource #0x10800e2 (android:drawable/btn_check_holo_light) that varies with configuration!!
05-19 10:26:41.236    73    73 W Resources: Preloaded drawable resource #0x1080108 (android:drawable/btn_check_on_holo_dark) that varies with configuration!!
05-19 10:26:41.249    73    73 W Resources: Preloaded drawable resource #0x10800f3 (android:drawable/btn_check_off_holo_dark) that varies with configuration!!
05-19 10:26:41.252    73    73 W Resources: Preloaded drawable resource #0x108010b (android:drawable/btn_check_on_pressed_holo_dark) that varies with configuration!!
05-19 10:26:41.254    73    73 W Resources: Preloaded drawable resource #0x10800f8 (android:drawable/btn_check_off_pressed_holo_dark) that varies with configuration!!
05-19 10:26:41.288    73    73 W Resources: Preloaded drawable resource #0x1080105 (android:drawable/btn_check_on_focused_holo_dark) that varies with configuration!!
05-19 10:26:41.292    73    73 W Resources: Preloaded drawable resource #0x10800f0 (android:drawable/btn_check_off_focused_holo_dark) that varies with configuration!!
05-19 10:26:41.296    73    73 W Resources: Preloaded drawable resource #0x10800f3 (android:drawable/btn_check_off_holo_dark) that varies with configuration!!
05-19 10:26:41.310    73    73 W Resources: Preloaded drawable resource #0x1080108 (android:drawable/btn_check_on_holo_dark) that varies with configuration!!
05-19 10:26:41.313    73    73 W Resources: Preloaded drawable resource #0x1080103 (android:drawable/btn_check_on_disabled_holo_dark) that varies with configuration!!
05-19 10:26:41.316    73    73 W Resources: Preloaded drawable resource #0x10800ee (android:drawable/btn_check_off_disabled_holo_dark) that varies with configuration!!
05-19 10:26:41.329    73    73 W Resources: Preloaded drawable resource #0x1080101 (android:drawable/btn_check_on_disabled_focused_holo_dark) that varies with configuration!!
05-19 10:26:41.332    73    73 W Resources: Preloaded drawable resource #0x10800ec (android:drawable/btn_check_off_disabled_focused_holo_dark) that varies with configuration!!
05-19 10:26:41.334    73    73 W Resources: Preloaded drawable resource #0x10800ee (android:drawable/btn_check_off_disabled_holo_dark) that varies with configuration!!
05-19 10:26:41.337    73    73 W Resources: Preloaded drawable resource #0x1080103 (android:drawable/btn_check_on_disabled_holo_dark) that varies with configuration!!
05-19 10:26:41.492    73    73 W Resources: Preloaded drawable resource #0x10800e1 (android:drawable/btn_check_holo_dark) that varies with configuration!!
05-19 10:26:41.501    73    73 W Resources: Preloaded drawable resource #0x108019d (android:drawable/btn_radio_on_pressed_holo_light) that varies with configuration!!
05-19 10:26:41.526    73    73 W Resources: Preloaded drawable resource #0x108019c (android:drawable/btn_radio_on_pressed_holo_dark) that varies with configuration!!
05-19 10:26:41.573    73    73 W Resources: Preloaded drawable resource #0x1080199 (android:drawable/btn_radio_on_holo_light) that varies with configuration!!
05-19 10:26:41.576    73    73 W Resources: Preloaded drawable resource #0x1080198 (android:drawable/btn_radio_on_holo_dark) that varies with configuration!!
05-19 10:26:41.661    73    73 W Resources: Preloaded drawable resource #0x1080196 (android:drawable/btn_radio_on_focused_holo_light) that varies with configuration!!
05-19 10:26:41.721    73    73 W Resources: Preloaded drawable resource #0x1080195 (android:drawable/btn_radio_on_focused_holo_dark) that varies with configuration!!
05-19 10:26:41.808    73    73 W Resources: Preloaded drawable resource #0x1080194 (android:drawable/btn_radio_on_disabled_holo_light) that varies with configuration!!
05-19 10:26:41.864    73    73 W Resources: Preloaded drawable resource #0x1080193 (android:drawable/btn_radio_on_disabled_holo_dark) that varies with configuration!!
05-19 10:26:41.896    73    73 W Resources: Preloaded drawable resource #0x1080192 (android:drawable/btn_radio_on_disabled_focused_holo_light) that varies with configuration!!
05-19 10:26:41.971    73    73 W Resources: Preloaded drawable resource #0x1080191 (android:drawable/btn_radio_on_disabled_focused_holo_dark) that varies with configuration!!
05-19 10:26:41.975    73    73 W Resources: Preloaded drawable resource #0x108018e (android:drawable/btn_radio_off_pressed_holo_light) that varies with configuration!!
05-19 10:26:41.989    73    73 W Resources: Preloaded drawable resource #0x108018d (android:drawable/btn_radio_off_pressed_holo_dark) that varies with configuration!!
05-19 10:26:41.993    73    73 W Resources: Preloaded drawable resource #0x108018b (android:drawable/btn_radio_off_holo_light) that varies with configuration!!
05-19 10:26:41.995    73    73 W Resources: Preloaded drawable resource #0x108018a (android:drawable/btn_radio_off_holo_dark) that varies with configuration!!
05-19 10:26:42.030    73    73 W Resources: Preloaded drawable resource #0x1080188 (android:drawable/btn_radio_off_focused_holo_light) that varies with configuration!!
05-19 10:26:42.033    73    73 W Resources: Preloaded drawable resource #0x1080187 (android:drawable/btn_radio_off_focused_holo_dark) that varies with configuration!!
05-19 10:26:42.036    73    73 W Resources: Preloaded drawable resource #0x1080186 (android:drawable/btn_radio_off_disabled_holo_light) that varies with configuration!!
05-19 10:26:42.050    73    73 W Resources: Preloaded drawable resource #0x1080185 (android:drawable/btn_radio_off_disabled_holo_dark) that varies with configuration!!
05-19 10:26:42.055    73    73 W Resources: Preloaded drawable resource #0x1080184 (android:drawable/btn_radio_off_disabled_focused_holo_light) that varies with configuration!!
05-19 10:26:42.068    73    73 W Resources: Preloaded drawable resource #0x1080183 (android:drawable/btn_radio_off_disabled_focused_holo_dark) that varies with configuration!!
05-19 10:26:42.072    73    73 W Resources: Preloaded drawable resource #0x108012e (android:drawable/btn_default_pressed_holo_light) that varies with configuration!!
05-19 10:26:42.075    73    73 W Resources: Preloaded drawable resource #0x108012d (android:drawable/btn_default_pressed_holo_dark) that varies with configuration!!
05-19 10:26:42.088    73    73 W Resources: Preloaded drawable resource #0x108012a (android:drawable/btn_default_normal_holo_light) that varies with configuration!!
05-19 10:26:42.149    73    73 W Resources: Preloaded drawable resource #0x1080129 (android:drawable/btn_default_normal_holo_dark) that varies with configuration!!
05-19 10:26:42.152    73    73 W Resources: Preloaded drawable resource #0x1080120 (android:drawable/btn_default_focused_holo_light) that varies with configuration!!
05-19 10:26:42.155    73    73 W Resources: Preloaded drawable resource #0x108011f (android:drawable/btn_default_focused_holo_dark) that varies with configuration!!
05-19 10:26:42.169    73    73 W Resources: Preloaded drawable resource #0x108011d (android:drawable/btn_default_disabled_holo_light) that varies with configuration!!
05-19 10:26:42.172    73    73 W Resources: Preloaded drawable resource #0x108011c (android:drawable/btn_default_disabled_holo_dark) that varies with configuration!!
05-19 10:26:42.174    73    73 W Resources: Preloaded drawable resource #0x108011a (android:drawable/btn_default_disabled_focused_holo_light) that varies with configuration!!
05-19 10:26:42.196    73    73 W Resources: Preloaded drawable resource #0x1080119 (android:drawable/btn_default_disabled_focused_holo_dark) that varies with configuration!!
05-19 10:26:42.202    73    73 W Resources: Preloaded drawable resource #0x1080129 (android:drawable/btn_default_normal_holo_dark) that varies with configuration!!
05-19 10:26:42.207    73    73 W Resources: Preloaded drawable resource #0x108011c (android:drawable/btn_default_disabled_holo_dark) that varies with configuration!!
05-19 10:26:42.221    73    73 W Resources: Preloaded drawable resource #0x108012d (android:drawable/btn_default_pressed_holo_dark) that varies with configuration!!
05-19 10:26:42.224    73    73 W Resources: Preloaded drawable resource #0x108011f (android:drawable/btn_default_focused_holo_dark) that varies with configuration!!
05-19 10:26:42.227    73    73 W Resources: Preloaded drawable resource #0x1080129 (android:drawable/btn_default_normal_holo_dark) that varies with configuration!!
05-19 10:26:42.331    73    73 W Resources: Preloaded drawable resource #0x1080119 (android:drawable/btn_default_disabled_focused_holo_dark) that varies with configuration!!
05-19 10:26:42.351    73    73 W Resources: Preloaded drawable resource #0x108011c (android:drawable/btn_default_disabled_holo_dark) that varies with configuration!!
05-19 10:26:42.353    73    73 W Resources: Preloaded drawable resource #0x1080121 (android:drawable/btn_default_holo_dark) that varies with configuration!!
05-19 10:26:42.390    73    73 W Resources: Preloaded drawable resource #0x108012a (android:drawable/btn_default_normal_holo_light) that varies with configuration!!
05-19 10:26:42.393    73    73 W Resources: Preloaded drawable resource #0x108011d (android:drawable/btn_default_disabled_holo_light) that varies with configuration!!
05-19 10:26:42.396    73    73 W Resources: Preloaded drawable resource #0x108012e (android:drawable/btn_default_pressed_holo_light) that varies with configuration!!
05-19 10:26:42.513    73    73 W Resources: Preloaded drawable resource #0x1080120 (android:drawable/btn_default_focused_holo_light) that varies with configuration!!
05-19 10:26:42.516    73    73 W Resources: Preloaded drawable resource #0x108012a (android:drawable/btn_default_normal_holo_light) that varies with configuration!!
05-19 10:26:42.520    73    73 W Resources: Preloaded drawable resource #0x108011a (android:drawable/btn_default_disabled_focused_holo_light) that varies with configuration!!
05-19 10:26:42.579    73    73 W Resources: Preloaded drawable resource #0x108011d (android:drawable/btn_default_disabled_holo_light) that varies with configuration!!
05-19 10:26:42.579    73    73 W Resources: Preloaded drawable resource #0x1080122 (android:drawable/btn_default_holo_light) that varies with configuration!!
05-19 10:26:42.634    73    73 W Resources: Preloaded drawable resource #0x10801fe (android:drawable/btn_star_off_normal_holo_light) that varies with configuration!!
05-19 10:26:42.671    73    73 W Resources: Preloaded drawable resource #0x1080208 (android:drawable/btn_star_on_normal_holo_light) that varies with configuration!!
05-19 10:26:42.842    73    73 W Resources: Preloaded drawable resource #0x1080204 (android:drawable/btn_star_on_disabled_holo_light) that varies with configuration!!
05-19 10:26:43.001    73    73 W Resources: Preloaded drawable resource #0x10801fa (android:drawable/btn_star_off_disabled_holo_light) that varies with configuration!!
05-19 10:26:43.100    73    73 W Resources: Preloaded drawable resource #0x108020a (android:drawable/btn_star_on_pressed_holo_light) that varies with configuration!!
05-19 10:26:43.104    73    73 W Resources: Preloaded drawable resource #0x1080200 (android:drawable/btn_star_off_pressed_holo_light) that varies with configuration!!
05-19 10:26:43.369    73    73 W Resources: Preloaded drawable resource #0x1080206 (android:drawable/btn_star_on_focused_holo_light) that varies with configuration!!
05-19 10:26:43.462    73    73 W Resources: Preloaded drawable resource #0x10801fc (android:drawable/btn_star_off_focused_holo_light) that varies with configuration!!
05-19 10:26:43.466    73    73 W Resources: Preloaded drawable resource #0x1080202 (android:drawable/btn_star_on_disabled_focused_holo_light) that varies with configuration!!
05-19 10:26:43.674    73    73 W Resources: Preloaded drawable resource #0x10801f8 (android:drawable/btn_star_off_disabled_focused_holo_light) that varies with configuration!!
05-19 10:26:43.772    73    73 W Resources: Preloaded drawable resource #0x10801fe (android:drawable/btn_star_off_normal_holo_light) that varies with configuration!!
05-19 10:26:43.775    73    73 W Resources: Preloaded drawable resource #0x1080208 (android:drawable/btn_star_on_normal_holo_light) that varies with configuration!!
05-19 10:26:43.845    73    73 W Resources: Preloaded drawable resource #0x1080204 (android:drawable/btn_star_on_disabled_holo_light) that varies with configuration!!
05-19 10:26:43.922    73    73 W Resources: Preloaded drawable resource #0x10801fa (android:drawable/btn_star_off_disabled_holo_light) that varies with configuration!!
05-19 10:26:43.926    73    73 W Resources: Preloaded drawable resource #0x108020a (android:drawable/btn_star_on_pressed_holo_light) that varies with configuration!!
05-19 10:26:44.065    73    73 W Resources: Preloaded drawable resource #0x1080200 (android:drawable/btn_star_off_pressed_holo_light) that varies with configuration!!
05-19 10:26:44.073    73    73 W Resources: Preloaded drawable resource #0x1080206 (android:drawable/btn_star_on_focused_holo_light) that varies with configuration!!
05-19 10:26:44.172    73    73 W Resources: Preloaded drawable resource #0x10801fc (android:drawable/btn_star_off_focused_holo_light) that varies with configuration!!
05-19 10:26:44.181    73    73 W Resources: Preloaded drawable resource #0x1080202 (android:drawable/btn_star_on_disabled_focused_holo_light) that varies with configuration!!
05-19 10:26:44.184    73    73 W Resources: Preloaded drawable resource #0x1080204 (android:drawable/btn_star_on_disabled_holo_light) that varies with configuration!!
05-19 10:26:44.212    73    73 W Resources: Preloaded drawable resource #0x10801f8 (android:drawable/btn_star_off_disabled_focused_holo_light) that varies with configuration!!
05-19 10:26:44.215    73    73 W Resources: Preloaded drawable resource #0x10801fa (android:drawable/btn_star_off_disabled_holo_light) that varies with configuration!!
05-19 10:26:44.231    73    73 W Resources: Preloaded drawable resource #0x10801fe (android:drawable/btn_star_off_normal_holo_light) that varies with configuration!!
05-19 10:26:44.235    73    73 W Resources: Preloaded drawable resource #0x1080208 (android:drawable/btn_star_on_normal_holo_light) that varies with configuration!!
05-19 10:26:44.235    73    73 W Resources: Preloaded drawable resource #0x10801f3 (android:drawable/btn_star_holo_light) that varies with configuration!!
05-19 10:26:44.323    73    73 W Resources: Preloaded drawable resource #0x10801fd (android:drawable/btn_star_off_normal_holo_dark) that varies with configuration!!
05-19 10:26:44.446    73    73 W Resources: Preloaded drawable resource #0x1080207 (android:drawable/btn_star_on_normal_holo_dark) that varies with configuration!!
05-19 10:26:44.452    73    73 W Resources: Preloaded drawable resource #0x1080203 (android:drawable/btn_star_on_disabled_holo_dark) that varies with configuration!!
05-19 10:26:44.955    73    73 W Resources: Preloaded drawable resource #0x10801f9 (android:drawable/btn_star_off_disabled_holo_dark) that varies with configuration!!
05-19 10:26:45.194    73    73 W Resources: Preloaded drawable resource #0x1080209 (android:drawable/btn_star_on_pressed_holo_dark) that varies with configuration!!
05-19 10:26:45.373    73    73 W Resources: Preloaded drawable resource #0x10801ff (android:drawable/btn_star_off_pressed_holo_dark) that varies with configuration!!
05-19 10:26:45.446    73    73 W Resources: Preloaded drawable resource #0x1080205 (android:drawable/btn_star_on_focused_holo_dark) that varies with configuration!!
05-19 10:26:45.552    73    73 W Resources: Preloaded drawable resource #0x10801fb (android:drawable/btn_star_off_focused_holo_dark) that varies with configuration!!
05-19 10:26:45.641    73    73 W Resources: Preloaded drawable resource #0x1080201 (android:drawable/btn_star_on_disabled_focused_holo_dark) that varies with configuration!!
05-19 10:26:45.671    73    73 W Resources: Preloaded drawable resource #0x10801f7 (android:drawable/btn_star_off_disabled_focused_holo_dark) that varies with configuration!!
05-19 10:26:45.781    73    73 W Resources: Preloaded drawable resource #0x10801fd (android:drawable/btn_star_off_normal_holo_dark) that varies with configuration!!
05-19 10:26:45.785    73    73 W Resources: Preloaded drawable resource #0x1080207 (android:drawable/btn_star_on_normal_holo_dark) that varies with configuration!!
05-19 10:26:45.957    73    73 W Resources: Preloaded drawable resource #0x1080203 (android:drawable/btn_star_on_disabled_holo_dark) that varies with configuration!!
05-19 10:26:45.960    73    73 W Resources: Preloaded drawable resource #0x10801f9 (android:drawable/btn_star_off_disabled_holo_dark) that varies with configuration!!
05-19 10:26:46.220    73    73 W Resources: Preloaded drawable resource #0x1080209 (android:drawable/btn_star_on_pressed_holo_dark) that varies with configuration!!
05-19 10:26:46.225    73    73 W Resources: Preloaded drawable resource #0x10801ff (android:drawable/btn_star_off_pressed_holo_dark) that varies with configuration!!
05-19 10:26:46.756    73    73 W Resources: Preloaded drawable resource #0x1080205 (android:drawable/btn_star_on_focused_holo_dark) that varies with configuration!!
05-19 10:26:46.794    73    73 W Resources: Preloaded drawable resource #0x10801fb (android:drawable/btn_star_off_focused_holo_dark) that varies with configuration!!
05-19 10:26:47.126    73    73 W Resources: Preloaded drawable resource #0x1080201 (android:drawable/btn_star_on_disabled_focused_holo_dark) that varies with configuration!!
05-19 10:26:47.303    73    73 W Resources: Preloaded drawable resource #0x1080203 (android:drawable/btn_star_on_disabled_holo_dark) that varies with configuration!!
05-19 10:26:47.405    73    73 W Resources: Preloaded drawable resource #0x10801f7 (android:drawable/btn_star_off_disabled_focused_holo_dark) that varies with configuration!!
05-19 10:26:47.439    73    73 W Resources: Preloaded drawable resource #0x10801f9 (android:drawable/btn_star_off_disabled_holo_dark) that varies with configuration!!
05-19 10:26:47.442    73    73 W Resources: Preloaded drawable resource #0x10801fd (android:drawable/btn_star_off_normal_holo_dark) that varies with configuration!!
05-19 10:26:47.468    73    73 W Resources: Preloaded drawable resource #0x1080207 (android:drawable/btn_star_on_normal_holo_dark) that varies with configuration!!
05-19 10:26:47.469    73    73 W Resources: Preloaded drawable resource #0x10801f2 (android:drawable/btn_star_holo_dark) that varies with configuration!!
05-19 10:26:47.474    73    73 W Resources: Preloaded drawable resource #0x108023d (android:drawable/btn_toggle_on_pressed_holo_light) that varies with configuration!!
05-19 10:26:47.476    73    73 W Resources: Preloaded drawable resource #0x108023c (android:drawable/btn_toggle_on_pressed_holo_dark) that varies with configuration!!
05-19 10:26:47.540    73    73 W Resources: Preloaded drawable resource #0x108023b (android:drawable/btn_toggle_on_normal_holo_light) that varies with configuration!!
05-19 10:26:47.543    73    73 W Resources: Preloaded drawable resource #0x108023a (android:drawable/btn_toggle_on_normal_holo_dark) that varies with configuration!!
05-19 10:26:47.547    73    73 W Resources: Preloaded drawable resource #0x1080239 (android:drawable/btn_toggle_on_focused_holo_light) that varies with configuration!!
05-19 10:26:47.561    73    73 W Resources: Preloaded drawable resource #0x1080238 (android:drawable/btn_toggle_on_focused_holo_dark) that varies with configuration!!
05-19 10:26:47.564    73    73 W Resources: Preloaded drawable resource #0x1080237 (android:drawable/btn_toggle_on_disabled_holo_light) that varies with configuration!!
05-19 10:26:47.567    73    73 W Resources: Preloaded drawable resource #0x1080236 (android:drawable/btn_toggle_on_disabled_holo_dark) that varies with configuration!!
05-19 10:26:47.722    73    73 W Resources: Preloaded drawable resource #0x1080235 (android:drawable/btn_toggle_on_disabled_focused_holo_light) that varies with configuration!!
05-19 10:26:47.725    73    73 W Resources: Preloaded drawable resource #0x1080234 (android:drawable/btn_toggle_on_disabled_focused_holo_dark) that varies with configuration!!
05-19 10:26:47.795    73    73 W Resources: Preloaded drawable resource #0x1080232 (android:drawable/btn_toggle_off_pressed_holo_light) that varies with configuration!!
05-19 10:26:47.838    73    73 W Resources: Preloaded drawable resource #0x1080231 (android:drawable/btn_toggle_off_pressed_holo_dark) that varies with configuration!!
05-19 10:26:47.861    73    73 W Resources: Preloaded drawable resource #0x1080230 (android:drawable/btn_toggle_off_normal_holo_light) that varies with configuration!!
05-19 10:26:47.864    73    73 W Resources: Preloaded drawable resource #0x108022f (android:drawable/btn_toggle_off_normal_holo_dark) that varies with configuration!!
05-19 10:26:48.267    73    73 W Resources: Preloaded drawable resource #0x108022e (android:drawable/btn_toggle_off_focused_holo_light) that varies with configuration!!
05-19 10:26:48.399    73    73 W Resources: Preloaded drawable resource #0x108022d (android:drawable/btn_toggle_off_focused_holo_dark) that varies with configuration!!
05-19 10:26:48.425    73    73 W Resources: Preloaded drawable resource #0x108022c (android:drawable/btn_toggle_off_disabled_holo_light) that varies with configuration!!
05-19 10:26:48.464    73    73 W Resources: Preloaded drawable resource #0x108022b (android:drawable/btn_toggle_off_disabled_holo_dark) that varies with configuration!!
