05-19 10:26:58.046    73    73 W Resources: Preloaded drawable resource #0x10806e3 (android:drawable/tab_unselected_pressed_holo) that varies with configuration!!
05-19 10:26:58.082    73    73 W Resources: Preloaded drawable resource #0x10806de (android:drawable/tab_selected_pressed_holo) that varies with configuration!!
05-19 10:26:58.132    73    73 W Resources: Preloaded drawable resource #0x10806cf (android:drawable/tab_indicator_holo) that varies with configuration!!
05-19 10:26:58.134    73    73 W Resources: Preloaded drawable resource #0x10806e2 (android:drawable/tab_unselected_holo) that varies with configuration!!
05-19 10:26:58.136    73    73 W Resources: Preloaded drawable resource #0x10806dd (android:drawable/tab_selected_holo) that varies with configuration!!
05-19 10:26:58.230    73    73 W Resources: Preloaded drawable resource #0x10806e1 (android:drawable/tab_unselected_focused_holo) that varies with configuration!!
05-19 10:26:58.232    73    73 W Resources: Preloaded drawable resource #0x10806dc (android:drawable/tab_selected_focused_holo) that varies with configuration!!
05-19 10:26:58.235    73    73 W Resources: Preloaded drawable resource #0x10806e3 (android:drawable/tab_unselected_pressed_holo) that varies with configuration!!
05-19 10:26:58.236    73    73 W Resources: Preloaded drawable resource #0x10806de (android:drawable/tab_selected_pressed_holo) that varies with configuration!!
05-19 10:26:58.252    73    73 W Resources: Preloaded drawable resource #0x108058f (android:drawable/quickcontact_badge_overlay_pressed_dark) that varies with configuration!!
05-19 10:26:58.279    73    73 W Resources: Preloaded drawable resource #0x1080586 (android:drawable/quickcontact_badge_overlay_focused_dark) that varies with configuration!!
05-19 10:26:58.284    73    73 W Resources: Preloaded drawable resource #0x108058b (android:drawable/quickcontact_badge_overlay_normal_dark) that varies with configuration!!
05-19 10:26:58.284    73    73 W Resources: Preloaded drawable resource #0x1080585 (android:drawable/quickcontact_badge_overlay_dark) that varies with configuration!!
05-19 10:26:58.298    73    73 W Resources: Preloaded drawable resource #0x108058b (android:drawable/quickcontact_badge_overlay_normal_dark) that varies with configuration!!
05-19 10:26:58.302    73    73 W Resources: Preloaded drawable resource #0x108058f (android:drawable/quickcontact_badge_overlay_pressed_dark) that varies with configuration!!
05-19 10:26:58.325    73    73 W Resources: Preloaded drawable resource #0x1080591 (android:drawable/quickcontact_badge_overlay_pressed_light) that varies with configuration!!
05-19 10:26:58.340    73    73 W Resources: Preloaded drawable resource #0x1080588 (android:drawable/quickcontact_badge_overlay_focused_light) that varies with configuration!!
05-19 10:26:58.344    73    73 W Resources: Preloaded drawable resource #0x108058d (android:drawable/quickcontact_badge_overlay_normal_light) that varies with configuration!!
05-19 10:26:58.345    73    73 W Resources: Preloaded drawable resource #0x108058a (android:drawable/quickcontact_badge_overlay_light) that varies with configuration!!
05-19 10:26:58.358    73    73 W Resources: Preloaded drawable resource #0x108058d (android:drawable/quickcontact_badge_overlay_normal_light) that varies with configuration!!
05-19 10:26:58.361    73    73 W Resources: Preloaded drawable resource #0x1080591 (android:drawable/quickcontact_badge_overlay_pressed_light) that varies with configuration!!
05-19 10:26:58.430    73    73 W Resources: Preloaded drawable resource #0x10800b5 (android:drawable/ab_share_pack_material) that varies with configuration!!
05-19 10:26:58.512    73    73 W Resources: Preloaded drawable resource #0x10800ba (android:drawable/ab_solid_shadow_material) that varies with configuration!!
05-19 10:26:59.173    73    73 W Resources: Preloaded drawable resource #0x1080181 (android:drawable/btn_radio_material_anim) that varies with configuration!!
05-19 10:26:59.177    73    73 W Resources: Preloaded drawable resource #0x10801f5 (android:drawable/btn_star_material) that varies with configuration!!
05-19 10:26:59.216    73    73 W Resources: Preloaded drawable resource #0x1080250 (android:drawable/cab_background_bottom_material) that varies with configuration!!
05-19 10:26:59.231    73    73 W Resources: Preloaded drawable resource #0x1080254 (android:drawable/cab_background_top_material) that varies with configuration!!
05-19 10:26:59.253    73    73 W Resources: Preloaded drawable resource #0x10802a6 (android:drawable/edit_text_material) that varies with configuration!!
05-19 10:26:59.269    73    73 W Resources: Preloaded drawable resource #0x10802c2 (android:drawable/expander_group_material) that varies with configuration!!
05-19 10:26:59.352    73    73 W Resources: Preloaded drawable resource #0x1080329 (android:drawable/ic_commit_search_api_material) that varies with configuration!!
05-19 10:26:59.381    73    73 W Resources: Preloaded drawable resource #0x1080343 (android:drawable/ic_find_next_material) that varies with configuration!!
05-19 10:26:59.386    73    73 W Resources: Preloaded drawable resource #0x1080347 (android:drawable/ic_find_previous_material) that varies with configuration!!
05-19 10:26:59.547    73    73 W Resources: Preloaded drawable resource #0x1080395 (android:drawable/ic_media_route_connecting_material) that varies with configuration!!
05-19 10:26:59.682    73    73 W Resources: Preloaded drawable resource #0x1080395 (android:drawable/ic_media_route_connecting_material) that varies with configuration!!
05-19 10:26:59.703    73    73 W Resources: Preloaded drawable resource #0x108039b (android:drawable/ic_media_route_material) that varies with configuration!!
05-19 10:26:59.782    73    73 W Resources: Preloaded drawable resource #0x10803c7 (android:drawable/ic_menu_find_material) that varies with configuration!!
05-19 10:26:59.819    73    73 W Resources: Preloaded drawable resource #0x10803e4 (android:drawable/ic_menu_search_material) that varies with configuration!!
05-19 10:26:59.969    73    73 W Resources: Preloaded drawable resource #0x108049b (android:drawable/list_section_divider_material) that varies with configuration!!
05-19 10:27:00.181    73    73 W Resources: Preloaded drawable resource #0x10805be (android:drawable/ratingbar_material) that varies with configuration!!
05-19 10:27:00.203    73    73 W Resources: Preloaded drawable resource #0x10805c2 (android:drawable/ratingbar_small_material) that varies with configuration!!
05-19 10:27:00.224    73    73 W Resources: Preloaded drawable resource #0x10805bd (android:drawable/ratingbar_indicator_material) that varies with configuration!!
05-19 10:27:00.325    73    73 W Resources: Preloaded drawable resource #0x10802a6 (android:drawable/edit_text_material) that varies with configuration!!
05-19 10:27:00.326    73    73 W Resources: Preloaded drawable resource #0x1080632 (android:drawable/spinner_textfield_background_material) that varies with configuration!!
05-19 10:27:00.627    73    73 W Resources: Preloaded drawable resource #0x10806a2 (android:drawable/switch_thumb_material_anim) that varies with configuration!!
05-19 10:27:00.699    73    73 W Resources: Preloaded drawable resource #0x108071e (android:drawable/textfield_search_material) that varies with configuration!!
05-19 10:27:00.705    73    73 W Resources: Preloaded drawable resource #0x10806ec (android:drawable/text_select_handle_left_material) that varies with configuration!!
05-19 10:27:00.729    73    73 W Resources: Preloaded drawable resource #0x10806ef (android:drawable/text_select_handle_middle_material) that varies with configuration!!
05-19 10:27:00.733    73    73 W Resources: Preloaded drawable resource #0x10806f2 (android:drawable/text_select_handle_right_material) that varies with configuration!!
05-19 10:27:00.780    73    73 I Zygote  : ...preloaded 342 resources in 20147ms.
05-19 10:27:00.888    73   280 I art     : Background sticky concurrent mark sweep GC freed 14545(1483KB) AllocSpace objects, 7(136KB) LOS objects, 40% free, 2MB/4MB, paused 1.422ms total 228.398ms
05-19 10:27:01.200    73    73 I Zygote  : ...preloaded 41 resources in 420ms.
05-19 10:27:01.202    73    73 D libEGL  : Emulator without GPU support detected. Fallback to software renderer.
05-19 10:27:01.289    73    73 D libEGL  : loaded /system/lib/egl/libGLES_android.so
05-19 10:27:02.018    73    73 I Zygote  : Preloading shared libraries...
05-19 10:27:02.214    73    73 E Hyphenator: error loading hyphenation /system/usr/hyphen-data/hyph-en-us.pat.txt
05-19 10:27:02.214    73    73 E Hyphenator: java.io.FileNotFoundException: /system/usr/hyphen-data/hyph-en-us.pat.txt: open failed: ENOENT (No such file or directory)
05-19 10:27:02.214    73    73 E Hyphenator: 	at libcore.io.IoBridge.open(IoBridge.java:452)
05-19 10:27:02.214    73    73 E Hyphenator: 	at libcore.io.IoUtils$FileReader.<init>(IoUtils.java:207)
05-19 10:27:02.214    73    73 E Hyphenator: 	at libcore.io.IoUtils.readFileAsString(IoUtils.java:114)
05-19 10:27:02.214    73    73 E Hyphenator: 	at android.text.Hyphenator.loadHyphenator(Hyphenator.java:96)
05-19 10:27:02.214    73    73 E Hyphenator: 	at android.text.Hyphenator.init(Hyphenator.java:154)
05-19 10:27:02.214    73    73 E Hyphenator: 	at com.android.internal.os.ZygoteInit.preloadTextResources(ZygoteInit.java:207)
05-19 10:27:02.214    73    73 E Hyphenator: 	at com.android.internal.os.ZygoteInit.preload(ZygoteInit.java:186)
05-19 10:27:02.214    73    73 E Hyphenator: 	at com.android.internal.os.ZygoteInit.main(ZygoteInit.java:593)
05-19 10:27:02.214    73    73 E Hyphenator: Caused by: android.system.ErrnoException: open failed: ENOENT (No such file or directory)
05-19 10:27:02.214    73    73 E Hyphenator: 	at libcore.io.Posix.open(Native Method)
05-19 10:27:02.214    73    73 E Hyphenator: 	at libcore.io.BlockGuardOs.open(BlockGuardOs.java:186)
05-19 10:27:02.214    73    73 E Hyphenator: 	at libcore.io.IoBridge.open(IoBridge.java:438)
05-19 10:27:02.214    73    73 E Hyphenator: 	... 7 more
05-19 10:27:02.381    73    73 E Hyphenator: error loading hyphenation /system/usr/hyphen-data/hyph-eu.pat.txt
05-19 10:27:02.381    73    73 E Hyphenator: java.io.FileNotFoundException: /system/usr/hyphen-data/hyph-eu.pat.txt: open failed: ENOENT (No such file or directory)
05-19 10:27:02.381    73    73 E Hyphenator: 	at libcore.io.IoBridge.open(IoBridge.java:452)
05-19 10:27:02.381    73    73 E Hyphenator: 	at libcore.io.IoUtils$FileReader.<init>(IoUtils.java:207)
05-19 10:27:02.381    73    73 E Hyphenator: 	at libcore.io.IoUtils.readFileAsString(IoUtils.java:114)
05-19 10:27:02.381    73    73 E Hyphenator: 	at android.text.Hyphenator.loadHyphenator(Hyphenator.java:96)
05-19 10:27:02.381    73    73 E Hyphenator: 	at android.text.Hyphenator.init(Hyphenator.java:154)
05-19 10:27:02.381    73    73 E Hyphenator: 	at com.android.internal.os.ZygoteInit.preloadTextResources(ZygoteInit.java:207)
05-19 10:27:02.381    73    73 E Hyphenator: 	at com.android.internal.os.ZygoteInit.preload(ZygoteInit.java:186)
05-19 10:27:02.381    73    73 E Hyphenator: 	at com.android.internal.os.ZygoteInit.main(ZygoteInit.java:593)
05-19 10:27:02.381    73    73 E Hyphenator: Caused by: android.system.ErrnoException: open failed: ENOENT (No such file or directory)
05-19 10:27:02.381    73    73 E Hyphenator: 	at libcore.io.Posix.open(Native Method)
05-19 10:27:02.381    73    73 E Hyphenator: 	at libcore.io.BlockGuardOs.open(BlockGuardOs.java:186)
05-19 10:27:02.381    73    73 E Hyphenator: 	at libcore.io.IoBridge.open(IoBridge.java:438)
05-19 10:27:02.381    73    73 E Hyphenator: 	... 7 more
05-19 10:27:02.384    73    73 E Hyphenator: error loading hyphenation /system/usr/hyphen-data/hyph-hu.pat.txt
05-19 10:27:02.384    73    73 E Hyphenator: java.io.FileNotFoundException: /system/usr/hyphen-data/hyph-hu.pat.txt: open failed: ENOENT (No such file or directory)
05-19 10:27:02.384    73    73 E Hyphenator: 	at libcore.io.IoBridge.open(IoBridge.java:452)
05-19 10:27:02.384    73    73 E Hyphenator: 	at libcore.io.IoUtils$FileReader.<init>(IoUtils.java:207)
05-19 10:27:02.384    73    73 E Hyphenator: 	at libcore.io.IoUtils.readFileAsString(IoUtils.java:114)
05-19 10:27:02.384    73    73 E Hyphenator: 	at android.text.Hyphenator.loadHyphenator(Hyphenator.java:96)
05-19 10:27:02.384    73    73 E Hyphenator: 	at android.text.Hyphenator.init(Hyphenator.java:154)
05-19 10:27:02.384    73    73 E Hyphenator: 	at com.android.internal.os.ZygoteInit.preloadTextResources(ZygoteInit.java:207)
05-19 10:27:02.384    73    73 E Hyphenator: 	at com.android.internal.os.ZygoteInit.preload(ZygoteInit.java:186)
05-19 10:27:02.384    73    73 E Hyphenator: 	at com.android.internal.os.ZygoteInit.main(ZygoteInit.java:593)
05-19 10:27:02.384    73    73 E Hyphenator: Caused by: android.system.ErrnoException: open failed: ENOENT (No such file or directory)
05-19 10:27:02.384    73    73 E Hyphenator: 	at libcore.io.Posix.open(Native Method)
05-19 10:27:02.384    73    73 E Hyphenator: 	at libcore.io.BlockGuardOs.open(BlockGuardOs.java:186)
05-19 10:27:02.384    73    73 E Hyphenator: 	at libcore.io.IoBridge.open(IoBridge.java:438)
05-19 10:27:02.384    73    73 E Hyphenator: 	... 7 more
05-19 10:27:02.386    73    73 E Hyphenator: error loading hyphenation /system/usr/hyphen-data/hyph-hy.pat.txt
05-19 10:27:02.386    73    73 E Hyphenator: java.io.FileNotFoundException: /system/usr/hyphen-data/hyph-hy.pat.txt: open failed: ENOENT (No such file or directory)
05-19 10:27:02.386    73    73 E Hyphenator: 	at libcore.io.IoBridge.open(IoBridge.java:452)
05-19 10:27:02.386    73    73 E Hyphenator: 	at libcore.io.IoUtils$FileReader.<init>(IoUtils.java:207)
05-19 10:27:02.386    73    73 E Hyphenator: 	at libcore.io.IoUtils.readFileAsString(IoUtils.java:114)
05-19 10:27:02.386    73    73 E Hyphenator: 	at android.text.Hyphenator.loadHyphenator(Hyphenator.java:96)
05-19 10:27:02.386    73    73 E Hyphenator: 	at android.text.Hyphenator.init(Hyphenator.java:154)
05-19 10:27:02.386    73    73 E Hyphenator: 	at com.android.internal.os.ZygoteInit.preloadTextResources(ZygoteInit.java:207)
05-19 10:27:02.386    73    73 E Hyphenator: 	at com.android.internal.os.ZygoteInit.preload(ZygoteInit.java:186)
05-19 10:27:02.386    73    73 E Hyphenator: 	at com.android.internal.os.ZygoteInit.main(ZygoteInit.java:593)
05-19 10:27:02.386    73    73 E Hyphenator: Caused by: android.system.ErrnoException: open failed: ENOENT (No such file or directory)
05-19 10:27:02.386    73    73 E Hyphenator: 	at libcore.io.Posix.open(Native Method)
05-19 10:27:02.386    73    73 E Hyphenator: 	at libcore.io.BlockGuardOs.open(BlockGuardOs.java:186)
05-19 10:27:02.386    73    73 E Hyphenator: 	at libcore.io.IoBridge.open(IoBridge.java:438)
05-19 10:27:02.386    73    73 E Hyphenator: 	... 7 more
05-19 10:27:02.388    73    73 E Hyphenator: error loading hyphenation /system/usr/hyphen-data/hyph-nb.pat.txt
05-19 10:27:02.388    73    73 E Hyphenator: java.io.FileNotFoundException: /system/usr/hyphen-data/hyph-nb.pat.txt: open failed: ENOENT (No such file or directory)
05-19 10:27:02.388    73    73 E Hyphenator: 	at libcore.io.IoBridge.open(IoBridge.java:452)
05-19 10:27:02.388    73    73 E Hyphenator: 	at libcore.io.IoUtils$FileReader.<init>(IoUtils.java:207)
05-19 10:27:02.388    73    73 E Hyphenator: 	at libcore.io.IoUtils.readFileAsString(IoUtils.java:114)
05-19 10:27:02.388    73    73 E Hyphenator: 	at android.text.Hyphenator.loadHyphenator(Hyphenator.java:96)
05-19 10:27:02.388    73    73 E Hyphenator: 	at android.text.Hyphenator.init(Hyphenator.java:154)
05-19 10:27:02.388    73    73 E Hyphenator: 	at com.android.internal.os.ZygoteInit.preloadTextResources(ZygoteInit.java:207)
05-19 10:27:02.388    73    73 E Hyphenator: 	at com.android.internal.os.ZygoteInit.preload(ZygoteInit.java:186)
05-19 10:27:02.388    73    73 E Hyphenator: 	at com.android.internal.os.ZygoteInit.main(ZygoteInit.java:593)
05-19 10:27:02.388    73    73 E Hyphenator: Caused by: android.system.ErrnoException: open failed: ENOENT (No such file or directory)
05-19 10:27:02.388    73    73 E Hyphenator: 	at libcore.io.Posix.open(Native Method)
05-19 10:27:02.388    73    73 E Hyphenator: 	at libcore.io.BlockGuardOs.open(BlockGuardOs.java:186)
05-19 10:27:02.388    73    73 E Hyphenator: 	at libcore.io.IoBridge.open(IoBridge.java:438)
05-19 10:27:02.388    73    73 E Hyphenator: 	... 7 more
05-19 10:27:02.391    73    73 E Hyphenator: error loading hyphenation /system/usr/hyphen-data/hyph-nn.pat.txt
05-19 10:27:02.391    73    73 E Hyphenator: java.io.FileNotFoundException: /system/usr/hyphen-data/hyph-nn.pat.txt: open failed: ENOENT (No such file or directory)
05-19 10:27:02.391    73    73 E Hyphenator: 	at libcore.io.IoBridge.open(IoBridge.java:452)
05-19 10:27:02.391    73    73 E Hyphenator: 	at libcore.io.IoUtils$FileReader.<init>(IoUtils.java:207)
05-19 10:27:02.391    73    73 E Hyphenator: 	at libcore.io.IoUtils.readFileAsString(IoUtils.java:114)
05-19 10:27:02.391    73    73 E Hyphenator: 	at android.text.Hyphenator.loadHyphenator(Hyphenator.java:96)
05-19 10:27:02.391    73    73 E Hyphenator: 	at android.text.Hyphenator.init(Hyphenator.java:154)
05-19 10:27:02.391    73    73 E Hyphenator: 	at com.android.internal.os.ZygoteInit.preloadTextResources(ZygoteInit.java:207)
05-19 10:27:02.391    73    73 E Hyphenator: 	at com.android.internal.os.ZygoteInit.preload(ZygoteInit.java:186)
05-19 10:27:02.391    73    73 E Hyphenator: 	at com.android.internal.os.ZygoteInit.main(ZygoteInit.java:593)
05-19 10:27:02.391    73    73 E Hyphenator: Caused by: android.system.ErrnoException: open failed: ENOENT (No such file or directory)
05-19 10:27:02.391    73    73 E Hyphenator: 	at libcore.io.Posix.open(Native Method)
05-19 10:27:02.391    73    73 E Hyphenator: 	at libcore.io.BlockGuardOs.open(BlockGuardOs.java:186)
05-19 10:27:02.391    73    73 E Hyphenator: 	at libcore.io.IoBridge.open(IoBridge.java:438)
05-19 10:27:02.391    73    73 E Hyphenator: 	... 7 more
05-19 10:27:02.393    73    73 E Hyphenator: error loading hyphenation /system/usr/hyphen-data/hyph-sa.pat.txt
05-19 10:27:02.393    73    73 E Hyphenator: java.io.FileNotFoundException: /system/usr/hyphen-data/hyph-sa.pat.txt: open failed: ENOENT (No such file or directory)
05-19 10:27:02.393    73    73 E Hyphenator: 	at libcore.io.IoBridge.open(IoBridge.java:452)
05-19 10:27:02.393    73    73 E Hyphenator: 	at libcore.io.IoUtils$FileReader.<init>(IoUtils.java:207)
05-19 10:27:02.393    73    73 E Hyphenator: 	at libcore.io.IoUtils.readFileAsString(IoUtils.java:114)
05-19 10:27:02.393    73    73 E Hyphenator: 	at android.text.Hyphenator.loadHyphenator(Hyphenator.java:96)
05-19 10:27:02.393    73    73 E Hyphenator: 	at android.text.Hyphenator.init(Hyphenator.java:154)
05-19 10:27:02.393    73    73 E Hyphenator: 	at com.android.internal.os.ZygoteInit.preloadTextResources(ZygoteInit.java:207)
05-19 10:27:02.393    73    73 E Hyphenator: 	at com.android.internal.os.ZygoteInit.preload(ZygoteInit.java:186)
05-19 10:27:02.393    73    73 E Hyphenator: 	at com.android.internal.os.ZygoteInit.main(ZygoteInit.java:593)
05-19 10:27:02.393    73    73 E Hyphenator: Caused by: android.system.ErrnoException: open failed: ENOENT (No such file or directory)
05-19 10:27:02.393    73    73 E Hyphenator: 	at libcore.io.Posix.open(Native Method)
05-19 10:27:02.393    73    73 E Hyphenator: 	at libcore.io.BlockGuardOs.open(BlockGuardOs.java:186)
05-19 10:27:02.393    73    73 E Hyphenator: 	at libcore.io.IoBridge.open(IoBridge.java:438)
05-19 10:27:02.393    73    73 E Hyphenator: 	... 7 more
05-19 10:27:02.469    73    73 E Hyphenator: error loading hyphenation /system/usr/hyphen-data/hyph-und-ethi.pat.txt
05-19 10:27:02.469    73    73 E Hyphenator: java.io.FileNotFoundException: /system/usr/hyphen-data/hyph-und-ethi.pat.txt: open failed: ENOENT (No such file or directory)
05-19 10:27:02.469    73    73 E Hyphenator: 	at libcore.io.IoBridge.open(IoBridge.java:452)
05-19 10:27:02.469    73    73 E Hyphenator: 	at libcore.io.IoUtils$FileReader.<init>(IoUtils.java:207)
05-19 10:27:02.469    73    73 E Hyphenator: 	at libcore.io.IoUtils.readFileAsString(IoUtils.java:114)
05-19 10:27:02.469    73    73 E Hyphenator: 	at android.text.Hyphenator.loadHyphenator(Hyphenator.java:96)
05-19 10:27:02.469    73    73 E Hyphenator: 	at android.text.Hyphenator.init(Hyphenator.java:154)
05-19 10:27:02.469    73    73 E Hyphenator: 	at com.android.internal.os.ZygoteInit.preloadTextResources(ZygoteInit.java:207)
05-19 10:27:02.469    73    73 E Hyphenator: 	at com.android.internal.os.ZygoteInit.preload(ZygoteInit.java:186)
05-19 10:27:02.469    73    73 E Hyphenator: 	at com.android.internal.os.ZygoteInit.main(ZygoteInit.java:593)
05-19 10:27:02.469    73    73 E Hyphenator: Caused by: android.system.ErrnoException: open failed: ENOENT (No such file or directory)
05-19 10:27:02.469    73    73 E Hyphenator: 	at libcore.io.Posix.open(Native Method)
05-19 10:27:02.469    73    73 E Hyphenator: 	at libcore.io.BlockGuardOs.open(BlockGuardOs.java:186)
05-19 10:27:02.469    73    73 E Hyphenator: 	at libcore.io.IoBridge.open(IoBridge.java:438)
05-19 10:27:02.469    73    73 E Hyphenator: 	... 7 more
05-19 10:27:02.532    73    73 D Zygote  : end preload
05-19 10:27:02.533    73    73 I art     : Starting a blocking GC Explicit
05-19 10:27:02.738    73    73 I art     : Explicit concurrent mark sweep GC freed 7390(1124KB) AllocSpace objects, 19(376KB) LOS objects, 66% free, 1243KB/3MB, paused 994us total 188.568ms
05-19 10:27:02.918    73    73 I art     : Starting a blocking GC Explicit
05-19 10:27:03.070    73    73 I art     : Explicit concurrent mark sweep GC freed 472(21KB) AllocSpace objects, 0(0B) LOS objects, 66% free, 1222KB/3MB, paused 949us total 149.943ms
05-19 10:27:03.074    73   280 I art     : Starting a blocking GC HeapTrim
05-19 10:27:03.265    73    73 I art     : Starting a blocking GC Background
05-19 10:27:03.545    73    73 I art     : Background concurrent mark sweep GC freed 82(3KB) AllocSpace objects, 0(0B) LOS objects, 66% free, 1221KB/3MB, paused 820us total 279.192ms
05-19 10:27:04.609    73    73 I Zygote  : System server process 358 has been created
05-19 10:27:04.818    73    73 I Zygote  : Accepting command socket connections
05-19 10:27:05.389   358   358 I InstallerConnection: connecting...
05-19 10:27:05.434    71    71 I installd: new connection
05-19 10:27:05.506   358   358 I InstallerConnection: disconnecting...
05-19 10:27:05.507    71    71 E installd: eof
05-19 10:27:05.507    71    71 E installd: failed to read size
05-19 10:27:05.517    71    71 I installd: closing connection
05-19 10:27:06.226   358   358 I SystemServer: Entered the Android system server!
05-19 10:27:07.851   358   358 I SystemServiceManager: Starting com.android.server.pm.Installer
05-19 10:27:08.046   358   358 I Installer: Waiting for installd to be ready.
05-19 10:27:08.047   358   358 I InstallerConnection: connecting...
05-19 10:27:08.076    71    71 I installd: new connection
05-19 10:27:08.106   358   358 I SystemServiceManager: Starting com.android.server.am.ActivityManagerService$Lifecycle
05-19 10:27:08.542   358   358 I ActivityManager: Memory class: 48
05-19 10:27:08.579   358   377 I ServiceThread: Enabled StrictMode logging for ActivityManager looper.
05-19 10:27:08.603   358   378 I ServiceThread: Enabled StrictMode logging for android.ui looper.
05-19 10:27:08.814   358   358 D BatteryStatsImpl: Reading daily items from /data/system/batterystats-daily.xml
05-19 10:27:08.989   358   358 I AppOps  : No existing app ops /data/system/appops.xml; starting empty
05-19 10:27:09.558   358   358 I IntentFirewall: Read new rules (A:0 B:0 S:0)
05-19 10:27:09.875   358   384 I ServiceThread: Enabled StrictMode logging for android.display looper.
05-19 10:27:10.140   358   358 D AppOps  : AppOpsService published
05-19 10:27:10.141   358   358 I SystemServiceManager: Starting com.android.server.power.PowerManagerService
05-19 10:27:10.392   358   386 I ServiceThread: Enabled StrictMode logging for PowerManagerService looper.
05-19 10:27:10.494   358   358 W libsuspend: Error writing 'on' to /sys/power/state: Invalid argument
05-19 10:27:10.495   358   358 I libsuspend: Selected wakeup count
05-19 10:27:10.614   358   358 I SystemServiceManager: Starting com.android.server.lights.LightsService
05-19 10:27:10.650    66    66 W netd    : type=1400 audit(0.0:4): avc: denied { sys_module } for capability=16 scontext=u:r:netd:s0 tcontext=u:r:netd:s0 tclass=capability permissive=0
05-19 10:27:10.657   358   358 I SystemServiceManager: Starting com.android.server.display.DisplayManagerService
05-19 10:27:10.698    66    66 E Netd    : cannot find interface dummy0
05-19 10:27:10.733   358   358 I SystemServiceManager: Starting phase 100
05-19 10:27:10.745    66    66 D MDnsDS  : MDnsSdListener::Hander starting up
05-19 10:27:10.753    59    93 E SurfaceFlinger: ro.sf.lcd_density must be defined as a build property
05-19 10:27:10.759    66   394 D MDnsDS  : MDnsSdListener starting to monitor
05-19 10:27:10.759    66   394 D MDnsDS  : Going to poll with pollCount 1
05-19 10:27:10.842   358   384 I DisplayManagerService: Display device added: DisplayDeviceInfo{"Built-in Screen": uniqueId="local:0", 480 x 800, modeId 1, defaultModeId 1, supportedModes [{id=1, width=480, height=800, fps=260.416}], density 240, 240.0 x 240.0 dpi, appVsyncOff 0, presDeadline 4840010, touch INTERNAL, rotation 0, type BUILT_IN, state UNKNOWN, FLAG_DEFAULT_DISPLAY, FLAG_ROTATES_WITH_CONTENT, FLAG_SECURE, FLAG_SUPPORTS_PROTECTED_BUFFERS}
05-19 10:27:10.895    59    59 D SurfaceFlinger: Set power mode=2, type=0 flinger=0xb6a64000
05-19 10:27:10.896    59    59 D SurfaceFlinger: Screen type=0 is already mode=2
05-19 10:27:10.902   358   358 I SystemServer: Package Manager
05-19 10:27:10.913   358   384 I DisplayManagerService: Display device changed state: "Built-in Screen", ON
05-19 10:27:11.093   358   358 W SELinuxMMAC: Error opening /data/system/seapp_hash. Assuming first boot.
05-19 10:27:11.145   358   358 W FileUtils: Failed to chmod(/data/system/packages.list): android.system.ErrnoException: chmod failed: ENOENT (No such file or directory)
05-19 10:27:11.177   358   358 W SystemConfig: No directory /system/etc/sysconfig, skipping
05-19 10:27:11.689   358   358 D SELinuxMMAC: Using policy file /system/etc/security/mac_permissions.xml
05-19 10:27:11.769   358   358 I PackageManager: No settings file; creating initial state
05-19 10:27:11.932   358   358 E art     : DexFile_getDexOptNeeded file '/system/framework/org.apache.http.legacy.jar' does not exist
05-19 10:27:11.934   358   358 W PackageManager: Library not found: /system/framework/org.apache.http.legacy.jar
05-19 10:27:12.127   358   358 D PackageManager: No files in app dir /vendor/overlay
05-19 10:27:12.165   358   358 W PackageManager: Failed to parse /system/framework/arm: Missing base APK in /system/framework/arm
05-19 10:27:12.410   358   358 I PackageManager: /system/framework/framework-res.apk changed; collecting certs
05-19 10:27:13.028   358   368 I art     : Background sticky concurrent mark sweep GC freed 5582(642KB) AllocSpace objects, 23(1508KB) LOS objects, 0% free, 3MB/3MB, paused 3.528ms total 482.485ms
05-19 10:27:13.193   358   368 I art     : Background partial concurrent mark sweep GC freed 903(59KB) AllocSpace objects, 3(1788KB) LOS objects, 33% free, 3MB/5MB, paused 3.565ms total 141.724ms
05-19 10:27:15.960   358   368 I art     : Background sticky concurrent mark sweep GC freed 15178(911KB) AllocSpace objects, 0(0B) LOS objects, 12% free, 4MB/5MB, paused 2.038ms total 454.735ms
05-19 10:27:17.090   358   368 I art     : Background partial concurrent mark sweep GC freed 7894(488KB) AllocSpace objects, 1(1024KB) LOS objects, 33% free, 4MB/6MB, paused 4.209ms total 490.900ms
05-19 10:27:18.373   358   368 I art     : Background sticky concurrent mark sweep GC freed 18568(1047KB) AllocSpace objects, 0(0B) LOS objects, 10% free, 5MB/6MB, paused 2.613ms total 347.402ms
05-19 10:27:19.383   358   368 I art     : Background partial concurrent mark sweep GC freed 5848(421KB) AllocSpace objects, 0(0B) LOS objects, 33% free, 5MB/8MB, paused 1.993ms total 350.167ms
05-19 10:27:21.441   358   368 I art     : Background sticky concurrent mark sweep GC freed 19931(1362KB) AllocSpace objects, 2(748KB) LOS objects, 23% free, 6MB/8MB, paused 15.122ms total 173.874ms
05-19 10:27:22.984   358   368 I art     : Background sticky concurrent mark sweep GC freed 17399(1099KB) AllocSpace objects, 0(0B) LOS objects, 11% free, 7MB/8MB, paused 2.788ms total 161.413ms
05-19 10:27:23.396   358   368 I art     : Background sticky concurrent mark sweep GC freed 8676(547KB) AllocSpace objects, 0(0B) LOS objects, 5% free, 7MB/8MB, paused 3.252ms total 129.854ms
05-19 10:27:24.060   358   368 I art     : Background partial concurrent mark sweep GC freed 4237(333KB) AllocSpace objects, 1(16KB) LOS objects, 31% free, 8MB/12MB, paused 2.417ms total 412.593ms
05-19 10:27:25.100   358   368 I art     : Background partial concurrent mark sweep GC freed 115943(6MB) AllocSpace objects, 5(3MB) LOS objects, 33% free, 3MB/5MB, paused 2.842ms total 425.011ms
05-19 10:27:25.839   358   368 I art     : Background sticky concurrent mark sweep GC freed 19706(1154KB) AllocSpace objects, 0(0B) LOS objects, 18% free, 4MB/5MB, paused 2.877ms total 232.091ms
05-19 10:27:26.440   358   368 I art     : Background partial concurrent mark sweep GC freed 12223(713KB) AllocSpace objects, 0(0B) LOS objects, 33% free, 5MB/8MB, paused 2.385ms total 271.993ms
05-19 10:27:28.173   358   368 I art     : Background sticky concurrent mark sweep GC freed 20189(1333KB) AllocSpace objects, 2(748KB) LOS objects, 23% free, 6MB/8MB, paused 2.663ms total 164.634ms
05-19 10:27:29.106   358   368 I art     : Background sticky concurrent mark sweep GC freed 17697(1139KB) AllocSpace objects, 0(0B) LOS objects, 10% free, 7MB/8MB, paused 2.239ms total 278.466ms
05-19 10:27:29.955   358   368 I art     : Background partial concurrent mark sweep GC freed 12293(859KB) AllocSpace objects, 0(0B) LOS objects, 33% free, 7MB/11MB, paused 3.005ms total 433.123ms
05-19 10:27:30.528   358   358 W PackageManager: Failed to parse /system/framework/oat: Missing base APK in /system/framework/oat
05-19 10:27:30.556   358   358 I PackageManager: /system/priv-app/BackupRestoreConfirmation changed; collecting certs
05-19 10:27:30.792   358   358 I PackageManager: /system/priv-app/CalendarProvider changed; collecting certs
05-19 10:27:30.935   358   358 I PackageManager: New shared user android.uid.calendar: id=10001
05-19 10:27:31.149   358   358 W PackageParser: No actions in intent filter at /system/priv-app/Contacts/Contacts.apk Binary XML file line #388
05-19 10:27:31.178   358   358 I PackageManager: /system/priv-app/Contacts changed; collecting certs
05-19 10:27:31.632   358   368 I art     : Background sticky concurrent mark sweep GC freed 22348(1492KB) AllocSpace objects, 14(1072KB) LOS objects, 20% free, 9MB/11MB, paused 2.732ms total 224.115ms
05-19 10:27:33.210   358   368 I art     : Background sticky concurrent mark sweep GC freed 21289(1349KB) AllocSpace objects, 2(232KB) LOS objects, 11% free, 10MB/11MB, paused 2.884ms total 274.128ms
05-19 10:27:33.866   358   368 I art     : Background partial concurrent mark sweep GC freed 142381(7MB) AllocSpace objects, 12(2MB) LOS objects, 33% free, 2MB/3MB, paused 3.424ms total 409.231ms
05-19 10:27:34.227   358   368 I art     : Background sticky concurrent mark sweep GC freed 12399(772KB) AllocSpace objects, 0(0B) LOS objects, 27% free, 2MB/3MB, paused 3.687ms total 108.592ms
05-19 10:27:35.204   358   368 I art     : Background partial concurrent mark sweep GC freed 9909(642KB) AllocSpace objects, 4(552KB) LOS objects, 33% free, 3MB/4MB, paused 2.967ms total 190.030ms
05-19 10:27:35.473   358   358 I PackageManager: New shared user android.uid.shared: id=10002
05-19 10:27:35.569   358   358 I PackageManager: /system/priv-app/ContactsProvider changed; collecting certs
05-19 10:27:35.722   358   358 I PackageManager: /system/priv-app/DefaultContainerService changed; collecting certs
05-19 10:27:36.108   358   368 I art     : Background sticky concurrent mark sweep GC freed 14660(987KB) AllocSpace objects, 4(80KB) LOS objects, 24% free, 3MB/4MB, paused 32.524ms total 296.447ms
05-19 10:27:36.158   358   358 W PackageParser: No actions in intent filter at /system/priv-app/Dialer/Dialer.apk Binary XML file line #172
05-19 10:27:36.179   358   358 I PackageManager: /system/priv-app/Dialer changed; collecting certs
05-19 10:27:36.578   358   368 I art     : Background partial concurrent mark sweep GC freed 31477(1815KB) AllocSpace objects, 11(1140KB) LOS objects, 33% free, 2MB/3MB, paused 2.711ms total 250.030ms
05-19 10:27:37.185   358   368 I art     : Background sticky concurrent mark sweep GC freed 10487(623KB) AllocSpace objects, 0(0B) LOS objects, 14% free, 2MB/3MB, paused 4.296ms total 128.481ms
05-19 10:27:37.688   358   368 I art     : Background partial concurrent mark sweep GC freed 4542(325KB) AllocSpace objects, 1(256KB) LOS objects, 33% free, 2MB/3MB, paused 2.136ms total 151.539ms
05-19 10:27:38.315   358   368 W art     : Suspending all threads took: 11.946ms
05-19 10:27:38.386   358   368 I art     : Background sticky concurrent mark sweep GC freed 9798(625KB) AllocSpace objects, 2(240KB) LOS objects, 18% free, 3MB/3MB, paused 14.740ms total 180.515ms
05-19 10:27:38.961   358   368 I art     : Background partial concurrent mark sweep GC freed 37319(2MB) AllocSpace objects, 5(628KB) LOS objects, 33% free, 2MB/3MB, paused 2.141ms total 189.364ms
05-19 10:27:39.322   358   368 I art     : Background sticky concurrent mark sweep GC freed 7149(455KB) AllocSpace objects, 5(496KB) LOS objects, 26% free, 2MB/3MB, paused 2.647ms total 114.490ms
05-19 10:27:39.808   358   368 I art     : Background partial concurrent mark sweep GC freed 7579(476KB) AllocSpace objects, 2(288KB) LOS objects, 33% free, 2MB/3MB, paused 2.041ms total 144.678ms
05-19 10:27:41.044   358   368 I art     : Background sticky concurrent mark sweep GC freed 10321(670KB) AllocSpace objects, 2(240KB) LOS objects, 20% free, 3MB/3MB, paused 5.060ms total 229.884ms
05-19 10:27:41.716   358   358 I PackageManager: /system/priv-app/DownloadProvider changed; collecting certs
05-19 10:27:41.878   358   368 I art     : Background partial concurrent mark sweep GC freed 6343(434KB) AllocSpace objects, 1(220KB) LOS objects, 33% free, 3MB/5MB, paused 4.368ms total 413.818ms
05-19 10:27:41.982   358   358 I PackageManager: New shared user android.media: id=10005
05-19 10:27:42.065   358   358 W PackageManager: Permission android.permission.DOWNLOAD_WITHOUT_NOTIFICATION from package com.android.providers.downloads in an unknown group android.permission-group.NETWORK
05-19 10:27:42.134   358   358 I PackageManager: /system/priv-app/ExternalStorageProvider changed; collecting certs
05-19 10:27:42.485   358   358 I PackageManager: /system/priv-app/FusedLocation changed; collecting certs
05-19 10:27:42.854   358   358 I PackageManager: /system/priv-app/InputDevices changed; collecting certs
05-19 10:27:43.400   358   358 I PackageManager: /system/priv-app/Launcher3 changed; collecting certs
05-19 10:27:43.798   358   368 I art     : Background sticky concurrent mark sweep GC freed 17803(1263KB) AllocSpace objects, 12(256KB) LOS objects, 30% free, 3MB/5MB, paused 3.476ms total 231.888ms
05-19 10:27:44.950   358   358 I PackageManager: /system/priv-app/ManagedProvisioning changed; collecting certs
05-19 10:27:45.288   358   368 I art     : Background partial concurrent mark sweep GC freed 53983(3MB) AllocSpace objects, 15(552KB) LOS objects, 36% free, 1815KB/2MB, paused 2.316ms total 282.406ms
05-19 10:27:45.385   358   358 I PackageManager: /system/priv-app/MediaProvider changed; collecting certs
05-19 10:27:45.508   358   358 I PackageManager: /system/priv-app/MmsService changed; collecting certs
05-19 10:27:45.665   358   358 I PackageManager: /system/priv-app/PackageInstaller changed; collecting certs
05-19 10:27:46.288   358   368 W art     : Suspending all threads took: 7.536ms
05-19 10:27:46.347   358   368 I art     : Background sticky concurrent mark sweep GC freed 7428(452KB) AllocSpace objects, 2(76KB) LOS objects, 14% free, 2MB/2MB, paused 22.758ms total 163.342ms
05-19 10:27:46.616   358   368 I art     : Background partial concurrent mark sweep GC freed 13495(824KB) AllocSpace objects, 11(400KB) LOS objects, 36% free, 1815KB/2MB, paused 2.449ms total 197.496ms
05-19 10:27:47.664   358   358 I PackageManager: /system/priv-app/ProxyHandler changed; collecting certs
05-19 10:27:47.948   358   368 I art     : Background sticky concurrent mark sweep GC freed 10316(651KB) AllocSpace objects, 3(96KB) LOS objects, 21% free, 2MB/2MB, paused 7.158ms total 321.006ms
05-19 10:27:48.287   358   358 W PackageParser: Ignoring duplicate uses-permissions/uses-permissions-sdk-m: android.permission.USE_CREDENTIALS in package: com.android.settings at: Binary XML file line #55
05-19 10:27:48.289   358   358 W PackageParser: Ignoring duplicate uses-permissions/uses-permissions-sdk-m: android.permission.READ_SYNC_SETTINGS in package: com.android.settings at: Binary XML file line #60
05-19 10:27:48.289   358   358 W PackageParser: Ignoring duplicate uses-permissions/uses-permissions-sdk-m: android.permission.WRITE_SYNC_SETTINGS in package: com.android.settings at: Binary XML file line #61
05-19 10:27:48.791   358   358 I PackageManager: /system/priv-app/Settings changed; collecting certs
05-19 10:27:48.967   358   368 W art     : Suspending all threads took: 9.000ms
05-19 10:27:49.054   358   368 I art     : Background partial concurrent mark sweep GC freed 10423(673KB) AllocSpace objects, 11(544KB) LOS objects, 33% free, 2MB/4MB, paused 11.565ms total 214.627ms
05-19 10:27:49.967   358   368 I art     : Background sticky concurrent mark sweep GC freed 10488(632KB) AllocSpace objects, 0(0B) LOS objects, 21% free, 3MB/4MB, paused 2.154ms total 109.442ms
05-19 10:27:50.451   358   368 I art     : Background partial concurrent mark sweep GC freed 8353(537KB) AllocSpace objects, 5(804KB) LOS objects, 33% free, 2MB/4MB, paused 2.344ms total 223.448ms
05-19 10:27:50.862   358   368 I art     : Background sticky concurrent mark sweep GC freed 4121(282KB) AllocSpace objects, 9(736KB) LOS objects, 18% free, 3MB/4MB, paused 2.643ms total 119.933ms
05-19 10:27:51.422   358   368 I art     : Background partial concurrent mark sweep GC freed 28822(1580KB) AllocSpace objects, 3(532KB) LOS objects, 33% free, 2MB/3MB, paused 2.756ms total 188.703ms
05-19 10:27:52.372   358   358 I PackageManager: /system/priv-app/SettingsProvider changed; collecting certs
05-19 10:27:52.584   358   358 I PackageManager: /system/priv-app/SharedStorageBackup changed; collecting certs
05-19 10:27:52.839   358   358 W PackageParser: Ignoring duplicate uses-permissions/uses-permissions-sdk-m: android.permission.INSTALL_GRANT_RUNTIME_PERMISSIONS in package: com.android.shell at: Binary XML file line #99
05-19 10:27:52.843   358   358 I PackageManager: /system/priv-app/Shell changed; collecting certs
05-19 10:27:52.988   358   368 I art     : Background partial concurrent mark sweep GC freed 31341(1830KB) AllocSpace objects, 6(356KB) LOS objects, 34% free, 1910KB/2MB, paused 2.422ms total 303.262ms
05-19 10:27:53.127   358   358 I PackageManager: /system/priv-app/StatementService changed; collecting certs
05-19 10:27:53.309   358   358 W PackageParser: Ignoring duplicate uses-permissions/uses-permissions-sdk-m: android.permission.CONFIGURE_WIFI_DISPLAY in package: com.android.systemui at: Binary XML file line #119
05-19 10:27:53.331   358   358 I PackageManager: /system/priv-app/SystemUI changed; collecting certs
05-19 10:27:53.971   358   368 I art     : Background partial concurrent mark sweep GC freed 8467(500KB) AllocSpace objects, 2(208KB) LOS objects, 33% free, 2MB/3MB, paused 2.198ms total 163.740ms
05-19 10:27:54.887   358   368 W art     : Suspending all threads took: 28.675ms
05-19 10:27:54.972   358   368 I art     : Background partial concurrent mark sweep GC freed 18635(1043KB) AllocSpace objects, 4(304KB) LOS objects, 33% free, 2MB/3MB, paused 31.571ms total 241.706ms
05-19 10:27:55.227   358   358 I PackageManager: New shared user android.uid.systemui: id=10013
05-19 10:27:55.400   358   358 I PackageManager: /system/priv-app/TeleService changed; collecting certs
05-19 10:27:55.733   358   368 I art     : Background sticky concurrent mark sweep GC freed 10402(695KB) AllocSpace objects, 6(140KB) LOS objects, 12% free, 3MB/3MB, paused 2.507ms total 200.961ms
05-19 10:27:56.050   358   368 I art     : Background partial concurrent mark sweep GC freed 21496(1233KB) AllocSpace objects, 12(444KB) LOS objects, 33% free, 2MB/3MB, paused 2.061ms total 180.542ms
05-19 10:27:56.099   358   358 I PackageManager: /system/priv-app/Telecom changed; collecting certs
05-19 10:27:56.401   358   358 I PackageManager: /system/priv-app/TelephonyProvider changed; collecting certs
05-19 10:27:56.618   358   358 I PackageManager: /system/priv-app/VpnDialogs changed; collecting certs
05-19 10:27:56.788   358   368 I art     : Background sticky concurrent mark sweep GC freed 11490(805KB) AllocSpace objects, 4(80KB) LOS objects, 27% free, 2MB/3MB, paused 2.337ms total 123.759ms
05-19 10:27:56.942   358   358 I PackageManager: /system/app/BackupTestApp changed; collecting certs
05-19 10:27:57.058   358   358 I PackageManager: /system/app/BasicDreams changed; collecting certs
05-19 10:27:57.263   358   358 I PackageManager: /system/app/Browser changed; collecting certs
05-19 10:27:57.448   358   368 I art     : Background partial concurrent mark sweep GC freed 14975(1027KB) AllocSpace objects, 13(328KB) LOS objects, 33% free, 2MB/3MB, paused 2.702ms total 176.795ms
05-19 10:27:57.944   358   368 I art     : Background sticky concurrent mark sweep GC freed 8454(523KB) AllocSpace objects, 8(284KB) LOS objects, 22% free, 2MB/3MB, paused 2.498ms total 141.289ms
05-19 10:27:58.403   358   358 I PackageManager: /system/app/Calculator changed; collecting certs
05-19 10:27:58.668   358   368 I art     : Background partial concurrent mark sweep GC freed 20848(1214KB) AllocSpace objects, 8(296KB) LOS objects, 34% free, 1969KB/2MB, paused 3.060ms total 228.928ms
05-19 10:27:59.099   358   358 I PackageManager: /system/app/Calendar changed; collecting certs
05-19 10:27:59.758   358   368 I art     : Background partial concurrent mark sweep GC freed 7645(481KB) AllocSpace objects, 3(108KB) LOS objects, 33% free, 2MB/3MB, paused 2.693ms total 196.952ms
05-19 10:28:00.321   358   368 I art     : Background sticky concurrent mark sweep GC freed 5385(365KB) AllocSpace objects, 7(352KB) LOS objects, 21% free, 2MB/3MB, paused 2.040ms total 133.215ms
05-19 10:28:00.797   358   358 I PackageManager: /system/app/CaptivePortalLogin changed; collecting certs
05-19 10:28:00.877   358   368 I art     : Background partial concurrent mark sweep GC freed 15835(951KB) AllocSpace objects, 4(220KB) LOS objects, 33% free, 2MB/3MB, paused 2.002ms total 191.902ms
05-19 10:28:00.967   358   358 I PackageManager: /system/app/CertInstaller changed; collecting certs
05-19 10:28:01.100   358   358 I PackageManager: /system/app/CustomLocale changed; collecting certs
05-19 10:28:01.284   358   358 I PackageManager: /system/app/DeskClock changed; collecting certs
05-19 10:28:01.449   358   368 I art     : Background sticky concurrent mark sweep GC freed 11281(796KB) AllocSpace objects, 12(440KB) LOS objects, 22% free, 3MB/3MB, paused 2.401ms total 130.356ms
05-19 10:28:02.300   358   368 I art     : Background partial concurrent mark sweep GC freed 19101(1112KB) AllocSpace objects, 4(292KB) LOS objects, 33% free, 2MB/4MB, paused 2.208ms total 296.180ms
05-19 10:28:03.318   358   368 I art     : Background partial concurrent mark sweep GC freed 22830(1315KB) AllocSpace objects, 6(416KB) LOS objects, 33% free, 2MB/4MB, paused 2.434ms total 234.306ms
05-19 10:28:03.551   358   358 I PackageManager: /system/app/Development changed; collecting certs
05-19 10:28:03.840   358   358 I PackageManager: /system/app/DevelopmentSettings changed; collecting certs
05-19 10:28:04.045   358   358 I PackageManager: /system/app/DocumentsUI changed; collecting certs
05-19 10:28:04.148   358   368 W art     : Suspending all threads took: 8.380ms
05-19 10:28:04.178   358   368 I art     : Background sticky concurrent mark sweep GC freed 13901(1021KB) AllocSpace objects, 7(144KB) LOS objects, 25% free, 2MB/4MB, paused 11.159ms total 112.315ms
05-19 10:28:04.896   358   358 I PackageManager: /system/app/DownloadProviderUi changed; collecting certs
05-19 10:28:05.153   358   358 W PackageParser: Ignoring duplicate uses-permissions/uses-permissions-sdk-m: android.permission.WRITE_CONTACTS in package: com.android.email at: Binary XML file line #40
05-19 10:28:05.203   358   368 I art     : Background partial concurrent mark sweep GC freed 30483(1763KB) AllocSpace objects, 10(396KB) LOS objects, 33% free, 2030KB/2MB, paused 2.066ms total 254.341ms
05-19 10:28:05.241   358   358 I PackageManager: /system/app/Email changed; collecting certs
05-19 10:28:05.836   358   368 I art     : Background partial concurrent mark sweep GC freed 6238(380KB) AllocSpace objects, 1(20KB) LOS objects, 33% free, 2MB/4MB, paused 2.173ms total 209.008ms
05-19 10:28:06.778   358   368 I art     : Background sticky concurrent mark sweep GC freed 11788(743KB) AllocSpace objects, 2(148KB) LOS objects, 20% free, 3MB/4MB, paused 2.061ms total 118.027ms
05-19 10:28:07.035   358   368 I art     : Background partial concurrent mark sweep GC freed 20411(1137KB) AllocSpace objects, 10(724KB) LOS objects, 33% free, 2MB/3MB, paused 2.356ms total 185.664ms
05-19 10:28:07.846   358   368 I art     : Background sticky concurrent mark sweep GC freed 11914(720KB) AllocSpace objects, 2(148KB) LOS objects, 18% free, 2MB/3MB, paused 3.380ms total 238.166ms
05-19 10:28:08.428   358   368 I art     : Background partial concurrent mark sweep GC freed 6438(435KB) AllocSpace objects, 0(0B) LOS objects, 33% free, 3MB/4MB, paused 2.514ms total 265.341ms
05-19 10:28:08.489   358   358 I PackageManager: /system/app/EmulatorSmokeTests changed; collecting certs
05-19 10:28:08.664   358   358 I PackageManager: /system/app/Exchange2 changed; collecting certs
05-19 10:28:08.837   358   358 I PackageManager: /system/app/Fallback changed; collecting certs
05-19 10:28:08.993   358   358 I PackageManager: /system/app/Gallery changed; collecting certs
05-19 10:28:09.279   358   368 I art     : Background sticky concurrent mark sweep GC freed 15927(1116KB) AllocSpace objects, 11(220KB) LOS objects, 24% free, 3MB/4MB, paused 3.769ms total 157.709ms
05-19 10:28:09.601   358   358 I PackageManager: /system/app/HTMLViewer changed; collecting certs
05-19 10:28:09.756   358   358 I PackageManager: /system/app/KeyChain changed; collecting certs
05-19 10:28:10.119   358   358 I PackageManager: /system/app/LatinIME changed; collecting certs
05-19 10:28:10.539   358   368 I art     : Background partial concurrent mark sweep GC freed 35690(2MB) AllocSpace objects, 23(1160KB) LOS objects, 33% free, 3MB/4MB, paused 2.948ms total 363.085ms
05-19 10:28:11.272   358   368 I art     : Background sticky concurrent mark sweep GC freed 12255(749KB) AllocSpace objects, 0(0B) LOS objects, 21% free, 3MB/4MB, paused 2.481ms total 145.125ms
05-19 10:28:12.078   358   368 I art     : Background partial concurrent mark sweep GC freed 9522(627KB) AllocSpace objects, 13(1224KB) LOS objects, 33% free, 4MB/6MB, paused 2.079ms total 303.962ms
05-19 10:28:12.957   358   368 I art     : Background sticky concurrent mark sweep GC freed 15662(970KB) AllocSpace objects, 2(168KB) LOS objects, 21% free, 4MB/6MB, paused 2.398ms total 156.920ms
05-19 10:28:13.399   358   358 I PackageManager: /system/app/LegacyCamera changed; collecting certs
05-19 10:28:13.817   358   368 I art     : Background partial concurrent mark sweep GC freed 49996(2MB) AllocSpace objects, 12(1176KB) LOS objects, 33% free, 2MB/3MB, paused 3.188ms total 343.926ms
05-19 10:28:14.668   358   368 I art     : Background sticky concurrent mark sweep GC freed 10474(675KB) AllocSpace objects, 9(444KB) LOS objects, 19% free, 3MB/3MB, paused 2.301ms total 123.770ms
05-19 10:28:15.328   358   368 I art     : Background partial concurrent mark sweep GC freed 18030(1049KB) AllocSpace objects, 6(488KB) LOS objects, 33% free, 2MB/4MB, paused 2.885ms total 321.368ms
05-19 10:28:15.574   358   358 I PackageManager: /system/app/LiveWallpapersPicker changed; collecting certs
05-19 10:28:15.895   358   358 I PackageManager: /system/app/Music changed; collecting certs
05-19 10:28:16.278   358   368 I art     : Background sticky concurrent mark sweep GC freed 12340(904KB) AllocSpace objects, 13(300KB) LOS objects, 22% free, 3MB/4MB, paused 2.684ms total 135.944ms
05-19 10:28:16.495   358   358 I PackageManager: /system/app/NetSpeed changed; collecting certs
05-19 10:28:16.635   358   358 I PackageManager: /system/app/OpenWnn changed; collecting certs
05-19 10:28:16.927   358   368 I art     : Background partial concurrent mark sweep GC freed 26707(1604KB) AllocSpace objects, 14(448KB) LOS objects, 33% free, 2MB/3MB, paused 2.650ms total 270.603ms
05-19 10:28:17.831   358   368 I art     : Background sticky concurrent mark sweep GC freed 9847(614KB) AllocSpace objects, 8(296KB) LOS objects, 22% free, 2MB/3MB, paused 2.161ms total 169.635ms
05-19 10:28:18.187   358   358 I PackageManager: /system/app/PacProcessor changed; collecting certs
