05-19 11:21:43.374   303   303 I PackageManager: /data/app/CubeLiveWallpapers changed; collecting certs
05-19 11:21:43.625   303   303 I PackageManager: /data/app/GestureBuilder changed; collecting certs
05-19 11:21:43.816   303   303 I PackageManager: /data/app/SmokeTest changed; collecting certs
05-19 11:21:43.953   303   303 I PackageManager: /data/app/SmokeTestApp changed; collecting certs
05-19 11:21:44.117   303   303 I PackageManager: /data/app/SoftKeyboard changed; collecting certs
05-19 11:21:44.211   303   314 I art     : Background sticky concurrent mark sweep GC freed 16076(1197KB) AllocSpace objects, 12(240KB) LOS objects, 28% free, 3MB/4MB, paused 2.266ms total 170.524ms
05-19 11:21:44.385   303   303 I PackageManager: /data/app/WidgetPreview changed; collecting certs
05-19 11:21:44.500   303   303 D PackageManager: No files in app dir /data/app-private
05-19 11:21:44.501   303   303 W PackageManager: Package com.android.camera desires unavailable shared library com.google.android.media.effects; ignoring!
05-19 11:21:44.501   303   303 W PackageManager: Package com.example.android.apis desires unavailable shared library com.example.will.never.exist; ignoring!
05-19 11:21:44.503   303   303 I PackageManager: Adjusting ABI for : com.android.server.telecom to armeabi-v7a
05-19 11:21:44.507   303   303 I PackageManager: Adjusting ABI for : com.android.inputdevices to armeabi-v7a
05-19 11:21:44.528   303   303 I PackageManager: Adjusting ABI for : com.android.keychain to armeabi-v7a
05-19 11:21:44.530   303   303 I PackageManager: Adjusting ABI for : com.android.settings to armeabi-v7a
05-19 11:21:44.531   303   303 I PackageManager: Adjusting ABI for : com.android.providers.settings to armeabi-v7a
05-19 11:21:44.533   303   303 I PackageManager: Adjusting ABI for : com.android.location.fused to armeabi-v7a
05-19 11:21:44.540   303   303 I PackageManager: Time to scan packages: 119.071 seconds
05-19 11:21:44.551   303   303 W PackageManager: Unknown permission com.google.android.googleapps.permission.GOOGLE_AUTH in package com.android.providers.calendar
05-19 11:21:44.551   303   303 W PackageManager: Unknown permission com.google.android.googleapps.permission.GOOGLE_AUTH.cl in package com.android.providers.calendar
05-19 11:21:44.552   303   303 W PackageManager: Unknown permission android.permission.USE_CREDENTIALS in package com.android.providers.calendar
05-19 11:21:44.552   303   303 W PackageManager: Unknown permission android.permission.MANAGE_ACCOUNTS in package com.android.providers.calendar
05-19 11:21:44.555   303   303 W PackageManager: Unknown permission android.permission.SUBSCRIBED_FEEDS_READ in package com.android.providers.calendar
05-19 11:21:44.555   303   303 W PackageManager: Unknown permission android.permission.SUBSCRIBED_FEEDS_WRITE in package com.android.providers.calendar
05-19 11:21:44.558   303   303 W PackageManager: Not granting permission android.permission.GLOBAL_SEARCH to package com.android.quicksearchbox (protectionLevel=18 flags=0x3808be45)
05-19 11:21:44.558   303   303 W PackageManager: Unknown permission com.android.browser.permission.READ_HISTORY_BOOKMARKS in package com.android.quicksearchbox
05-19 11:21:44.559   303   303 W PackageManager: Unknown permission android.permission.WRITE_SMS in package com.android.mms.service
05-19 11:21:44.566   303   303 W PackageManager: Not granting permission android.permission.ACCESS_DOWNLOAD_MANAGER to package com.android.browser (protectionLevel=18 flags=0x3809be45)
05-19 11:21:44.566   303   303 W PackageManager: Unknown permission android.permission.USE_CREDENTIALS in package com.android.browser
05-19 11:21:44.567   303   303 W PackageManager: Not granting permission android.permission.SEND_DOWNLOAD_COMPLETED_INTENTS to package com.android.browser (protectionLevel=2 flags=0x3809be45)
05-19 11:21:44.567   303   303 W PackageManager: Unknown permission android.permission.MANAGE_ACCOUNTS in package com.android.browser
05-19 11:21:44.568   303   303 W PackageManager: Unknown permission com.android.browser.permission.READ_HISTORY_BOOKMARKS in package com.android.browser
05-19 11:21:44.568   303   303 W PackageManager: Unknown permission com.android.browser.permission.WRITE_HISTORY_BOOKMARKS in package com.android.browser
05-19 11:21:44.572   303   303 W PackageManager: Unknown permission android.permission.MANAGE_ACCOUNTS in package com.android.contacts
05-19 11:21:44.572   303   303 W PackageManager: Unknown permission android.permission.USE_CREDENTIALS in package com.android.contacts
05-19 11:21:44.573   303   303 W PackageManager: Unknown permission com.android.launcher.permission.READ_SETTINGS in package com.android.launcher3
05-19 11:21:44.573   303   303 W PackageManager: Unknown permission com.android.launcher.permission.WRITE_SETTINGS in package com.android.launcher3
05-19 11:21:44.574   303   303 W PackageManager: Unknown permission android.permission.MANAGE_ACCOUNTS in package com.android.calendar
05-19 11:21:44.575   303   303 W PackageManager: Unknown permission android.permission.USE_CREDENTIALS in package com.android.calendar
05-19 11:21:44.575   303   303 W PackageManager: Unknown permission com.google.android.googleapps.permission.GOOGLE_AUTH.mail in package com.android.calendar
05-19 11:21:44.578   303   303 W PackageManager: Unknown permission android.permission.MANAGE_ACCOUNTS in package com.android.dialer
05-19 11:21:44.579   303   303 W PackageManager: Unknown permission android.permission.USE_CREDENTIALS in package com.android.dialer
05-19 11:21:44.583   303   303 W PackageManager: Not granting permission android.permission.DELETE_PACKAGES to package com.svox.pico (protectionLevel=18 flags=0x3808be45)
05-19 11:21:44.584   303   303 W PackageManager: Unknown permission android.permission.WRITE_SMS in package com.example.android.apis
05-19 11:21:44.584   303   303 W PackageManager: Unknown permission android.permission.USE_CREDENTIALS in package com.android.inputmethod.latin
05-19 11:21:44.585   303   303 W PackageManager: Unknown permission android.permission.MANAGE_ACCOUNTS in package com.android.managedprovisioning
05-19 11:21:44.591   303   303 W PackageManager: Unknown permission android.permission.USE_CREDENTIALS in package com.android.settings
05-19 11:21:44.591   303   303 W PackageManager: Unknown permission com.google.android.googleapps.permission.GOOGLE_AUTH in package com.android.settings
05-19 11:21:44.614   303   303 W PackageManager: Unknown permission com.android.launcher.permission.READ_SETTINGS in package com.android.settings
05-19 11:21:44.614   303   303 W PackageManager: Unknown permission com.android.launcher.permission.WRITE_SETTINGS in package com.android.settings
05-19 11:21:44.618   303   303 W PackageManager: Unknown permission android.permission.MANAGE_ACCOUNTS in package com.android.email
05-19 11:21:44.619   303   303 W PackageManager: Unknown permission android.permission.AUTHENTICATE_ACCOUNTS in package com.android.email
05-19 11:21:44.619   303   303 W PackageManager: Unknown permission android.permission.USE_CREDENTIALS in package com.android.email
05-19 11:21:44.624   303   303 W PackageManager: Unknown permission android.permission.WRITE_SMS in package com.android.phone
05-19 11:21:44.627   303   303 W PackageManager: Unknown permission com.android.smspush.WAPPUSH_MANAGER_BIND in package com.android.phone
05-19 11:21:44.629   303   303 W PackageManager: Unknown permission android.permission.AUTHENTICATE_ACCOUNTS in package com.android.phone
05-19 11:21:44.629   303   303 W PackageManager: Unknown permission android.permission.MANAGE_ACCOUNTS in package com.android.phone
05-19 11:21:44.649   303   303 W PackageManager: Unknown permission android.permission.MANAGE_ACCOUNTS in package com.android.systemui
05-19 11:21:44.651   303   303 W PackageManager: Unknown permission android.permission.MANAGE_ACCOUNTS in package com.android.exchange
05-19 11:21:44.652   303   303 W PackageManager: Unknown permission android.permission.AUTHENTICATE_ACCOUNTS in package com.android.exchange
05-19 11:21:44.652   303   303 W PackageManager: Unknown permission android.permission.USE_CREDENTIALS in package com.android.exchange
05-19 11:21:44.655   303   303 W PackageManager: Unknown permission android.permission.MANAGE_ACCOUNTS in package com.android.development
05-19 11:21:44.656   303   303 W PackageManager: Unknown permission android.permission.USE_CREDENTIALS in package com.android.development
05-19 11:21:44.656   303   303 W PackageManager: Unknown permission com.google.android.googleapps.permission.ACCESS_GOOGLE_PASSWORD in package com.android.development
05-19 11:21:44.656   303   303 W PackageManager: Unknown permission com.google.android.googleapps.permission.GOOGLE_AUTH in package com.android.development
05-19 11:21:44.657   303   303 W PackageManager: Unknown permission com.google.android.googleapps.permission.GOOGLE_AUTH.ALL_SERVICES in package com.android.development
05-19 11:21:44.657   303   303 W PackageManager: Unknown permission com.google.android.googleapps.permission.GOOGLE_AUTH.YouTubeUser in package com.android.development
05-19 11:21:44.658   303   303 W PackageManager: Not granting permission android.permission.BIND_APPWIDGET to package com.android.widgetpreview (protectionLevel=18 flags=0x1808be44)
05-19 11:21:45.238   303   303 I art     : Starting a blocking GC Explicit
05-19 11:21:45.241   303   321 W art     : Long monitor contention event with owner method=java.lang.String java.io.File.canonicalizePath(java.lang.String) from File.java:4294967294 waiters=0 for 270ms
05-19 11:21:45.523   303   303 W art     : Suspending all threads took: 5.824ms
05-19 11:21:45.573   303   303 I art     : Explicit concurrent mark sweep GC freed 11300(718KB) AllocSpace objects, 5(160KB) LOS objects, 33% free, 2MB/3MB, paused 8.344ms total 331.744ms
05-19 11:21:45.582   303   303 I SystemServer: User Service
05-19 11:21:45.664    58    58 I lowmemorykiller: ActivityManager connected
05-19 11:21:45.685   303   303 D SensorService: nuSensorService starting...
05-19 11:21:45.724   303   303 I SystemServiceManager: Starting com.android.server.BatteryService
05-19 11:21:45.736   303   450 D SensorService: nuSensorService thread starting...
05-19 11:21:45.744   303   449 D SensorService: new thread SensorEventAckReceiver
05-19 11:21:45.808   303   303 I SystemServiceManager: Starting com.android.server.usage.UsageStatsService
05-19 11:21:45.833   303   322 E KernelCpuSpeedReader: Failed to read cpu-freq
05-19 11:21:45.833   303   322 E KernelCpuSpeedReader: java.io.FileNotFoundException: /sys/devices/system/cpu/cpu0/cpufreq/stats/time_in_state: open failed: ENOENT (No such file or directory)
05-19 11:21:45.833   303   322 E KernelCpuSpeedReader: 	at libcore.io.IoBridge.open(IoBridge.java:452)
05-19 11:21:45.833   303   322 E KernelCpuSpeedReader: 	at java.io.FileInputStream.<init>(FileInputStream.java:76)
05-19 11:21:45.833   303   322 E KernelCpuSpeedReader: 	at java.io.FileInputStream.<init>(FileInputStream.java:103)
05-19 11:21:45.833   303   322 E KernelCpuSpeedReader: 	at java.io.FileReader.<init>(FileReader.java:66)
05-19 11:21:45.833   303   322 E KernelCpuSpeedReader: 	at com.android.internal.os.KernelCpuSpeedReader.readDelta(KernelCpuSpeedReader.java:49)
05-19 11:21:45.833   303   322 E KernelCpuSpeedReader: 	at com.android.internal.os.BatteryStatsImpl.updateCpuTimeLocked(BatteryStatsImpl.java:8003)
05-19 11:21:45.833   303   322 E KernelCpuSpeedReader: 	at com.android.internal.os.BatteryStatsImpl$MyHandler.handleMessage(BatteryStatsImpl.java:156)
05-19 11:21:45.833   303   322 E KernelCpuSpeedReader: 	at android.os.Handler.dispatchMessage(Handler.java:102)
05-19 11:21:45.833   303   322 E KernelCpuSpeedReader: 	at android.os.Looper.loop(Looper.java:148)
05-19 11:21:45.833   303   322 E KernelCpuSpeedReader: 	at android.os.HandlerThread.run(HandlerThread.java:61)
05-19 11:21:45.833   303   322 E KernelCpuSpeedReader: 	at com.android.server.ServiceThread.run(ServiceThread.java:46)
05-19 11:21:45.833   303   322 E KernelCpuSpeedReader: Caused by: android.system.ErrnoException: open failed: ENOENT (No such file or directory)
05-19 11:21:45.833   303   322 E KernelCpuSpeedReader: 	at libcore.io.Posix.open(Native Method)
05-19 11:21:45.833   303   322 E KernelCpuSpeedReader: 	at libcore.io.BlockGuardOs.open(BlockGuardOs.java:186)
05-19 11:21:45.833   303   322 E KernelCpuSpeedReader: 	at libcore.io.IoBridge.open(IoBridge.java:438)
05-19 11:21:45.833   303   322 E KernelCpuSpeedReader: 	... 10 more
05-19 11:21:45.838   303   322 E KernelUidCpuTimeReader: Failed to read uid_cputime
05-19 11:21:45.838   303   322 E KernelUidCpuTimeReader: java.io.FileNotFoundException: /proc/uid_cputime/show_uid_stat: open failed: ENOENT (No such file or directory)
05-19 11:21:45.838   303   322 E KernelUidCpuTimeReader: 	at libcore.io.IoBridge.open(IoBridge.java:452)
05-19 11:21:45.838   303   322 E KernelUidCpuTimeReader: 	at java.io.FileInputStream.<init>(FileInputStream.java:76)
05-19 11:21:45.838   303   322 E KernelUidCpuTimeReader: 	at java.io.FileInputStream.<init>(FileInputStream.java:103)
05-19 11:21:45.838   303   322 E KernelUidCpuTimeReader: 	at java.io.FileReader.<init>(FileReader.java:66)
05-19 11:21:45.838   303   322 E KernelUidCpuTimeReader: 	at com.android.internal.os.KernelUidCpuTimeReader.readDelta(KernelUidCpuTimeReader.java:71)
05-19 11:21:45.838   303   322 E KernelUidCpuTimeReader: 	at com.android.internal.os.BatteryStatsImpl.updateCpuTimeLocked(BatteryStatsImpl.java:8032)
05-19 11:21:45.838   303   322 E KernelUidCpuTimeReader: 	at com.android.internal.os.BatteryStatsImpl$MyHandler.handleMessage(BatteryStatsImpl.java:156)
05-19 11:21:45.838   303   322 E KernelUidCpuTimeReader: 	at android.os.Handler.dispatchMessage(Handler.java:102)
05-19 11:21:45.838   303   322 E KernelUidCpuTimeReader: 	at android.os.Looper.loop(Looper.java:148)
05-19 11:21:45.838   303   322 E KernelUidCpuTimeReader: 	at android.os.HandlerThread.run(HandlerThread.java:61)
05-19 11:21:45.838   303   322 E KernelUidCpuTimeReader: 	at com.android.server.ServiceThread.run(ServiceThread.java:46)
05-19 11:21:45.838   303   322 E KernelUidCpuTimeReader: Caused by: android.system.ErrnoException: open failed: ENOENT (No such file or directory)
05-19 11:21:45.838   303   322 E KernelUidCpuTimeReader: 	at libcore.io.Posix.open(Native Method)
05-19 11:21:45.838   303   322 E KernelUidCpuTimeReader: 	at libcore.io.BlockGuardOs.open(BlockGuardOs.java:186)
05-19 11:21:45.838   303   322 E KernelUidCpuTimeReader: 	at libcore.io.IoBridge.open(IoBridge.java:438)
05-19 11:21:45.838   303   322 E KernelUidCpuTimeReader: 	... 10 more
05-19 11:21:45.907   303   303 I UsageStatsDatabase: Upgrading from version 0 to 3
05-19 11:21:45.908   303   303 I UsageStatsDatabase: Deleting all usage stats files
05-19 11:21:45.963   303   303 I UsageStatsService: User[0] Rollover scheduled @ 2016-05-20 00:00:00(1463702400000)
05-19 11:21:46.000   303   303 I UsageStatsService: User[0] Flushing usage stats to disk
05-19 11:21:46.087   303   303 I SystemServiceManager: Starting com.android.server.webkit.WebViewUpdateService
05-19 11:21:46.096   303   303 I SystemServer: Reading configuration...
05-19 11:21:46.097   303   303 I SystemServer: Scheduling Policy
05-19 11:21:46.101   303   303 I SystemServiceManager: Starting com.android.server.telecom.TelecomLoaderService
05-19 11:21:46.105   303   303 I SystemServer: Telephony Registry
05-19 11:21:46.128   303   303 I SystemServer: Entropy Mixer
05-19 11:21:46.134   303   303 W EntropyMixer: No existing entropy file -- first boot?
05-19 11:21:46.158   303   303 I EntropyMixer: Writing entropy...
05-19 11:21:46.175   303   303 I SystemServer: Camera Service
05-19 11:21:46.176   303   303 I SystemServiceManager: Starting com.android.server.camera.CameraService
05-19 11:21:46.214   303   451 I ServiceThread: Enabled StrictMode logging for CameraService_proxy looper.
05-19 11:21:46.221   303   303 I SystemServer: Account Manager
05-19 11:21:46.240   303   303 I SystemServer: Content Manager
05-19 11:21:46.250   303   303 I SystemServer: System Content Providers
05-19 11:21:46.299   303   303 W System  : ClassLoader referenced unknown path: /system/priv-app/SettingsProvider/lib/arm
05-19 11:21:47.083   303   303 D SettingsProvider: Generated and saved new ANDROID_ID [59c5da5743466c9f] for user 0
05-19 11:21:47.196   303   303 I SystemServer: Vibrator Service
05-19 11:21:47.226   303   303 I SystemServer: Consumer IR Service
05-19 11:21:47.228   303   303 E ConsumerIrService: Can't open consumer IR HW Module, error: -2
05-19 11:21:47.230   303   303 I SystemServiceManager: Starting com.android.server.AlarmManagerService
05-19 11:21:47.266   303   303 I SystemServer: Init Watchdog
05-19 11:21:47.268   303   303 I SystemServer: Input Manager
05-19 11:21:47.277   303   303 I InputManager: Initializing input manager, mUseDevInputEventForAudioJack=false
05-19 11:21:47.306   303   303 I SystemServer: Window Manager
05-19 11:21:47.383   303   330 I WindowManager: No existing display settings /data/system/display_settings.xml; starting empty
05-19 11:21:47.681   303   303 I InputManager: Starting input manager
05-19 11:21:47.692   303   303 I SystemServer: No Bluetooh Service (emulator)
05-19 11:21:47.692   303   303 I SystemServer: Input Method Service
05-19 11:21:47.732   303   456 E EventHub: could not get driver version for /dev/input/mouse0, Not a typewriter
05-19 11:21:47.776   303   456 W EventHub: Unable to disable kernel key repeat for /dev/input/event0: Function not implemented
05-19 11:21:47.777   303   456 I EventHub: New device: id=1, fd=69, path='/dev/input/event0', name='qwerty2', classes=0x2d, configuration='/system/usr/idc/qwerty2.idc', keyLayout='/system/usr/keylayout/qwerty.kl', keyCharacterMap='/system/usr/keychars/qwerty2.kcm', builtinKeyboard=true, wakeMechanism=EVIOCSSUSPENDBLOCK, usingClockIoctl=true
05-19 11:21:47.778   303   456 E EventHub: could not get driver version for /dev/input/mice, Not a typewriter
05-19 11:21:47.831   303   456 I InputReader: Device added: id=-1, name='Virtual', sources=0x00000301
05-19 11:21:47.842   303   456 I InputReader:   Touch device 'qwerty2' could not query the properties of its associated display.  The device will be inoperable until the display size becomes available.
05-19 11:21:47.844   303   456 I InputReader: Device added: id=0, name='qwerty2', sources=0x00011307
05-19 11:21:48.113   303   303 W InputMethodManagerService: No IME selected. Choose the most applicable IME.
05-19 11:21:48.114   303   303 I InputMethodManagerService: Default found, using com.android.inputmethod.latin/.LatinIME
05-19 11:21:48.163   303   303 I SystemServer: Accessibility Manager
05-19 11:21:48.225   303   303 I ActivityManager: Config changes=1df8 {1.0 ?mcc?mnc en_US ldltr sw320dp w320dp h533dp 240dpi nrml long port ?uimode ?night -touch -keyb/h/h tball/v s.2}
05-19 11:21:48.267    60    60 E SurfaceFlinger: ro.sf.lcd_density must be defined as a build property
05-19 11:21:48.268    60    60 D SurfaceFlinger: Set active config mode=0, type=0 flinger=0xb6a64000
05-19 11:21:48.268    60    60 D SurfaceFlinger: Screen type=0 is already mode=0
05-19 11:21:48.276   303   456 I InputReader: Reconfiguring input devices.  changes=0x00000004
05-19 11:21:48.277   303   456 I InputReader: Device reconfigured: id=0, name='qwerty2', size 480x800, orientation 0, mode 1, display id 0
05-19 11:21:48.345   303   303 I ActivityManager: Config changes=408 {1.0 ?mcc?mnc en_US ldltr sw320dp w320dp h509dp 240dpi nrml long port ?uimode ?night finger -keyb/h/h tball/v s.3}
05-19 11:21:48.353   303   303 I SystemServiceManager: Starting com.android.server.MountService$Lifecycle
05-19 11:21:48.449   303   303 I SystemServiceManager: Starting com.android.server.UiModeManagerService
05-19 11:21:48.497   303   459 D MountService: Thinking about reset, mSystemReady=false, mDaemonConnected=true
05-19 11:21:48.502   303   459 D MountService: Thinking about reset, mSystemReady=false, mDaemonConnected=true
05-19 11:21:48.506   303   459 D CryptdConnector: SND -> {1 cryptfs getfield SystemLocale}
05-19 11:21:48.517    49    82 I Ext4Crypt: ext4 crypto complete called on /data
05-19 11:21:48.527   303   303 I ActivityManager: Config changes=200 {1.0 ?mcc?mnc en_US ldltr sw320dp w320dp h509dp 240dpi nrml long port finger -keyb/h/h tball/v s.4}
05-19 11:21:48.533    49    82 I Ext4Crypt: No master key, so not ext4enc
05-19 11:21:48.564   303   461 D CryptdConnector: RCV <- {200 1 -1}
05-19 11:21:48.584   303   303 W PackageManager: No disk maintenance in 1463656908583; running immediately
05-19 11:21:48.601   303   459 W MountService: No primary storage mounted!
05-19 11:21:48.601   303   459 D VoldConnector: SND -> {1 asec list}
05-19 11:21:48.605   303   460 D VoldConnector: RCV <- {200 1 asec operation succeeded}
05-19 11:21:48.606   303   459 I PackageManager: No secure containers found
05-19 11:21:48.608   303   459 W PackageManager: Unknown permission com.google.android.googleapps.permission.GOOGLE_AUTH in package com.android.providers.calendar
05-19 11:21:48.608   303   459 W PackageManager: Unknown permission com.google.android.googleapps.permission.GOOGLE_AUTH.cl in package com.android.providers.calendar
05-19 11:21:48.608   303   459 W PackageManager: Unknown permission android.permission.USE_CREDENTIALS in package com.android.providers.calendar
05-19 11:21:48.609   303   459 W PackageManager: Unknown permission android.permission.MANAGE_ACCOUNTS in package com.android.providers.calendar
05-19 11:21:48.609   303   459 W PackageManager: Unknown permission android.permission.SUBSCRIBED_FEEDS_READ in package com.android.providers.calendar
05-19 11:21:48.609   303   459 W PackageManager: Unknown permission android.permission.SUBSCRIBED_FEEDS_WRITE in package com.android.providers.calendar
05-19 11:21:48.615   303   303 I SystemServer: LockSettingsService
05-19 11:21:48.633   303   303 I SystemServiceManager: Starting com.android.server.DeviceIdleController
05-19 11:21:48.662   303   459 W PackageManager: Not granting permission android.permission.GLOBAL_SEARCH to package com.android.quicksearchbox (protectionLevel=18 flags=0x3888be45)
05-19 11:21:48.662   303   459 W PackageManager: Unknown permission com.android.browser.permission.READ_HISTORY_BOOKMARKS in package com.android.quicksearchbox
05-19 11:21:48.662   303   459 W PackageManager: Unknown permission android.permission.WRITE_SMS in package com.android.mms.service
05-19 11:21:48.663   303   459 W PackageManager: Not granting permission android.permission.ACCESS_DOWNLOAD_MANAGER to package com.android.browser (protectionLevel=18 flags=0x3889be45)
05-19 11:21:48.664   303   459 W PackageManager: Unknown permission android.permission.USE_CREDENTIALS in package com.android.browser
05-19 11:21:48.664   303   459 W PackageManager: Not granting permission android.permission.SEND_DOWNLOAD_COMPLETED_INTENTS to package com.android.browser (protectionLevel=2 flags=0x3889be45)
05-19 11:21:48.664   303   459 W PackageManager: Unknown permission android.permission.MANAGE_ACCOUNTS in package com.android.browser
05-19 11:21:48.664   303   459 W PackageManager: Unknown permission com.android.browser.permission.READ_HISTORY_BOOKMARKS in package com.android.browser
05-19 11:21:48.665   303   459 W PackageManager: Unknown permission com.android.browser.permission.WRITE_HISTORY_BOOKMARKS in package com.android.browser
05-19 11:21:48.666   303   459 W PackageManager: Unknown permission android.permission.MANAGE_ACCOUNTS in package com.android.contacts
05-19 11:21:48.666   303   459 W PackageManager: Unknown permission android.permission.USE_CREDENTIALS in package com.android.contacts
05-19 11:21:48.667   303   459 W PackageManager: Unknown permission com.android.launcher.permission.READ_SETTINGS in package com.android.launcher3
05-19 11:21:48.667   303   459 W PackageManager: Unknown permission com.android.launcher.permission.WRITE_SETTINGS in package com.android.launcher3
05-19 11:21:48.667   303   459 W PackageManager: Unknown permission android.permission.MANAGE_ACCOUNTS in package com.android.calendar
05-19 11:21:48.668   303   459 W PackageManager: Unknown permission android.permission.USE_CREDENTIALS in package com.android.calendar
05-19 11:21:48.668   303   459 W PackageManager: Unknown permission com.google.android.googleapps.permission.GOOGLE_AUTH.mail in package com.android.calendar
05-19 11:21:48.682   303   459 W PackageManager: Unknown permission android.permission.MANAGE_ACCOUNTS in package com.android.dialer
05-19 11:21:48.683   303   459 W PackageManager: Unknown permission android.permission.USE_CREDENTIALS in package com.android.dialer
05-19 11:21:48.686   303   459 W PackageManager: Not granting permission android.permission.DELETE_PACKAGES to package com.svox.pico (protectionLevel=18 flags=0x3888be45)
05-19 11:21:48.687   303   459 W PackageManager: Not granting permission android.permission.READ_CONTACTS to package com.example.android.apis because it was previously installed without
05-19 11:21:48.688   303   459 W PackageManager: Not granting permission android.permission.WRITE_CONTACTS to package com.example.android.apis because it was previously installed without
05-19 11:21:48.688   303   459 W PackageManager: Not granting permission android.permission.ACCESS_COARSE_LOCATION to package com.example.android.apis because it was previously installed without
05-19 11:21:48.689   303   459 W PackageManager: Not granting permission android.permission.WRITE_EXTERNAL_STORAGE to package com.example.android.apis because it was previously installed without
05-19 11:21:48.689   303   459 W PackageManager: Not granting permission android.permission.SEND_SMS to package com.example.android.apis because it was previously installed without
05-19 11:21:48.689   303   459 W PackageManager: Not granting permission android.permission.RECEIVE_SMS to package com.example.android.apis because it was previously installed without
05-19 11:21:48.700   303   459 W PackageManager: Not granting permission android.permission.RECEIVE_MMS to package com.example.android.apis because it was previously installed without
05-19 11:21:48.700   303   459 W PackageManager: Unknown permission android.permission.WRITE_SMS in package com.example.android.apis
05-19 11:21:48.700   303   459 W PackageManager: Not granting permission android.permission.READ_SMS to package com.example.android.apis because it was previously installed without
05-19 11:21:48.700   303   459 W PackageManager: Not granting permission android.permission.READ_PHONE_STATE to package com.example.android.apis because it was previously installed without
05-19 11:21:48.701   303   459 W PackageManager: Not granting permission android.permission.RECORD_AUDIO to package com.example.android.apis because it was previously installed without
05-19 11:21:48.701   303   459 W PackageManager: Not granting permission android.permission.CAMERA to package com.example.android.apis because it was previously installed without
05-19 11:21:48.701   303   459 W PackageManager: Not granting permission android.permission.READ_EXTERNAL_STORAGE to package com.example.android.apis because it was previously installed without
05-19 11:21:48.702   303   459 W PackageManager: Unknown permission android.permission.USE_CREDENTIALS in package com.android.inputmethod.latin
05-19 11:21:48.703   303   459 W PackageManager: Unknown permission android.permission.MANAGE_ACCOUNTS in package com.android.managedprovisioning
05-19 11:21:48.730   303   459 W PackageManager: Unknown permission android.permission.USE_CREDENTIALS in package com.android.settings
05-19 11:21:48.730   303   459 W PackageManager: Unknown permission com.google.android.googleapps.permission.GOOGLE_AUTH in package com.android.settings
05-19 11:21:48.732   303   459 W PackageManager: Unknown permission com.android.launcher.permission.READ_SETTINGS in package com.android.settings
05-19 11:21:48.733   303   459 W PackageManager: Unknown permission com.android.launcher.permission.WRITE_SETTINGS in package com.android.settings
05-19 11:21:48.739   303   459 W PackageManager: Unknown permission android.permission.MANAGE_ACCOUNTS in package com.android.email
05-19 11:21:48.739   303   459 W PackageManager: Unknown permission android.permission.AUTHENTICATE_ACCOUNTS in package com.android.email
05-19 11:21:48.760   303   459 W PackageManager: Unknown permission android.permission.USE_CREDENTIALS in package com.android.email
05-19 11:21:48.763   303   459 W PackageManager: Unknown permission android.permission.WRITE_SMS in package com.android.phone
05-19 11:21:48.766   303   459 W PackageManager: Unknown permission com.android.smspush.WAPPUSH_MANAGER_BIND in package com.android.phone
05-19 11:21:48.769   303   459 W PackageManager: Unknown permission android.permission.AUTHENTICATE_ACCOUNTS in package com.android.phone
05-19 11:21:48.769   303   459 W PackageManager: Unknown permission android.permission.MANAGE_ACCOUNTS in package com.android.phone
05-19 11:21:48.841   303   459 W PackageManager: Unknown permission android.permission.MANAGE_ACCOUNTS in package com.android.systemui
05-19 11:21:48.843   303   459 W PackageManager: Unknown permission android.permission.MANAGE_ACCOUNTS in package com.android.exchange
05-19 11:21:48.844   303   459 W PackageManager: Unknown permission android.permission.AUTHENTICATE_ACCOUNTS in package com.android.exchange
05-19 11:21:48.844   303   459 W PackageManager: Unknown permission android.permission.USE_CREDENTIALS in package com.android.exchange
05-19 11:21:48.846   303   459 W PackageManager: Unknown permission android.permission.MANAGE_ACCOUNTS in package com.android.development
05-19 11:21:48.848   303   459 W PackageManager: Unknown permission android.permission.USE_CREDENTIALS in package com.android.development
05-19 11:21:48.848   303   459 W PackageManager: Unknown permission com.google.android.googleapps.permission.ACCESS_GOOGLE_PASSWORD in package com.android.development
05-19 11:21:48.849   303   459 W PackageManager: Unknown permission com.google.android.googleapps.permission.GOOGLE_AUTH in package com.android.development
05-19 11:21:48.849   303   459 W PackageManager: Unknown permission com.google.android.googleapps.permission.GOOGLE_AUTH.ALL_SERVICES in package com.android.development
05-19 11:21:48.849   303   459 W PackageManager: Unknown permission com.google.android.googleapps.permission.GOOGLE_AUTH.YouTubeUser in package com.android.development
05-19 11:21:48.861   303   459 W PackageManager: Not granting permission android.permission.BIND_APPWIDGET to package com.android.widgetpreview (protectionLevel=18 flags=0x1808be44)
05-19 11:21:49.172   303   321 I SyncManager: No initial accounts
05-19 11:21:49.174   303   321 I SyncManager: No initial status
05-19 11:21:49.178   303   321 I SyncManager: No initial statistics
05-19 11:21:49.281   303   314 I art     : Background sticky concurrent mark sweep GC freed 15241(1236KB) AllocSpace objects, 6(120KB) LOS objects, 13% free, 3MB/3MB, paused 17.315ms total 1.771s
05-19 11:21:49.290   303   303 W art     : Long monitor contention event with owner method=void com.android.server.pm.PackageManagerService.loadMediaPackages(android.util.ArrayMap, int[]) from PackageManagerService.java:15497 waiters=0 for 618ms
05-19 11:21:49.294   303   459 W MountService: No primary storage defined yet; hacking together a stub
05-19 11:21:49.297   303   459 W MountService: No primary storage defined yet; hacking together a stub
05-19 11:21:49.301   303   459 W MountService: No primary storage mounted!
05-19 11:21:49.301   303   459 D VoldConnector: SND -> {2 asec list}
05-19 11:21:49.303   303   460 D VoldConnector: RCV <- {200 2 asec operation succeeded}
05-19 11:21:49.335   303   459 I MountService: Running fstrim idle maintenance
05-19 11:21:49.338   303   459 D VoldConnector: SND -> {3 fstrim dotrim}
05-19 11:21:49.351   303   303 I SystemServiceManager: Starting com.android.server.devicepolicy.DevicePolicyManagerService$Lifecycle
05-19 11:21:49.369   303   460 D VoldConnector: RCV <- {200 3 Command succeeded}
05-19 11:21:49.378    49   462 D vold    : Starting trim of /data
05-19 11:21:49.379    49   462 W vold    : Trim failed on /data: Operation not supported on transport endpoint
05-19 11:21:49.380    49   462 D vold    : Starting trim of /cache
05-19 11:21:49.380    49   462 W vold    : Trim failed on /cache: Operation not supported on transport endpoint
05-19 11:21:49.411   303   460 D VoldConnector: RCV <- {662 /data -1 -1}
05-19 11:21:49.420   303   460 D VoldConnector: RCV <- {662 /cache -1 -1}
05-19 11:21:49.424   303   324 E VoldConnector: Error handling '662 /data -1 -1': java.lang.NullPointerException: Attempt to invoke virtual method 'void android.os.DropBoxManager.addText(java.lang.String, java.lang.String)' on a null object reference
05-19 11:21:49.429   303   324 E VoldConnector: Error handling '662 /cache -1 -1': java.lang.NullPointerException: Attempt to invoke virtual method 'void android.os.DropBoxManager.addText(java.lang.String, java.lang.String)' on a null object reference
05-19 11:21:49.434   303   303 I SystemServer: Status Bar
05-19 11:21:49.446   303   303 I SystemServer: Clipboard Service
05-19 11:21:49.454   303   303 I SystemServer: NetworkManagement Service
05-19 11:21:49.503   303   303 I SystemServer: Text Service Manager Service
05-19 11:21:49.541   303   303 I SystemServer: Network Score Service
05-19 11:21:49.547   303   303 I SystemServer: NetworkStats Service
05-19 11:21:49.598   303   303 I SystemServer: NetworkPolicy Service
05-19 11:21:49.699   303   303 I SystemServiceManager: Starting com.android.server.wifi.p2p.WifiP2pService
05-19 11:21:49.930   303   303 I WifiP2pService: Registering wifip2p
05-19 11:21:49.938   303   303 I SystemServiceManager: Starting com.android.server.wifi.WifiService
05-19 11:21:50.129   303   314 I art     : Background partial concurrent mark sweep GC freed 2598(285KB) AllocSpace objects, 3(60KB) LOS objects, 33% free, 3MB/5MB, paused 3.072ms total 272.602ms
05-19 11:21:50.367   303   303 W art     : Verification of void com.android.server.wifi.WifiStateMachine.calculateWifiScore(android.net.wifi.WifiLinkLayerStats) took 103.020ms
05-19 11:21:51.178   303   303 D HS20    : Passpoint is disabled
05-19 11:21:51.276   303   303 D WifiController: isAirplaneModeOn = false, isWifiEnabled = false, isScanningAvailable = false
05-19 11:21:51.286   303   303 I WifiService: Registering wifi
05-19 11:21:51.293   303   303 I SystemServiceManager: Starting com.android.server.wifi.WifiScanningService
05-19 11:21:51.293   303   303 I WifiScanningService: Creating wifiscanner
05-19 11:21:51.294   303   303 I WifiScanningService: Starting wifiscanner
05-19 11:21:51.299   303   303 I SystemServiceManager: Starting com.android.server.wifi.RttService
05-19 11:21:51.299   303   303 I RttService: Creating rttmanager
05-19 11:21:51.301   303   303 I RttService: Starting rttmanager
05-19 11:21:51.304   303   303 I SystemServer: Connectivity Service
05-19 11:21:51.314   303   303 D ConnectivityService: ConnectivityService starting up
05-19 11:21:51.360   303   303 D ConnectivityService: wifiOnly=false
05-19 11:21:51.394   303   303 I SystemServer: Network Service Discovery Service
05-19 11:21:51.427   303   303 D NsdService: Network service discovery enabled true
05-19 11:21:51.436   303   469 D WifiApConfigStore: 2G band allowed channels are:1,6,11
05-19 11:21:51.453   303   303 I SystemServer: UpdateLock Service
05-19 11:21:51.528   303   303 I SystemServiceManager: Starting com.android.server.notification.NotificationManagerService
05-19 11:21:51.681   303   303 I SystemServiceManager: Starting com.android.server.storage.DeviceStorageMonitorService
05-19 11:21:51.695   303   303 I SystemServer: Location Manager
05-19 11:21:51.709   303   303 I SystemServer: Country Detector
05-19 11:21:51.713   303   303 I SystemServer: Search Service
05-19 11:21:51.722   303   303 I SystemServer: DropBox Service
05-19 11:21:51.728   303   303 I SystemServer: Wallpaper Service
05-19 11:21:51.759   303   303 W WallpaperManagerService: no current wallpaper -- first boot?
05-19 11:21:51.762   303   303 I SystemServer: Audio Service
05-19 11:21:51.799   303   303 W TelecomManager: Telecom Service not found.
05-19 11:21:51.866    72   150 E AudioFlinger: no wake lock to update!
05-19 11:21:51.878    72   152 D PermissionCache: checking android.permission.MODIFY_AUDIO_SETTINGS for uid=1000 => granted (4568 us)
05-19 11:21:52.083   303   303 I SystemServiceManager: Starting com.android.server.DockObserver
05-19 11:21:52.087   303   303 W DockObserver: This kernel does not have dock station support
05-19 11:21:52.112   303   303 I SystemServer: Wired Accessory Manager
05-19 11:21:52.130   303   303 W WiredAccessoryManager: This kernel does not have wired headset support
05-19 11:21:52.131   303   303 W WiredAccessoryManager: This kernel does not have usb audio support
05-19 11:21:52.133   303   303 W WiredAccessoryManager: This kernel does not have HDMI audio support
05-19 11:21:52.134   303   303 I SystemServiceManager: Starting com.android.server.midi.MidiService$Lifecycle
05-19 11:21:52.143   303   303 I SystemServer: Serial Service
05-19 11:21:52.146   303   303 I SystemServiceManager: Starting com.android.server.twilight.TwilightService
05-19 11:21:52.190   303   303 I SystemServiceManager: Starting com.android.server.job.JobSchedulerService
05-19 11:21:52.273   303   303 I SystemServiceManager: Starting com.android.server.backup.BackupManagerService$Lifecycle
05-19 11:21:52.282   303   303 I SystemServiceManager: Starting com.android.server.appwidget.AppWidgetService
05-19 11:21:52.307   303   303 I SystemServiceManager: Starting com.android.server.voiceinteraction.VoiceInteractionManagerService
05-19 11:21:52.314    72    72 D PermissionCache: checking android.permission.CAPTURE_AUDIO_HOTWORD for uid=1000 => granted (915 us)
05-19 11:21:52.317   303   303 W SoundTriggerHelper: listModules status=0, # of modules=0
05-19 11:21:52.355   303   303 I SystemServer: DiskStats Service
05-19 11:21:52.358   303   303 I SystemServer: SamplingProfiler Service
05-19 11:21:52.376   303   303 I SystemServer: NetworkTimeUpdateService
05-19 11:21:52.379   303   303 I SystemServer: CommonTimeManagementService
05-19 11:21:52.397   303   303 I SystemServer: CertBlacklister
05-19 11:21:52.431   303   303 I SystemServiceManager: Starting com.android.server.dreams.DreamManagerService
05-19 11:21:52.441   303   303 I SystemServer: Assets Atlas Service
05-19 11:21:52.467   303   303 I SystemServiceManager: Starting com.android.server.print.PrintManagerService
05-19 11:21:52.486   303   484 D AssetAtlas: Computing best atlas configuration...
05-19 11:21:52.520   303   484 D AssetAtlas: Running Thread-53
05-19 11:21:52.530   303   303 I SystemServiceManager: Starting com.android.server.restrictions.RestrictionsManagerService
05-19 11:21:52.563   303   303 I SystemServiceManager: Starting com.android.server.media.MediaSessionService
05-19 11:21:52.612   303   303 I SystemServer: Media Router Service
05-19 11:21:52.619   303   303 I SystemServiceManager: Starting com.android.server.trust.TrustManagerService
05-19 11:21:52.626   303   484 D AssetAtlas: Found best atlas configuration (out of 80) in 0.07s
05-19 11:21:52.649   303   303 I SystemServiceManager: Starting com.android.server.fingerprint.FingerprintService
05-19 11:21:52.652   303   484 D AssetAtlas: Loaded configuration: SliceMinArea (832x2048) flags=0x2 count=6
05-19 11:21:52.735    80    80 D PermissionCache: checking android.permission.MANAGE_FINGERPRINT for uid=1000 => granted (7663 us)
05-19 11:21:52.739    80    80 V fingerprintd: nativeOpenHal()
05-19 11:21:52.765   303   484 D gralloc_goldfish: Emulator without GPU emulation detected.
05-19 11:21:52.778    80    80 D FingerprintHal: fingerprint open
05-19 11:21:52.790   485   485 W fingerprintd: type=1400 audit(0.0:5): avc: denied { write } for name="/" dev="mtdblock1" ino=2 scontext=u:r:fingerprintd:s0 tcontext=u:object_r:system_data_file:s0 tclass=dir permissive=0
05-19 11:21:52.793    80    80 D FingerprintHal: set_notify
05-19 11:21:52.793    80    80 V fingerprintd: fingerprint HAL successfully initialized
05-19 11:21:52.909   303   303 I SELinux : SELinux: Loaded file_contexts contexts from /file_contexts.
05-19 11:21:52.941    80    80 V fingerprintd: setActiveGroup(0, /data/system/users/0/fpdata, 27)
05-19 11:21:52.942   303   303 V FingerprintService: Fingerprint HAL id: -1229520896
05-19 11:21:52.943   303   303 I SystemServer: BackgroundDexOptService
05-19 11:21:52.952   303   484 W AssetAtlasService: Could not find EGL configuration
05-19 11:21:52.958   303   484 D AssetAtlas: Rendered atlas in 129.65ms (63.37+66.28ms)
05-19 11:21:52.964   303   303 I SystemServiceManager: Starting com.android.server.pm.LauncherAppsService
05-19 11:21:52.971   303   303 I SystemServiceManager: Starting com.android.server.media.projection.MediaProjectionManagerService
05-19 11:21:53.062   303   303 I WindowManager: SAFE MODE not enabled
05-19 11:21:53.078   303   303 I SystemServiceManager: Starting com.android.server.MmsServiceBroker
05-19 11:21:53.229   303   314 I art     : Background sticky concurrent mark sweep GC freed 7996(514KB) AllocSpace objects, 1(20KB) LOS objects, 0% free, 10MB/10MB, paused 7.536ms total 407.088ms
05-19 11:21:53.406   303   303 E SQLiteLog: (1) no such table: locksettings
05-19 11:21:53.476   303   303 I LockSettingsService: Migrated lock settings to new location
05-19 11:21:53.510   303   303 I LockSettingsService: Migrated per-user lock settings to new location
05-19 11:21:53.556   303   303 I LockSettingsService: Migrated biometric weak to use the fallback instead
05-19 11:21:53.566   303   314 I art     : Background partial concurrent mark sweep GC freed 830(56KB) AllocSpace objects, 1(6MB) LOS objects, 33% free, 3MB/5MB, paused 4.879ms total 321.777ms
05-19 11:21:53.575   303   303 I LockSettingsService: Migrated lockscreen disabled flag
05-19 11:21:53.607   303   303 E LockSettingsStorage: Cannot read file java.io.FileNotFoundException: /data/system/gatekeeper.password.key: open failed: ENOENT (No such file or directory)
05-19 11:21:53.609   303   303 E LockSettingsStorage: Cannot read file java.io.FileNotFoundException: /data/system/password.key: open failed: ENOENT (No such file or directory)
05-19 11:21:53.610   303   303 E LockSettingsStorage: Cannot read file java.io.FileNotFoundException: /data/system/gatekeeper.pattern.key: open failed: ENOENT (No such file or directory)
05-19 11:21:53.611   303   303 E LockSettingsStorage: Cannot read file java.io.FileNotFoundException: /data/system/gatekeeper.gesture.key: open failed: ENOENT (No such file or directory)
05-19 11:21:53.612   303   303 E LockSettingsStorage: Cannot read file java.io.FileNotFoundException: /data/system/gesture.key: open failed: ENOENT (No such file or directory)
05-19 11:21:53.613   303   303 I SystemServiceManager: Starting phase 480
05-19 11:21:53.633   303   303 I SystemServiceManager: Starting phase 500
05-19 11:21:53.660   303   303 I WifiService: WifiService starting up with Wi-Fi disabled
05-19 11:21:53.725   303   470 D WifiService: New client listening to asynchronous messages
05-19 11:21:53.737   303   303 I WifiScanningService: Registering wifiscanner
05-19 11:21:53.780   303   303 I RttService: Registering rttmanager
05-19 11:21:53.827   303   303 V BackupManagerService: No ancestral data
05-19 11:21:53.943   303   303 V KeyValueBackupJob: Scheduling k/v pass in 243 minutes
05-19 11:21:53.973   303   303 V BackupManagerService: Starting with transport android/com.android.internal.backup.LocalTransport
05-19 11:21:53.974   303   303 V BackupManagerService: Found transports: 1
05-19 11:21:54.213   303   303 I DefaultPermGrantPolicy: Granting permissions to platform components for user 0
05-19 11:21:54.219   303   303 D VoldConnector: SND -> {4 volume remount_uid 1001 none}
05-19 11:21:54.233    49    81 D vold    : Remounting 1001 as mode none
05-19 11:21:54.234    49    81 E vold    : Failed to readlink: No such file or directory
05-19 11:21:54.235   303   460 D VoldConnector: RCV <- {400 4 Command failed}
05-19 11:21:54.239   303   303 W MountService: Failed to remount UID 1001 as none: com.android.server.NativeDaemonConnector$NativeDaemonFailureException: command '4 volume remount_uid 1001 none' failed with '400 4 Command failed'
05-19 11:21:54.290   303   303 D VoldConnector: SND -> {5 volume remount_uid 1001 none}
05-19 11:21:54.293    49    81 D vold    : Remounting 1001 as mode none
05-19 11:21:54.293    49    81 E vold    : Failed to readlink: No such file or directory
05-19 11:21:54.294   303   460 D VoldConnector: RCV <- {400 5 Command failed}
05-19 11:21:54.295   303   303 W MountService: Failed to remount UID 1001 as none: com.android.server.NativeDaemonConnector$NativeDaemonFailureException: command '5 volume remount_uid 1001 none' failed with '400 5 Command failed'
05-19 11:21:54.299   303   303 D VoldConnector: SND -> {6 volume remount_uid 1000 none}
05-19 11:21:54.317   303   322 E KernelCpuSpeedReader: Failed to read cpu-freq
05-19 11:21:54.317   303   322 E KernelCpuSpeedReader: java.io.FileNotFoundException: /sys/devices/system/cpu/cpu0/cpufreq/stats/time_in_state: open failed: ENOENT (No such file or directory)
05-19 11:21:54.317   303   322 E KernelCpuSpeedReader: 	at libcore.io.IoBridge.open(IoBridge.java:452)
05-19 11:21:54.317   303   322 E KernelCpuSpeedReader: 	at java.io.FileInputStream.<init>(FileInputStream.java:76)
05-19 11:21:54.317   303   322 E KernelCpuSpeedReader: 	at java.io.FileInputStream.<init>(FileInputStream.java:103)
05-19 11:21:54.317   303   322 E KernelCpuSpeedReader: 	at java.io.FileReader.<init>(FileReader.java:66)
05-19 11:21:54.317   303   322 E KernelCpuSpeedReader: 	at com.android.internal.os.KernelCpuSpeedReader.readDelta(KernelCpuSpeedReader.java:49)
05-19 11:21:54.317   303   322 E KernelCpuSpeedReader: 	at com.android.internal.os.BatteryStatsImpl.updateCpuTimeLocked(BatteryStatsImpl.java:8003)
05-19 11:21:54.317   303   322 E KernelCpuSpeedReader: 	at com.android.internal.os.BatteryStatsImpl$MyHandler.handleMessage(BatteryStatsImpl.java:156)
05-19 11:21:54.317   303   322 E KernelCpuSpeedReader: 	at android.os.Handler.dispatchMessage(Handler.java:102)
05-19 11:21:54.317   303   322 E KernelCpuSpeedReader: 	at android.os.Looper.loop(Looper.java:148)
05-19 11:21:54.317   303   322 E KernelCpuSpeedReader: 	at android.os.HandlerThread.run(HandlerThread.java:61)
05-19 11:21:54.317   303   322 E KernelCpuSpeedReader: 	at com.android.server.ServiceThread.run(ServiceThread.java:46)
05-19 11:21:54.317   303   322 E KernelCpuSpeedReader: Caused by: android.system.ErrnoException: open failed: ENOENT (No such file or directory)
05-19 11:21:54.317   303   322 E KernelCpuSpeedReader: 	at libcore.io.Posix.open(Native Method)
05-19 11:21:54.317   303   322 E KernelCpuSpeedReader: 	at libcore.io.BlockGuardOs.open(BlockGuardOs.java:186)
05-19 11:21:54.317   303   322 E KernelCpuSpeedReader: 	at libcore.io.IoBridge.open(IoBridge.java:438)
05-19 11:21:54.317   303   322 E KernelCpuSpeedReader: 	... 10 more
05-19 11:21:54.321    49    81 D vold    : Remounting 1000 as mode none
05-19 11:21:54.321    49    81 E vold    : Failed to readlink: No such file or directory
05-19 11:21:54.322   303   460 D VoldConnector: RCV <- {400 6 Command failed}
05-19 11:21:54.324   303   303 W MountService: Failed to remount UID 1000 as none: com.android.server.NativeDaemonConnector$NativeDaemonFailureException: command '6 volume remount_uid 1000 none' failed with '400 6 Command failed'
05-19 11:21:54.325   303   303 D VoldConnector: SND -> {7 volume remount_uid 1000 none}
05-19 11:21:54.326    49    81 D vold    : Remounting 1000 as mode none
05-19 11:21:54.326    49    81 E vold    : Failed to readlink: No such file or directory
05-19 11:21:54.327   303   460 D VoldConnector: RCV <- {400 7 Command failed}
05-19 11:21:54.328   303   303 W MountService: Failed to remount UID 1000 as none: com.android.server.NativeDaemonConnector$NativeDaemonFailureException: command '7 volume remount_uid 1000 none' failed with '400 7 Command failed'
05-19 11:21:54.373   303   322 E KernelUidCpuTimeReader: Failed to read uid_cputime
05-19 11:21:54.373   303   322 E KernelUidCpuTimeReader: java.io.FileNotFoundException: /proc/uid_cputime/show_uid_stat: open failed: ENOENT (No such file or directory)
05-19 11:21:54.373   303   322 E KernelUidCpuTimeReader: 	at libcore.io.IoBridge.open(IoBridge.java:452)
05-19 11:21:54.373   303   322 E KernelUidCpuTimeReader: 	at java.io.FileInputStream.<init>(FileInputStream.java:76)
05-19 11:21:54.373   303   322 E KernelUidCpuTimeReader: 	at java.io.FileInputStream.<init>(FileInputStream.java:103)
05-19 11:21:54.373   303   322 E KernelUidCpuTimeReader: 	at java.io.FileReader.<init>(FileReader.java:66)
05-19 11:21:54.373   303   322 E KernelUidCpuTimeReader: 	at com.android.internal.os.KernelUidCpuTimeReader.readDelta(KernelUidCpuTimeReader.java:71)
05-19 11:21:54.373   303   322 E KernelUidCpuTimeReader: 	at com.android.internal.os.BatteryStatsImpl.updateCpuTimeLocked(BatteryStatsImpl.java:8032)
05-19 11:21:54.373   303   322 E KernelUidCpuTimeReader: 	at com.android.internal.os.BatteryStatsImpl$MyHandler.handleMessage(BatteryStatsImpl.java:156)
05-19 11:21:54.373   303   322 E KernelUidCpuTimeReader: 	at android.os.Handler.dispatchMessage(Handler.java:102)
05-19 11:21:54.373   303   322 E KernelUidCpuTimeReader: 	at android.os.Looper.loop(Looper.java:148)
05-19 11:21:54.373   303   322 E KernelUidCpuTimeReader: 	at android.os.HandlerThread.run(HandlerThread.java:61)
